../Drivers/Commander-API-3.0.0/src/Commander-API.cpp:43:6:void Commander::attachTreeFunction(Commander::systemCommand_t*, uint32_t)	80	static
../Drivers/Commander-API-3.0.0/src/Commander-API.cpp:62:6:bool Commander::init()	16	static
../Drivers/Commander-API-3.0.0/src/Commander-API.cpp:66:6:bool Commander::enablePipeModuleFunc(char*, int, commanderPipeChannel*)	24	static
../Drivers/Commander-API-3.0.0/src/Commander-API.cpp:87:6:bool Commander::executeCommand(const char*)	48	static
../Drivers/Commander-API-3.0.0/src/Commander-API.cpp:399:6:bool Commander::execute(const char*, Stream*, CommandCaller*)	24	static
../Drivers/Commander-API-3.0.0/src/Commander-API.cpp:434:6:void Commander::attachDebugChannel(Stream*)	16	static
../Drivers/Commander-API-3.0.0/src/Commander-API.cpp:438:6:static void Commander::setDebugLevel(Commander::debugLevel_t)	16	static
../Drivers/Commander-API-3.0.0/src/Commander-API.cpp:442:6:void Commander::printHelp(Stream*, bool, bool)	40	static
../Drivers/Commander-API-3.0.0/src/Commander-API.cpp:495:5:int Commander::hasChar(const char*, char, bool)	32	static
../Drivers/Commander-API-3.0.0/src/Commander-API.cpp:527:5:int Commander::hasChar(const char*, char, int, bool)	40	static
../Drivers/Commander-API-3.0.0/src/Commander-API.cpp:555:6:void Commander::enableFormatting()	16	static
../Drivers/Commander-API-3.0.0/src/Commander-API.cpp:558:6:void Commander::disableFormatting()	16	static
../Drivers/Commander-API-3.0.0/src/Commander-API.cpp:562:6:static void Commander::printArgumentError(Stream*)	16	static
../Drivers/Commander-API-3.0.0/src/Commander-API.cpp:575:6:static void Commander::attachVariablesFunction(Commander::systemVariable_t*, uint32_t)	120	static
../Drivers/Commander-API-3.0.0/src/Commander-API.cpp:585:30:static Commander::systemVariable_t* Commander::getSystemVariable(const char*)	16	static
../Drivers/Commander-API-3.0.0/src/Commander-API.cpp:589:6:static void Commander::printSystemVariable(Stream*, const char*, int)	40	static
../Drivers/Commander-API-3.0.0/src/Commander-API.cpp:622:6:static void Commander::printSystemVariables(Stream*)	32	static
../Drivers/Commander-API-3.0.0/src/Commander-API.cpp:666:6:static bool Commander::inString(const char*, int)	24	static
../Drivers/Commander-API-3.0.0/src/Commander-API.cpp:704:6:void Commander::update(char*, int, Stream*)	32	static
../Drivers/Commander-API-3.0.0/src/Commander-API.cpp:768:5:static int Commander::floatToString(float, char*, int)	56	static
../Drivers/Commander-API-3.0.0/src/Commander-API.cpp:829:6:void Commander::printBrokenPipe()	40	static
../Drivers/Commander-API-3.0.0/src/Commander-API.cpp:899:6:bool Commander::commandExists(const char*, Commander::systemCommand_t**)	32	static
../Drivers/Commander-API-3.0.0/src/Commander-API.cpp:914:13:const char* Commander::getHint(int, bool)	24	static
../Drivers/Commander-API-3.0.0/src/Commander-API.cpp:928:5:int Commander::generateHint(const char*, char*, int)	48	static
../Drivers/Commander-API-3.0.0/src/Commander-Database.hpp:230:1:CommanderDatabase<T>::CommanderDatabase(CommanderDatabase<T>::dataRecord_t*, uint16_t) [with T = Commander::API_t]	24	static
../Drivers/Commander-API-3.0.0/src/Commander-Database.hpp:250:6:void CommanderDatabase<T>::setDebugLevel(CommanderDatabase<T>::debugLevel_t) [with T = Commander::API_t]	16	static
../Drivers/Commander-API-3.0.0/src/Commander-Database.hpp:245:6:void CommanderDatabase<T>::attachDebugChannel(Stream*) [with T = Commander::API_t]	16	static
../Drivers/Commander-API-3.0.0/src/Commander-Database.hpp:492:6:bool CommanderDatabase<T>::init() [with T = Commander::API_t]	72	static
../Drivers/Commander-API-3.0.0/src/Commander-Database.hpp:592:48:CommanderDatabase<T>::dataRecord_t* CommanderDatabase<T>::operator[](const char*) [with T = Commander::API_t]	32	static
../Drivers/Commander-API-3.0.0/src/Commander-Database.hpp:638:10:uint16_t CommanderDatabase<T>::getSize() [with T = Commander::API_t]	16	static
../Drivers/Commander-API-3.0.0/src/Commander-Database.hpp:275:10:uint16_t CommanderDatabase<T>::findIndexByPlace(uint16_t) [with T = Commander::API_t]	24	static
../Drivers/Commander-API-3.0.0/src/Commander-Database.hpp:580:48:CommanderDatabase<T>::dataRecord_t* CommanderDatabase<T>::operator[](int) [with T = Commander::API_t]	16	static
../Drivers/Commander-API-3.0.0/src/Commander-Database.hpp:215:1:CommanderDatabase<T>::CommanderDatabase() [with T = Commander::systemVariableData_t]	16	static
../Drivers/Commander-API-3.0.0/src/Commander-Database.hpp:230:1:CommanderDatabase<T>::CommanderDatabase(CommanderDatabase<T>::dataRecord_t*, uint16_t) [with T = Commander::systemVariableData_t]	24	static
../Drivers/Commander-API-3.0.0/src/Commander-Database.hpp:250:6:void CommanderDatabase<T>::setDebugLevel(CommanderDatabase<T>::debugLevel_t) [with T = Commander::systemVariableData_t]	16	static
../Drivers/Commander-API-3.0.0/src/Commander-Database.hpp:492:6:bool CommanderDatabase<T>::init() [with T = Commander::systemVariableData_t]	64	static
../Drivers/Commander-API-3.0.0/src/Commander-Database.hpp:592:48:CommanderDatabase<T>::dataRecord_t* CommanderDatabase<T>::operator[](const char*) [with T = Commander::systemVariableData_t]	32	static
../Drivers/Commander-API-3.0.0/src/Commander-Database.hpp:638:10:uint16_t CommanderDatabase<T>::getSize() [with T = Commander::systemVariableData_t]	16	static
../Drivers/Commander-API-3.0.0/src/Commander-Database.hpp:580:48:CommanderDatabase<T>::dataRecord_t* CommanderDatabase<T>::operator[](int) [with T = Commander::systemVariableData_t]	16	static
../Drivers/Commander-API-3.0.0/src/Commander-Database.hpp:710:5:int CommanderDatabase<T>::completeFragment(const char*, char*, int) [with T = Commander::API_t]	48	static
../Drivers/Commander-API-3.0.0/src/Commander-Database.hpp:255:5:int CommanderDatabase<T>::strcmpElementElementRegular(CommanderDatabase<T>::dataRecord_t*, CommanderDatabase<T>::dataRecord_t*) [with T = Commander::API_t]	24	static
../Drivers/Commander-API-3.0.0/src/Commander-Database.hpp:260:5:int CommanderDatabase<T>::strcmpElementCharArrayRegular(CommanderDatabase<T>::dataRecord_t*, const char*) [with T = Commander::API_t]	24	static
../Drivers/Commander-API-3.0.0/src/Commander-Database.hpp:265:5:int CommanderDatabase<T>::strncmpElementElementRegular(CommanderDatabase<T>::dataRecord_t*, CommanderDatabase<T>::dataRecord_t*, size_t) [with T = Commander::API_t]	24	static
../Drivers/Commander-API-3.0.0/src/Commander-Database.hpp:270:5:int CommanderDatabase<T>::strncmpElementCharArrayRegular(CommanderDatabase<T>::dataRecord_t*, const char*, size_t) [with T = Commander::API_t]	24	static
../Drivers/Commander-API-3.0.0/src/Commander-Database.hpp:322:6:bool CommanderDatabase<T>::optimizeDataTree() [with T = Commander::API_t]	56	static
../Drivers/Commander-API-3.0.0/src/Commander-Database.hpp:255:5:int CommanderDatabase<T>::strcmpElementElementRegular(CommanderDatabase<T>::dataRecord_t*, CommanderDatabase<T>::dataRecord_t*) [with T = Commander::systemVariableData_t]	24	static
../Drivers/Commander-API-3.0.0/src/Commander-Database.hpp:260:5:int CommanderDatabase<T>::strcmpElementCharArrayRegular(CommanderDatabase<T>::dataRecord_t*, const char*) [with T = Commander::systemVariableData_t]	24	static
../Drivers/Commander-API-3.0.0/src/Commander-Database.hpp:265:5:int CommanderDatabase<T>::strncmpElementElementRegular(CommanderDatabase<T>::dataRecord_t*, CommanderDatabase<T>::dataRecord_t*, size_t) [with T = Commander::systemVariableData_t]	24	static
../Drivers/Commander-API-3.0.0/src/Commander-Database.hpp:270:5:int CommanderDatabase<T>::strncmpElementCharArrayRegular(CommanderDatabase<T>::dataRecord_t*, const char*, size_t) [with T = Commander::systemVariableData_t]	24	static
../Drivers/Commander-API-3.0.0/src/Commander-Database.hpp:322:6:bool CommanderDatabase<T>::optimizeDataTree() [with T = Commander::systemVariableData_t]	56	static
../Drivers/Commander-API-3.0.0/src/Commander-Database.hpp:643:5:int CommanderDatabase<T>::strcmpDB(const char*, const char*) [with T = Commander::API_t]	40	static
../Drivers/Commander-API-3.0.0/src/Commander-Database.hpp:673:5:int CommanderDatabase<T>::strncmpDB(const char*, const char*, size_t) [with T = Commander::API_t]	40	static
../Drivers/Commander-API-3.0.0/src/Commander-Database.hpp:299:6:void CommanderDatabase<T>::swapElements(uint16_t, uint16_t) [with T = Commander::API_t]	56	static
../Drivers/Commander-API-3.0.0/src/Commander-Database.hpp:643:5:int CommanderDatabase<T>::strcmpDB(const char*, const char*) [with T = Commander::systemVariableData_t]	40	static
../Drivers/Commander-API-3.0.0/src/Commander-Database.hpp:673:5:int CommanderDatabase<T>::strncmpDB(const char*, const char*, size_t) [with T = Commander::systemVariableData_t]	40	static
../Drivers/Commander-API-3.0.0/src/Commander-Database.hpp:299:6:void CommanderDatabase<T>::swapElements(uint16_t, uint16_t) [with T = Commander::systemVariableData_t]	48	static
../Drivers/Commander-API-3.0.0/src/Commander-Database.hpp:275:10:uint16_t CommanderDatabase<T>::findIndexByPlace(uint16_t) [with T = Commander::systemVariableData_t]	24	static
../Drivers/Commander-API-3.0.0/src/Commander-API.cpp:1016:1:void __static_initialization_and_destruction_0(int, int)	16	static
../Drivers/Commander-API-3.0.0/src/Commander-API.cpp:1016:1:cpp)	8	static
