../Drivers/Commander-API-3.0.0/src/Commander-Arguments.cpp:3:1:Argument::Argument(const char*, int)	24	static
../Drivers/Commander-API-3.0.0/src/Commander-Arguments.cpp:33:1:Argument::Argument(const char*, char)	24	static
../Drivers/Commander-API-3.0.0/src/Commander-Arguments.cpp:63:1:Argument::Argument(const char*, char, const char*)	24	static
../Drivers/Commander-API-3.0.0/src/Commander-Arguments.cpp:92:5:int Argument::findShortName()	32	static
../Drivers/Commander-API-3.0.0/src/Commander-Arguments.cpp:175:5:int Argument::findLongName()	32	static
../Drivers/Commander-API-3.0.0/src/Commander-Arguments.cpp:303:5:int Argument::findByPlace()	32	static
../Drivers/Commander-API-3.0.0/src/Commander-Arguments.cpp:377:5:int Argument::findStart()	24	static
../Drivers/Commander-API-3.0.0/src/Commander-Arguments.cpp:419:6:bool Argument::parseInt()	24	static
../Drivers/Commander-API-3.0.0/src/Commander-Arguments.cpp:470:6:bool Argument::parseFloat()	24	static
../Drivers/Commander-API-3.0.0/src/Commander-Arguments.cpp:520:6:bool Argument::parseStringFunction(char*, int)	48	static
../Drivers/Commander-API-3.0.0/src/Commander-Arguments.cpp:674:6:bool Argument::find()	16	static
../Drivers/Commander-API-3.0.0/src/Commander-Arguments.cpp:687:1:Argument::operator int()	16	static
../Drivers/Commander-API-3.0.0/src/Commander-Arguments.cpp:697:1:Argument::operator float()	16	static
../Drivers/Commander-API-3.0.0/src/Commander-Arguments.cpp:707:1:Argument::operator bool()	16	static
../Drivers/Commander-API-3.0.0/src/Commander-Arguments.cpp:714:1:Argument::operator char*()	16	static
../Drivers/Commander-API-3.0.0/src/Commander-Arguments.cpp:727:6:bool Argument::isFound()	16	static
../Drivers/Commander-API-3.0.0/src/Commander-Arguments.cpp:732:5:int Argument::substring(char*, char*)	40	static
../Drivers/Commander-API-3.0.0/src/Commander-Arguments.cpp:764:6:bool Argument::inString(int)	24	static
../Drivers/Commander-API-3.0.0/src/Commander-Arguments.cpp:790:30:Commander::systemVariable_t* Argument::getSystemVariable()	16	static
