c:\st\stm32cubeide_1.12.0\stm32cubeide\plugins\com.st.stm32cube.ide.mcu.externaltools.gnu-tools-for-stm32.10.3-2021.10.win32_1.0.200.202301161003\tools\bin\../lib/gcc/arm-none-eabi/10.3.1/../../../../arm-none-eabi/include/c++/10.3.1/arm-none-eabi/thumb/v7e-m+dp/hard/bits/gthr-default.h:229:1:int __gthread_key_delete(__gthread_key_t)	16	static
../Core/Modules/StateMachine/state_machine.hpp:65:18:virtual void State::onEnter(StateMachine*)	16	static
../Core/Modules/StateMachine/state_machine.hpp:68:18:virtual void State::onExit(StateMachine*)	16	static
../Core/Modules/StateMachine/state_machine.cpp:10:10:uint16_t digits2num(uint8_t*)	24	static
../Core/Modules/StateMachine/state_machine.cpp:21:6:bool getMemorySlotFromEEPROM(MemorySlot*, uint8_t, EEPROMmemory*)	96	static
../Core/Modules/StateMachine/state_machine.cpp:51:6:bool saveMemorySlotToEEPROM(MemorySlot, EEPROMmemory*)	96	static
../Core/Modules/StateMachine/state_machine.cpp:71:1:StateMachine::StateMachine(State*, State_Settings*, State_SelectMemory*, State_Moving*, State_FreeMove*, State_Remote*, SSD1305*, Accelerometer*, EEPROMmemory*)	24	static
../Core/Modules/StateMachine/state_machine.cpp:92:6:void StateMachine::changeState(State*)	16	static
../Core/Modules/StateMachine/state_machine.cpp:107:6:void StateMachine::run()	16	static
../Core/Modules/StateMachine/state_machine.hpp:61:7:constexpr State::State()	16	static
../Core/Modules/StateMachine/state_machine.cpp:118:1:State_Settings::State_Settings()	16	static
../Core/Modules/StateMachine/state_machine.cpp:122:6:virtual void State_Settings::onEnter(StateMachine*)	32	static
../Core/Modules/StateMachine/state_machine.cpp:131:6:virtual void State_Settings::run(StateMachine*)	32	static,ignoring_inline_asm
../Core/Modules/StateMachine/state_machine.cpp:283:6:virtual void State_Settings::onExit(StateMachine*)	16	static
../Core/Modules/StateMachine/state_machine.cpp:293:1:State_SelectMemory::State_SelectMemory()	16	static
../Core/Modules/StateMachine/state_machine.cpp:295:6:virtual void State_SelectMemory::onEnter(StateMachine*)	32	static
../Core/Modules/StateMachine/state_machine.cpp:303:6:virtual void State_SelectMemory::run(StateMachine*)	32	static,ignoring_inline_asm
../Core/Modules/StateMachine/state_machine.cpp:327:6:virtual void State_SelectMemory::onExit(StateMachine*)	16	static
../Core/Modules/StateMachine/state_machine.cpp:336:1:State_Moving::State_Moving()	16	static
../Core/Modules/StateMachine/state_machine.cpp:337:6:virtual void State_Moving::onEnter(StateMachine*)	16	static
../Core/Modules/StateMachine/state_machine.cpp:338:6:virtual void State_Moving::run(StateMachine*)	16	static
../Core/Modules/StateMachine/state_machine.cpp:339:6:virtual void State_Moving::onExit(StateMachine*)	16	static
../Core/Modules/StateMachine/state_machine.cpp:341:1:State_FreeMove::State_FreeMove()	16	static
../Core/Modules/StateMachine/state_machine.cpp:342:6:virtual void State_FreeMove::onEnter(StateMachine*)	16	static
../Core/Modules/StateMachine/state_machine.cpp:343:6:virtual void State_FreeMove::run(StateMachine*)	16	static
../Core/Modules/StateMachine/state_machine.cpp:344:6:virtual void State_FreeMove::onExit(StateMachine*)	16	static
../Core/Modules/StateMachine/state_machine.cpp:346:1:State_Remote::State_Remote()	16	static
../Core/Modules/StateMachine/state_machine.cpp:347:6:virtual void State_Remote::onEnter(StateMachine*)	16	static
../Core/Modules/StateMachine/state_machine.cpp:348:6:virtual void State_Remote::run(StateMachine*)	16	static
../Core/Modules/StateMachine/state_machine.cpp:349:6:virtual void State_Remote::onExit(StateMachine*)	16	static
../Core/Modules/StateMachine/state_machine.cpp:349:50:void __static_initialization_and_destruction_0(int, int)	16	static
../Core/Modules/StateMachine/state_machine.cpp:349:50:cpp)	8	static
../Core/Modules/StateMachine/state_machine.cpp:349:50:cpp)	8	static
