C:\ST\STM32CubeIDE_1.16.1\STM32CubeIDE\plugins\com.st.stm32cube.ide.mcu.externaltools.gnu-tools-for-stm32.12.3.rel1.win32_1.0.200.202406191623\tools\arm-none-eabi\include\c++\12.3.1\arm-none-eabi\thumb\v7e-m+fp\hard\bits\gthr-default.h:229:1:int __gthread_key_delete(__gthread_key_t)	16	static
../Core/Modules/Memory/memory.cpp:11:19:HAL_StatusTypeDef writeMultiPage(I2C_HandleTypeDef*, uint8_t, uint16_t, uint8_t*, uint16_t, uint8_t)	48	static
../Core/Modules/Memory/memory.cpp:52:19:HAL_StatusTypeDef deleteRegion(I2C_HandleTypeDef*, uint8_t, uint16_t, uint16_t, uint8_t)	80	dynamic
../Core/Modules/Memory/memory.cpp:98:1:Memory::Memory(memoryElement*, uint16_t, MemoryErrorCallback_t, Stream*)	32	static
../Core/Modules/Memory/memory.cpp:112:6:void Memory::attachErrorCallback(MemoryErrorCallback_t)	16	static
../Core/Modules/Memory/memory.cpp:114:6:void Memory::attachStream(Stream*)	16	static
../Core/Modules/Memory/memory.cpp:116:6:bool Memory::getValue(const char*, uint8_t*)	40	static
../Core/Modules/Memory/memory.cpp:132:6:bool Memory::getValue(const char*, uint16_t*)	40	static
../Core/Modules/Memory/memory.cpp:148:6:bool Memory::getValue(const char*, uint32_t*)	40	static
../Core/Modules/Memory/memory.cpp:164:6:bool Memory::getValue(const char*, const char*)	40	static
../Core/Modules/Memory/memory.cpp:182:6:bool Memory::setValue(const char*, uint8_t)	40	static
../Core/Modules/Memory/memory.cpp:199:6:bool Memory::setValue(const char*, uint16_t)	40	static
../Core/Modules/Memory/memory.cpp:216:6:bool Memory::setValue(const char*, uint32_t)	40	static
../Core/Modules/Memory/memory.cpp:233:6:bool Memory::setValue(const char*, const char*)	40	static
../Core/Modules/Memory/memory.cpp:251:6:void Memory::listAll(Stream*)	424	static
../Core/Modules/Memory/memory.cpp:302:6:bool memoryElement::deleteData()	16	static
../Core/Modules/Memory/memory.cpp:304:6:void memoryElement::print()	416	static
../Core/Modules/Memory/memory.cpp:347:6:void memoryElement::operator=(uint8_t)	16	static
../Core/Modules/Memory/memory.cpp:348:6:void memoryElement::operator=(uint16_t)	16	static
../Core/Modules/Memory/memory.cpp:349:6:void memoryElement::operator=(uint32_t)	16	static
../Core/Modules/Memory/memory.cpp:350:6:void memoryElement::operator=(const char*)	16	static
../Core/Modules/Memory/memory.cpp:352:1:EEPROMmemory::EEPROMmemory(memoryElement*, uint16_t, uint8_t, I2C_HandleTypeDef*, MemoryErrorCallback_t, Stream*)	32	static
../Core/Modules/Memory/memory.cpp:360:19:HAL_StatusTypeDef EEPROMmemory::writeHeader(memoryElement, uint16_t)	96	dynamic
../Core/Modules/Memory/memory.hpp:102:8:memoryElement::memoryElement()	16	static
../Core/Modules/Memory/memory.cpp:385:15:memoryElement EEPROMmemory::readHeader(uint16_t)	96	dynamic
../Core/Modules/Memory/memory.cpp:418:6:void EEPROMmemory::Init()	1888	static
../Core/Modules/Memory/memory.cpp:628:6:virtual bool EEPROMmemory::_getValue(uint32_t, void*, elementType)	56	static
../Core/Modules/Memory/memory.cpp:665:6:void EEPROMmemory::updateHeader(uint32_t, elementType)	104	static
../Core/Modules/Memory/memory.cpp:701:6:virtual bool EEPROMmemory::_setValue(uint32_t, void*, elementType)	56	static
../Core/Modules/Memory/memory.cpp:743:6:virtual bool EEPROMmemory::deleteElementData(const char*)	40	static
../Core/Modules/Memory/memory.cpp:766:15:virtual memoryElement EEPROMmemory::operator[](const char*)	40	static
../Core/Modules/Memory/memory.cpp:782:1:void __static_initialization_and_destruction_0(int, int)	16	static
../Core/Modules/Memory/memory.cpp:782:1:cpp)	8	static
../Core/Modules/Memory/memory.cpp:782:1:cpp)	8	static
