Archive member included to satisfy reference by file (symbol)

C:/ST/STM32CubeIDE_1.16.1/STM32CubeIDE/plugins/com.st.stm32cube.ide.mcu.externaltools.gnu-tools-for-stm32.12.3.rel1.win32_1.0.200.202406191623/tools/bin/../lib/gcc/arm-none-eabi/12.3.1/../../../../arm-none-eabi/lib/thumb/v7e-m+fp/hard\libc_nano.a(libc_a-exit.o)
                              C:/ST/STM32CubeIDE_1.16.1/STM32CubeIDE/plugins/com.st.stm32cube.ide.mcu.externaltools.gnu-tools-for-stm32.12.3.rel1.win32_1.0.200.202406191623/tools/bin/../lib/gcc/arm-none-eabi/12.3.1/../../../../arm-none-eabi/lib/thumb/v7e-m+fp/hard/crt0.o (exit)
C:/ST/STM32CubeIDE_1.16.1/STM32CubeIDE/plugins/com.st.stm32cube.ide.mcu.externaltools.gnu-tools-for-stm32.12.3.rel1.win32_1.0.200.202406191623/tools/bin/../lib/gcc/arm-none-eabi/12.3.1/../../../../arm-none-eabi/lib/thumb/v7e-m+fp/hard\libc_nano.a(libc_a-findfp.o)
                              C:/ST/STM32CubeIDE_1.16.1/STM32CubeIDE/plugins/com.st.stm32cube.ide.mcu.externaltools.gnu-tools-for-stm32.12.3.rel1.win32_1.0.200.202406191623/tools/bin/../lib/gcc/arm-none-eabi/12.3.1/../../../../arm-none-eabi/lib/thumb/v7e-m+fp/hard\libc_nano.a(libc_a-exit.o) (__stdio_exit_handler)
C:/ST/STM32CubeIDE_1.16.1/STM32CubeIDE/plugins/com.st.stm32cube.ide.mcu.externaltools.gnu-tools-for-stm32.12.3.rel1.win32_1.0.200.202406191623/tools/bin/../lib/gcc/arm-none-eabi/12.3.1/../../../../arm-none-eabi/lib/thumb/v7e-m+fp/hard\libc_nano.a(libc_a-fwalk.o)
                              C:/ST/STM32CubeIDE_1.16.1/STM32CubeIDE/plugins/com.st.stm32cube.ide.mcu.externaltools.gnu-tools-for-stm32.12.3.rel1.win32_1.0.200.202406191623/tools/bin/../lib/gcc/arm-none-eabi/12.3.1/../../../../arm-none-eabi/lib/thumb/v7e-m+fp/hard\libc_nano.a(libc_a-findfp.o) (_fwalk_sglue)
C:/ST/STM32CubeIDE_1.16.1/STM32CubeIDE/plugins/com.st.stm32cube.ide.mcu.externaltools.gnu-tools-for-stm32.12.3.rel1.win32_1.0.200.202406191623/tools/bin/../lib/gcc/arm-none-eabi/12.3.1/../../../../arm-none-eabi/lib/thumb/v7e-m+fp/hard\libc_nano.a(libc_a-stdio.o)
                              C:/ST/STM32CubeIDE_1.16.1/STM32CubeIDE/plugins/com.st.stm32cube.ide.mcu.externaltools.gnu-tools-for-stm32.12.3.rel1.win32_1.0.200.202406191623/tools/bin/../lib/gcc/arm-none-eabi/12.3.1/../../../../arm-none-eabi/lib/thumb/v7e-m+fp/hard\libc_nano.a(libc_a-findfp.o) (__sread)
C:/ST/STM32CubeIDE_1.16.1/STM32CubeIDE/plugins/com.st.stm32cube.ide.mcu.externaltools.gnu-tools-for-stm32.12.3.rel1.win32_1.0.200.202406191623/tools/bin/../lib/gcc/arm-none-eabi/12.3.1/../../../../arm-none-eabi/lib/thumb/v7e-m+fp/hard\libc_nano.a(libc_a-memset.o)
                              C:/ST/STM32CubeIDE_1.16.1/STM32CubeIDE/plugins/com.st.stm32cube.ide.mcu.externaltools.gnu-tools-for-stm32.12.3.rel1.win32_1.0.200.202406191623/tools/bin/../lib/gcc/arm-none-eabi/12.3.1/../../../../arm-none-eabi/lib/thumb/v7e-m+fp/hard/crt0.o (memset)
C:/ST/STM32CubeIDE_1.16.1/STM32CubeIDE/plugins/com.st.stm32cube.ide.mcu.externaltools.gnu-tools-for-stm32.12.3.rel1.win32_1.0.200.202406191623/tools/bin/../lib/gcc/arm-none-eabi/12.3.1/../../../../arm-none-eabi/lib/thumb/v7e-m+fp/hard\libc_nano.a(libc_a-closer.o)
                              C:/ST/STM32CubeIDE_1.16.1/STM32CubeIDE/plugins/com.st.stm32cube.ide.mcu.externaltools.gnu-tools-for-stm32.12.3.rel1.win32_1.0.200.202406191623/tools/bin/../lib/gcc/arm-none-eabi/12.3.1/../../../../arm-none-eabi/lib/thumb/v7e-m+fp/hard\libc_nano.a(libc_a-stdio.o) (_close_r)
C:/ST/STM32CubeIDE_1.16.1/STM32CubeIDE/plugins/com.st.stm32cube.ide.mcu.externaltools.gnu-tools-for-stm32.12.3.rel1.win32_1.0.200.202406191623/tools/bin/../lib/gcc/arm-none-eabi/12.3.1/../../../../arm-none-eabi/lib/thumb/v7e-m+fp/hard\libc_nano.a(libc_a-reent.o)
                              C:/ST/STM32CubeIDE_1.16.1/STM32CubeIDE/plugins/com.st.stm32cube.ide.mcu.externaltools.gnu-tools-for-stm32.12.3.rel1.win32_1.0.200.202406191623/tools/bin/../lib/gcc/arm-none-eabi/12.3.1/../../../../arm-none-eabi/lib/thumb/v7e-m+fp/hard\libc_nano.a(libc_a-closer.o) (errno)
C:/ST/STM32CubeIDE_1.16.1/STM32CubeIDE/plugins/com.st.stm32cube.ide.mcu.externaltools.gnu-tools-for-stm32.12.3.rel1.win32_1.0.200.202406191623/tools/bin/../lib/gcc/arm-none-eabi/12.3.1/../../../../arm-none-eabi/lib/thumb/v7e-m+fp/hard\libc_nano.a(libc_a-impure.o)
                              C:/ST/STM32CubeIDE_1.16.1/STM32CubeIDE/plugins/com.st.stm32cube.ide.mcu.externaltools.gnu-tools-for-stm32.12.3.rel1.win32_1.0.200.202406191623/tools/bin/../lib/gcc/arm-none-eabi/12.3.1/../../../../arm-none-eabi/lib/thumb/v7e-m+fp/hard\libc_nano.a(libc_a-reent.o) (_impure_ptr)
C:/ST/STM32CubeIDE_1.16.1/STM32CubeIDE/plugins/com.st.stm32cube.ide.mcu.externaltools.gnu-tools-for-stm32.12.3.rel1.win32_1.0.200.202406191623/tools/bin/../lib/gcc/arm-none-eabi/12.3.1/../../../../arm-none-eabi/lib/thumb/v7e-m+fp/hard\libc_nano.a(libc_a-lseekr.o)
[...]
Memory Configuration

Name             Origin             Length             Attributes
RAM              0x20000000         0x00020000         xrw
FLASH            0x08000000         0x00080000         xr
*default*        0x00000000         0xffffffff

Linker script and memory map

LOAD C:/ST/STM32CubeIDE_1.16.1/STM32CubeIDE/plugins/com.st.stm32cube.ide.mcu.externaltools.gnu-tools-for-stm32.12.3.rel1.win32_1.0.200.202406191623/tools/bin/../lib/gcc/arm-none-eabi/12.3.1/thumb/v7e-m+fp/hard/crti.o
LOAD C:/ST/STM32CubeIDE_1.16.1/STM32CubeIDE/plugins/com.st.stm32cube.ide.mcu.externaltools.gnu-tools-for-stm32.12.3.rel1.win32_1.0.200.202406191623/tools/bin/../lib/gcc/arm-none-eabi/12.3.1/thumb/v7e-m+fp/hard/crtbegin.o
LOAD C:/ST/STM32CubeIDE_1.16.1/STM32CubeIDE/plugins/com.st.stm32cube.ide.mcu.externaltools.gnu-tools-for-stm32.12.3.rel1.win32_1.0.200.202406191623/tools/bin/../lib/gcc/arm-none-eabi/12.3.1/../../../../arm-none-eabi/lib/thumb/v7e-m+fp/hard/crt0.o
LOAD ./Core/Modules/SSD1305/SSD1305.o
LOAD ./Core/Modules/SSD1306/fonts.o
LOAD ./Core/Modules/SSD1306/ssd1306.o
LOAD ./Core/Src/main.o
LOAD ./Core/Src/stm32f4xx_hal_msp.o
LOAD ./Core/Src/stm32f4xx_it.o
LOAD ./Core/Src/syscalls.o
LOAD ./Core/Src/sysmem.o
LOAD ./Core/Src/system_stm32f4xx.o
LOAD ./Core/Startup/startup_stm32f446retx.o
LOAD ./Drivers/STM32F4xx_HAL_Driver/Src/stm32f4xx_hal.o
LOAD ./Drivers/STM32F4xx_HAL_Driver/Src/stm32f4xx_hal_cortex.o
LOAD ./Drivers/STM32F4xx_HAL_Driver/Src/stm32f4xx_hal_dma.o
LOAD ./Drivers/STM32F4xx_HAL_Driver/Src/stm32f4xx_hal_dma_ex.o
LOAD ./Drivers/STM32F4xx_HAL_Driver/Src/stm32f4xx_hal_exti.o
LOAD ./Drivers/STM32F4xx_HAL_Driver/Src/stm32f4xx_hal_flash.o
LOAD ./Drivers/STM32F4xx_HAL_Driver/Src/stm32f4xx_hal_flash_ex.o
LOAD ./Drivers/STM32F4xx_HAL_Driver/Src/stm32f4xx_hal_flash_ramfunc.o
LOAD ./Drivers/STM32F4xx_HAL_Driver/Src/stm32f4xx_hal_gpio.o
LOAD ./Drivers/STM32F4xx_HAL_Driver/Src/stm32f4xx_hal_i2c.o
LOAD ./Drivers/STM32F4xx_HAL_Driver/Src/stm32f4xx_hal_i2c_ex.o
LOAD ./Drivers/STM32F4xx_HAL_Driver/Src/stm32f4xx_hal_pwr.o
LOAD ./Drivers/STM32F4xx_HAL_Driver/Src/stm32f4xx_hal_pwr_ex.o
LOAD ./Drivers/STM32F4xx_HAL_Driver/Src/stm32f4xx_hal_rcc.o
LOAD ./Drivers/STM32F4xx_HAL_Driver/Src/stm32f4xx_hal_rcc_ex.o
LOAD ./Drivers/STM32F4xx_HAL_Driver/Src/stm32f4xx_hal_tim.o
LOAD ./Drivers/STM32F4xx_HAL_Driver/Src/stm32f4xx_hal_tim_ex.o
LOAD ./Drivers/STM32F4xx_HAL_Driver/Src/stm32f4xx_hal_uart.o
START GROUP
LOAD C:/ST/STM32CubeIDE_1.16.1/STM32CubeIDE/plugins/com.st.stm32cube.ide.mcu.externaltools.gnu-tools-for-stm32.12.3.rel1.win32_1.0.200.202406191623/tools/bin/../lib/gcc/arm-none-eabi/12.3.1/../../../../arm-none-eabi/lib/thumb/v7e-m+fp/hard\libstdc++_nano.a
LOAD C:/ST/STM32CubeIDE_1.16.1/STM32CubeIDE/plugins/com.st.stm32cube.ide.mcu.externaltools.gnu-tools-for-stm32.12.3.rel1.win32_1.0.200.202406191623/tools/bin/../lib/gcc/arm-none-eabi/12.3.1/../../../../arm-none-eabi/lib/thumb/v7e-m+fp/hard\libsupc++_nano.a
END GROUP
LOAD C:/ST/STM32CubeIDE_1.16.1/STM32CubeIDE/plugins/com.st.stm32cube.ide.mcu.externaltools.gnu-tools-for-stm32.12.3.rel1.win32_1.0.200.202406191623/tools/bin/../lib/gcc/arm-none-eabi/12.3.1/../../../../arm-none-eabi/lib/thumb/v7e-m+fp/hard\libstdc++_nano.a
LOAD C:/ST/STM32CubeIDE_1.16.1/STM32CubeIDE/plugins/com.st.stm32cube.ide.mcu.externaltools.gnu-tools-for-stm32.12.3.rel1.win32_1.0.200.202406191623/tools/bin/../lib/gcc/arm-none-eabi/12.3.1/../../../../arm-none-eabi/lib/thumb/v7e-m+fp/hard\libm.a
LOAD C:/ST/STM32CubeIDE_1.16.1/STM32CubeIDE/plugins/com.st.stm32cube.ide.mcu.externaltools.gnu-tools-for-stm32.12.3.rel1.win32_1.0.200.202406191623/tools/bin/../lib/gcc/arm-none-eabi/12.3.1/../../../../arm-none-eabi/lib/thumb/v7e-m+fp/hard\libc_nano.a
START GROUP
LOAD C:/ST/STM32CubeIDE_1.16.1/STM32CubeIDE/plugins/com.st.stm32cube.ide.mcu.externaltools.gnu-tools-for-stm32.12.3.rel1.win32_1.0.200.202406191623/tools/bin/../lib/gcc/arm-none-eabi/12.3.1/thumb/v7e-m+fp/hard\libgcc.a
LOAD C:/ST/STM32CubeIDE_1.16.1/STM32CubeIDE/plugins/com.st.stm32cube.ide.mcu.externaltools.gnu-tools-for-stm32.12.3.rel1.win32_1.0.200.202406191623/tools/bin/../lib/gcc/arm-none-eabi/12.3.1/../../../../arm-none-eabi/lib/thumb/v7e-m+fp/hard\libc_nano.a
END GROUP
START GROUP
LOAD C:/ST/STM32CubeIDE_1.16.1/STM32CubeIDE/plugins/com.st.stm32cube.ide.mcu.externaltools.gnu-tools-for-stm32.12.3.rel1.win32_1.0.200.202406191623/tools/bin/../lib/gcc/arm-none-eabi/12.3.1/thumb/v7e-m+fp/hard\libgcc.a
LOAD C:/ST/STM32CubeIDE_1.16.1/STM32CubeIDE/plugins/com.st.stm32cube.ide.mcu.externaltools.gnu-tools-for-stm32.12.3.rel1.win32_1.0.200.202406191623/tools/bin/../lib/gcc/arm-none-eabi/12.3.1/../../../../arm-none-eabi/lib/thumb/v7e-m+fp/hard\libc_nano.a
LOAD C:/ST/STM32CubeIDE_1.16.1/STM32CubeIDE/plugins/com.st.stm32cube.ide.mcu.externaltools.gnu-tools-for-stm32.12.3.rel1.win32_1.0.200.202406191623/tools/bin/../lib/gcc/arm-none-eabi/12.3.1/../../../../arm-none-eabi/lib/thumb/v7e-m+fp/hard\libnosys.a
END GROUP
START GROUP
LOAD C:/ST/STM32CubeIDE_1.16.1/STM32CubeIDE/plugins/com.st.stm32cube.ide.mcu.externaltools.gnu-tools-for-stm32.12.3.rel1.win32_1.0.200.202406191623/tools/bin/../lib/gcc/arm-none-eabi/12.3.1/thumb/v7e-m+fp/hard\libgcc.a
LOAD C:/ST/STM32CubeIDE_1.16.1/STM32CubeIDE/plugins/com.st.stm32cube.ide.mcu.externaltools.gnu-tools-for-stm32.12.3.rel1.win32_1.0.200.202406191623/tools/bin/../lib/gcc/arm-none-eabi/12.3.1/../../../../arm-none-eabi/lib/thumb/v7e-m+fp/hard\libc_nano.a
LOAD C:/ST/STM32CubeIDE_1.16.1/STM32CubeIDE/plugins/com.st.stm32cube.ide.mcu.externaltools.gnu-tools-for-stm32.12.3.rel1.win32_1.0.200.202406191623/tools/bin/../lib/gcc/arm-none-eabi/12.3.1/../../../../arm-none-eabi/lib/thumb/v7e-m+fp/hard\libnosys.a
END GROUP
LOAD C:/ST/STM32CubeIDE_1.16.1/STM32CubeIDE/plugins/com.st.stm32cube.ide.mcu.externaltools.gnu-tools-for-stm32.12.3.rel1.win32_1.0.200.202406191623/tools/bin/../lib/gcc/arm-none-eabi/12.3.1/thumb/v7e-m+fp/hard/crtend.o
LOAD C:/ST/STM32CubeIDE_1.16.1/STM32CubeIDE/plugins/com.st.stm32cube.ide.mcu.externaltools.gnu-tools-for-stm32.12.3.rel1.win32_1.0.200.202406191623/tools/bin/../lib/gcc/arm-none-eabi/12.3.1/thumb/v7e-m+fp/hard/crtn.o
                0x20020000                        _estack = (ORIGIN (RAM) + LENGTH (RAM))
                0x00000200                        _Min_Heap_Size = 0x200
                0x00000400                        _Min_Stack_Size = 0x400

.isr_vector     0x08000000      0x1c4
                0x08000000                        . = ALIGN (0x4)
 *(.isr_vector)
 .isr_vector    0x08000000      0x1c4 ./Core/Startup/startup_stm32f446retx.o
                0x08000000                g_pfnVectors
                0x080001c4                        . = ALIGN (0x4)

.text           0x080001c4     0x350c
                0x080001c4                        . = ALIGN (0x4)
 *(.text)
 .text          0x080001c4       0x40 C:/ST/STM32CubeIDE_1.16.1/STM32CubeIDE/plugins/com.st.stm32cube.ide.mcu.externaltools.gnu-tools-for-stm32.12.3.rel1.win32_1.0.200.202406191623/tools/bin/../lib/gcc/arm-none-eabi/12.3.1/thumb/v7e-m+fp/hard/crtbegin.o
 .text          0x08000204       0x30 C:/ST/STM32CubeIDE_1.16.1/STM32CubeIDE/plugins/com.st.stm32cube.ide.mcu.externaltools.gnu-tools-for-stm32.12.3.rel1.win32_1.0.200.202406191623/tools/bin/../lib/gcc/arm-none-eabi/12.3.1/thumb/v7e-m+fp/hard\libgcc.a(_aeabi_uldivmod.o)
                0x08000204                __aeabi_uldivmod
 .text          0x08000234      0x2bc C:/ST/STM32CubeIDE_1.16.1/STM32CubeIDE/plugins/com.st.stm32cube.ide.mcu.externaltools.gnu-tools-for-stm32.12.3.rel1.win32_1.0.200.202406191623/tools/bin/../lib/gcc/arm-none-eabi/12.3.1/thumb/v7e-m+fp/hard\libgcc.a(_udivmoddi4.o)
                0x08000234                __udivmoddi4
 .text          0x080004f0        0x4 C:/ST/STM32CubeIDE_1.16.1/STM32CubeIDE/plugins/com.st.stm32cube.ide.mcu.externaltools.gnu-tools-for-stm32.12.3.rel1.win32_1.0.200.202406191623/tools/bin/../lib/gcc/arm-none-eabi/12.3.1/thumb/v7e-m+fp/hard\libgcc.a(_dvmd_tls.o)
                0x080004f0                __aeabi_idiv0
                0x080004f0                __aeabi_ldiv0
 *(.text*)
 .text._ZN7SSD1305C2EP17I2C_HandleTypeDefhhh
                0x080004f4       0x44 ./Core/Modules/SSD1305/SSD1305.o
                0x080004f4                SSD1305::SSD1305(I2C_HandleTypeDef*, unsigned char, unsigned char, unsigned char)
                0x080004f4                SSD1305::SSD1305(I2C_HandleTypeDef*, unsigned char, unsigned char, unsigned char)
 .text._ZN7SSD13054InitEv
                0x08000538      0x180 ./Core/Modules/SSD1305/SSD1305.o
                0x08000538                SSD1305::Init()
 .text._ZN7SSD13059GetHeightEv
                0x080006b8       0x18 ./Core/Modules/SSD1305/SSD1305.o
                0x080006b8                SSD1305::GetHeight()
 .text._ZN7SSD13058GetWidthEv
                0x080006d0       0x18 ./Core/Modules/SSD1305/SSD1305.o
                0x080006d0                SSD1305::GetWidth()
 .text._ZN7SSD130519WriteBitmapToScreenEPhj
                0x080006e8       0x5a ./Core/Modules/SSD1305/SSD1305.o
                0x080006e8                SSD1305::WriteBitmapToScreen(unsigned char*, unsigned int)
 .text._ZN7SSD13054FillE13SSD1305_COLOR
                0x08000742       0xb4 ./Core/Modules/SSD1305/SSD1305.o
                0x08000742                SSD1305::Fill(SSD1305_COLOR)
 .text._ZN7SSD130511SendCommandEh
                0x080007f6       0x3a ./Core/Modules/SSD1305/SSD1305.o
                0x080007f6                SSD1305::SendCommand(unsigned char)
 .text._ZN7SSD130523SetMemoryAddressingModeE20MemoryAddressingMode
                0x08000830       0x2a ./Core/Modules/SSD1305/SSD1305.o
                0x08000830                SSD1305::SetMemoryAddressingMode(MemoryAddressingMode)
 .text._ZN7SSD130516SetColumnAddressEhh
                0x0800085a       0x48 ./Core/Modules/SSD1305/SSD1305.o
                0x0800085a                SSD1305::SetColumnAddress(unsigned char, unsigned char)
 .text._ZN7SSD130514SetPageAddressEhh
                0x080008a2       0x48 ./Core/Modules/SSD1305/SSD1305.o
                0x080008a2                SSD1305::SetPageAddress(unsigned char, unsigned char)
 .text._ZN7SSD130519SetDisplayStartLineEh
                0x080008ea       0x34 ./Core/Modules/SSD1305/SSD1305.o
                0x080008ea                SSD1305::SetDisplayStartLine(unsigned char)
 .text._ZN7SSD130530SetBrightnessForAreaColorBanksEh
                0x0800091e       0x2a ./Core/Modules/SSD1305/SSD1305.o
                0x0800091e                SSD1305::SetBrightnessForAreaColorBanks(unsigned char)
 .text._ZN7SSD13056SetLUTEhhhh
                0x08000948       0x9a ./Core/Modules/SSD1305/SSD1305.o
                0x08000948                SSD1305::SetLUT(unsigned char, unsigned char, unsigned char, unsigned char)
 .text._ZN7SSD130515SetSegmentReMapE12SegmentRemap
                0x080009e2       0x2a ./Core/Modules/SSD1305/SSD1305.o
                0x080009e2                SSD1305::SetSegmentReMap(SegmentRemap)
 .text._ZN7SSD130515EntireDisplayONE13DisplayONMode
                0x08000a0c       0x24 ./Core/Modules/SSD1305/SSD1305.o
                0x08000a0c                SSD1305::EntireDisplayON(DisplayONMode)
 .text._ZN7SSD130516SetNormalInverseE18DisplayInverseMode
                0x08000a30       0x24 ./Core/Modules/SSD1305/SSD1305.o
                0x08000a30                SSD1305::SetNormalInverse(DisplayInverseMode)
 .text._ZN7SSD130517SetMultiplexRatioEh
                0x08000a54       0x34 ./Core/Modules/SSD1305/SSD1305.o
                0x08000a54                SSD1305::SetMultiplexRatio(unsigned char)
 .text._ZN7SSD130516SetDisplayON_OFFE11DisplayMode
                0x08000a88       0x24 ./Core/Modules/SSD1305/SSD1305.o
                0x08000a88                SSD1305::SetDisplayON_OFF(DisplayMode)
 .text._ZN7SSD130525SetComOutputScanDirectionE22ComOutputScanDirection
                0x08000aac       0x24 ./Core/Modules/SSD1305/SSD1305.o
                0x08000aac                SSD1305::SetComOutputScanDirection(ComOutputScanDirection)
 .text._ZN7SSD130516SetDisplayOffsetEh
                0x08000ad0       0x34 ./Core/Modules/SSD1305/SSD1305.o
                0x08000ad0                SSD1305::SetDisplayOffset(unsigned char)
 .text._ZN7SSD130520SetColorAndPowerModeE9ColorMode9PowerMode
                0x08000b04       0x3c ./Core/Modules/SSD1305/SSD1305.o
                0x08000b04                SSD1305::SetColorAndPowerMode(ColorMode, PowerMode)
 .text._ZN7SSD130518SetPrechargePeriodEhh
                0x08000b40       0x50 ./Core/Modules/SSD1305/SSD1305.o
                0x08000b40                SSD1305::SetPrechargePeriod(unsigned char, unsigned char)
 .text._ZN7SSD130520EnterReadModifyWriteEv
                0x08000b90       0x20 ./Core/Modules/SSD1305/SSD1305.o
                0x08000b90                SSD1305::EnterReadModifyWrite()
 .text._ZN7SSD130519ExitReadModifyWriteEv
                0x08000bb0       0x20 ./Core/Modules/SSD1305/SSD1305.o
                0x08000bb0                SSD1305::ExitReadModifyWrite()
 .text._Z17available_devicesPi
                0x08000bd0       0x5c ./Core/Src/main.o
                0x08000bd0                available_devices(int*)
 .text.main     0x08000c2c      0x2dc ./Core/Src/main.o
                0x08000c2c                main
 .text._Z18SystemClock_Configv
                0x08000f08       0xf0 ./Core/Src/main.o
                0x08000f08                SystemClock_Config()
 .text._ZL12MX_I2C1_Initv
                0x08000ff8       0x68 ./Core/Src/main.o
 .text._ZL19MX_USART2_UART_Initv
                0x08001060       0x5c ./Core/Src/main.o
 .text._ZL12MX_GPIO_Initv
                0x080010bc       0xdc ./Core/Src/main.o
 .text.Error_Handler
                0x08001198        0xc ./Core/Src/main.o
                0x08001198                Error_Handler
 .text.HAL_MspInit
                0x080011a4       0x50 ./Core/Src/stm32f4xx_hal_msp.o
                0x080011a4                HAL_MspInit
 .text.HAL_I2C_MspInit
                0x080011f4       0x90 ./Core/Src/stm32f4xx_hal_msp.o
                0x080011f4                HAL_I2C_MspInit
 .text.HAL_UART_MspInit
                0x08001284       0x90 ./Core/Src/stm32f4xx_hal_msp.o
                0x08001284                HAL_UART_MspInit
 .text.NMI_Handler
                0x08001314        0x8 ./Core/Src/stm32f4xx_it.o
                0x08001314                NMI_Handler
 .text.HardFault_Handler
                0x0800131c        0x8 ./Core/Src/stm32f4xx_it.o
                0x0800131c                HardFault_Handler
 .text.MemManage_Handler
                0x08001324        0x8 ./Core/Src/stm32f4xx_it.o
                0x08001324                MemManage_Handler
 .text.BusFault_Handler
                0x0800132c        0x8 ./Core/Src/stm32f4xx_it.o
                0x0800132c                BusFault_Handler
 .text.UsageFault_Handler
                0x08001334        0x8 ./Core/Src/stm32f4xx_it.o
                0x08001334                UsageFault_Handler
 .text.SVC_Handler
                0x0800133c        0xe ./Core/Src/stm32f4xx_it.o
                0x0800133c                SVC_Handler
 .text.DebugMon_Handler
                0x0800134a        0xe ./Core/Src/stm32f4xx_it.o
                0x0800134a                DebugMon_Handler
 .text.PendSV_Handler
                0x08001358        0xe ./Core/Src/stm32f4xx_it.o
                0x08001358                PendSV_Handler
 .text.SysTick_Handler
                0x08001366        0xc ./Core/Src/stm32f4xx_it.o
                0x08001366                SysTick_Handler
 *fill*         0x08001372        0x2 
 .text.SystemInit
                0x08001374       0x24 ./Core/Src/system_stm32f4xx.o
                0x08001374                SystemInit
 .text.Reset_Handler
                0x08001398       0x50 ./Core/Startup/startup_stm32f446retx.o
                0x08001398                Reset_Handler
 .text.Default_Handler
                0x080013e8        0x2 ./Core/Startup/startup_stm32f446retx.o
                0x080013e8                RTC_Alarm_IRQHandler
                0x080013e8                EXTI2_IRQHandler
                0x080013e8                TIM8_CC_IRQHandler
                0x080013e8                FMPI2C1_EV_IRQHandler
                0x080013e8                SPI4_IRQHandler
                0x080013e8                TIM1_CC_IRQHandler
                0x080013e8                DMA2_Stream5_IRQHandler
                0x080013e8                DMA1_Stream5_IRQHandler
                0x080013e8                PVD_IRQHandler
                0x080013e8                SDIO_IRQHandler
                0x080013e8                TAMP_STAMP_IRQHandler
                0x080013e8                CAN2_RX1_IRQHandler
                0x080013e8                EXTI3_IRQHandler
                0x080013e8                TIM8_TRG_COM_TIM14_IRQHandler
                0x080013e8                TIM1_UP_TIM10_IRQHandler
                0x080013e8                TIM8_UP_TIM13_IRQHandler
                0x080013e8                I2C3_ER_IRQHandler
                0x080013e8                EXTI0_IRQHandler
                0x080013e8                I2C2_EV_IRQHandler
                0x080013e8                DMA1_Stream2_IRQHandler
                0x080013e8                CAN1_RX0_IRQHandler
                0x080013e8                FPU_IRQHandler
                0x080013e8                OTG_HS_WKUP_IRQHandler
                0x080013e8                CAN2_SCE_IRQHandler
                0x080013e8                DMA2_Stream2_IRQHandler
                0x080013e8                SPI1_IRQHandler
                0x080013e8                TIM6_DAC_IRQHandler
                0x080013e8                TIM1_BRK_TIM9_IRQHandler
                0x080013e8                DCMI_IRQHandler
                0x080013e8                CAN2_RX0_IRQHandler
                0x080013e8                DMA2_Stream3_IRQHandler
                0x080013e8                SAI2_IRQHandler
                0x080013e8                USART6_IRQHandler
                0x080013e8                USART3_IRQHandler
                0x080013e8                CAN1_RX1_IRQHandler
                0x080013e8                UART5_IRQHandler
                0x080013e8                DMA2_Stream0_IRQHandler
                0x080013e8                TIM4_IRQHandler
                0x080013e8                QUADSPI_IRQHandler
                0x080013e8                I2C1_EV_IRQHandler
                0x080013e8                DMA1_Stream6_IRQHandler
                0x080013e8                DMA1_Stream1_IRQHandler
                0x080013e8                UART4_IRQHandler
                0x080013e8                TIM3_IRQHandler
                0x080013e8                RCC_IRQHandler
                0x080013e8                TIM8_BRK_TIM12_IRQHandler
                0x080013e8                Default_Handler
                0x080013e8                CEC_IRQHandler
                0x080013e8                EXTI15_10_IRQHandler
                0x080013e8                ADC_IRQHandler
                0x080013e8                DMA1_Stream7_IRQHandler
                0x080013e8                TIM7_IRQHandler
                0x080013e8                CAN2_TX_IRQHandler
                0x080013e8                TIM5_IRQHandler
                0x080013e8                DMA2_Stream7_IRQHandler
                0x080013e8                I2C3_EV_IRQHandler
                0x080013e8                EXTI9_5_IRQHandler
                0x080013e8                RTC_WKUP_IRQHandler
                0x080013e8                SPDIF_RX_IRQHandler
                0x080013e8                SPI2_IRQHandler
                0x080013e8                OTG_HS_EP1_IN_IRQHandler
                0x080013e8                DMA1_Stream0_IRQHandler
                0x080013e8                CAN1_TX_IRQHandler
                0x080013e8                FMPI2C1_ER_IRQHandler
                0x080013e8                EXTI4_IRQHandler
                0x080013e8                OTG_HS_EP1_OUT_IRQHandler
                0x080013e8                WWDG_IRQHandler
                0x080013e8                TIM2_IRQHandler
                0x080013e8                OTG_FS_WKUP_IRQHandler
                0x080013e8                TIM1_TRG_COM_TIM11_IRQHandler
                0x080013e8                OTG_HS_IRQHandler
                0x080013e8                EXTI1_IRQHandler
                0x080013e8                USART2_IRQHandler
                0x080013e8                I2C2_ER_IRQHandler
                0x080013e8                DMA2_Stream1_IRQHandler
                0x080013e8                CAN1_SCE_IRQHandler
                0x080013e8                FLASH_IRQHandler
                0x080013e8                DMA2_Stream4_IRQHandler
                0x080013e8                USART1_IRQHandler
                0x080013e8                OTG_FS_IRQHandler
                0x080013e8                SPI3_IRQHandler
                0x080013e8                DMA1_Stream4_IRQHandler
                0x080013e8                I2C1_ER_IRQHandler
                0x080013e8                FMC_IRQHandler
                0x080013e8                DMA2_Stream6_IRQHandler
                0x080013e8                SAI1_IRQHandler
                0x080013e8                DMA1_Stream3_IRQHandler
 *fill*         0x080013ea        0x2 
 .text.HAL_Init
                0x080013ec       0x44 ./Drivers/STM32F4xx_HAL_Driver/Src/stm32f4xx_hal.o
                0x080013ec                HAL_Init
 .text.HAL_InitTick
                0x08001430       0x60 ./Drivers/STM32F4xx_HAL_Driver/Src/stm32f4xx_hal.o
                0x08001430                HAL_InitTick
 .text.HAL_IncTick
                0x08001490       0x28 ./Drivers/STM32F4xx_HAL_Driver/Src/stm32f4xx_hal.o
                0x08001490                HAL_IncTick
 .text.HAL_GetTick
                0x080014b8       0x18 ./Drivers/STM32F4xx_HAL_Driver/Src/stm32f4xx_hal.o
                0x080014b8                HAL_GetTick
 .text.__NVIC_SetPriorityGrouping
                0x080014d0       0x48 ./Drivers/STM32F4xx_HAL_Driver/Src/stm32f4xx_hal_cortex.o
 .text.__NVIC_GetPriorityGrouping
                0x08001518       0x1c ./Drivers/STM32F4xx_HAL_Driver/Src/stm32f4xx_hal_cortex.o
 .text.__NVIC_SetPriority
                0x08001534       0x54 ./Drivers/STM32F4xx_HAL_Driver/Src/stm32f4xx_hal_cortex.o
 .text.NVIC_EncodePriority
                0x08001588       0x66 ./Drivers/STM32F4xx_HAL_Driver/Src/stm32f4xx_hal_cortex.o
 *fill*         0x080015ee        0x2 
 .text.SysTick_Config
                0x080015f0       0x44 ./Drivers/STM32F4xx_HAL_Driver/Src/stm32f4xx_hal_cortex.o
 .text.HAL_NVIC_SetPriorityGrouping
                0x08001634       0x16 ./Drivers/STM32F4xx_HAL_Driver/Src/stm32f4xx_hal_cortex.o
                0x08001634                HAL_NVIC_SetPriorityGrouping
 .text.HAL_NVIC_SetPriority
                0x0800164a       0x38 ./Drivers/STM32F4xx_HAL_Driver/Src/stm32f4xx_hal_cortex.o
                0x0800164a                HAL_NVIC_SetPriority
 .text.HAL_SYSTICK_Config
                0x08001682       0x18 ./Drivers/STM32F4xx_HAL_Driver/Src/stm32f4xx_hal_cortex.o
                0x08001682                HAL_SYSTICK_Config
 *fill*         0x0800169a        0x2 
 .text.HAL_GPIO_Init
                0x0800169c      0x328 ./Drivers/STM32F4xx_HAL_Driver/Src/stm32f4xx_hal_gpio.o
                0x0800169c                HAL_GPIO_Init
 .text.HAL_GPIO_WritePin
                0x080019c4       0x32 ./Drivers/STM32F4xx_HAL_Driver/Src/stm32f4xx_hal_gpio.o
                0x080019c4                HAL_GPIO_WritePin
 *fill*         0x080019f6        0x2 
 .text.HAL_I2C_Init
                0x080019f8      0x288 ./Drivers/STM32F4xx_HAL_Driver/Src/stm32f4xx_hal_i2c.o
                0x080019f8                HAL_I2C_Init
 .text.HAL_I2C_Mem_Write
                0x08001c80      0x1f4 ./Drivers/STM32F4xx_HAL_Driver/Src/stm32f4xx_hal_i2c.o
                0x08001c80                HAL_I2C_Mem_Write
 .text.HAL_I2C_IsDeviceReady
                0x08001e74      0x25c ./Drivers/STM32F4xx_HAL_Driver/Src/stm32f4xx_hal_i2c.o
                0x08001e74                HAL_I2C_IsDeviceReady
 .text.I2C_RequestMemoryWrite
                0x080020d0      0x12c ./Drivers/STM32F4xx_HAL_Driver/Src/stm32f4xx_hal_i2c.o
 .text.I2C_WaitOnFlagUntilTimeout
                0x080021fc       0xae ./Drivers/STM32F4xx_HAL_Driver/Src/stm32f4xx_hal_i2c.o
 .text.I2C_WaitOnMasterAddressFlagUntilTimeout
                0x080022aa       0xfe ./Drivers/STM32F4xx_HAL_Driver/Src/stm32f4xx_hal_i2c.o
 .text.I2C_WaitOnTXEFlagUntilTimeout
                0x080023a8       0x82 ./Drivers/STM32F4xx_HAL_Driver/Src/stm32f4xx_hal_i2c.o
 .text.I2C_WaitOnBTFFlagUntilTimeout
                0x0800242a       0x82 ./Drivers/STM32F4xx_HAL_Driver/Src/stm32f4xx_hal_i2c.o
 .text.I2C_IsAcknowledgeFailed
                0x080024ac       0x5e ./Drivers/STM32F4xx_HAL_Driver/Src/stm32f4xx_hal_i2c.o
 *fill*         0x0800250a        0x2 
 .text.HAL_RCC_ClockConfig
                0x0800250c      0x1cc ./Drivers/STM32F4xx_HAL_Driver/Src/stm32f4xx_hal_rcc.o
                0x0800250c                HAL_RCC_ClockConfig
 .text.HAL_RCC_GetHCLKFreq
                0x080026d8       0x18 ./Drivers/STM32F4xx_HAL_Driver/Src/stm32f4xx_hal_rcc.o
                0x080026d8                HAL_RCC_GetHCLKFreq
 .text.HAL_RCC_GetPCLK1Freq
                0x080026f0       0x28 ./Drivers/STM32F4xx_HAL_Driver/Src/stm32f4xx_hal_rcc.o
                0x080026f0                HAL_RCC_GetPCLK1Freq
 .text.HAL_RCC_GetPCLK2Freq
                0x08002718       0x28 ./Drivers/STM32F4xx_HAL_Driver/Src/stm32f4xx_hal_rcc.o
                0x08002718                HAL_RCC_GetPCLK2Freq
 .text.HAL_RCC_GetSysClockFreq
                0x08002740      0x460 ./Drivers/STM32F4xx_HAL_Driver/Src/stm32f4xx_hal_rcc_ex.o
                0x08002740                HAL_RCC_GetSysClockFreq
 .text.HAL_RCC_OscConfig
                0x08002ba0      0x53c ./Drivers/STM32F4xx_HAL_Driver/Src/stm32f4xx_hal_rcc_ex.o
                0x08002ba0                HAL_RCC_OscConfig
 .text.HAL_UART_Init
                0x080030dc       0x9a ./Drivers/STM32F4xx_HAL_Driver/Src/stm32f4xx_hal_uart.o
                0x080030dc                HAL_UART_Init
 *fill*         0x08003176        0x2 
 .text.UART_SetConfig
                0x08003178      0x4e8 ./Drivers/STM32F4xx_HAL_Driver/Src/stm32f4xx_hal_uart.o
 .text.memset   0x08003660       0x10 C:/ST/STM32CubeIDE_1.16.1/STM32CubeIDE/plugins/com.st.stm32cube.ide.mcu.externaltools.gnu-tools-for-stm32.12.3.rel1.win32_1.0.200.202406191623/tools/bin/../lib/gcc/arm-none-eabi/12.3.1/../../../../arm-none-eabi/lib/thumb/v7e-m+fp/hard\libc_nano.a(libc_a-memset.o)
                0x08003660                memset
 .text.__libc_init_array
                0x08003670       0x48 C:/ST/STM32CubeIDE_1.16.1/STM32CubeIDE/plugins/com.st.stm32cube.ide.mcu.externaltools.gnu-tools-for-stm32.12.3.rel1.win32_1.0.200.202406191623/tools/bin/../lib/gcc/arm-none-eabi/12.3.1/../../../../arm-none-eabi/lib/thumb/v7e-m+fp/hard\libc_nano.a(libc_a-init.o)
                0x08003670                __libc_init_array
 *(.glue_7)
 .glue_7        0x080036b8        0x0 linker stubs
 *(.glue_7t)
 .glue_7t       0x080036b8        0x0 linker stubs
 *(.eh_frame)
 .eh_frame      0x080036b8        0x0 C:/ST/STM32CubeIDE_1.16.1/STM32CubeIDE/plugins/com.st.stm32cube.ide.mcu.externaltools.gnu-tools-for-stm32.12.3.rel1.win32_1.0.200.202406191623/tools/bin/../lib/gcc/arm-none-eabi/12.3.1/thumb/v7e-m+fp/hard/crtbegin.o
 *(.init)
 .init          0x080036b8        0x4 C:/ST/STM32CubeIDE_1.16.1/STM32CubeIDE/plugins/com.st.stm32cube.ide.mcu.externaltools.gnu-tools-for-stm32.12.3.rel1.win32_1.0.200.202406191623/tools/bin/../lib/gcc/arm-none-eabi/12.3.1/thumb/v7e-m+fp/hard/crti.o
                0x080036b8                _init
 .init          0x080036bc        0x8 C:/ST/STM32CubeIDE_1.16.1/STM32CubeIDE/plugins/com.st.stm32cube.ide.mcu.externaltools.gnu-tools-for-stm32.12.3.rel1.win32_1.0.200.202406191623/tools/bin/../lib/gcc/arm-none-eabi/12.3.1/thumb/v7e-m+fp/hard/crtn.o
 *(.fini)
 .fini          0x080036c4        0x4 C:/ST/STM32CubeIDE_1.16.1/STM32CubeIDE/plugins/com.st.stm32cube.ide.mcu.externaltools.gnu-tools-for-stm32.12.3.rel1.win32_1.0.200.202406191623/tools/bin/../lib/gcc/arm-none-eabi/12.3.1/thumb/v7e-m+fp/hard/crti.o
                0x080036c4                _fini
 .fini          0x080036c8        0x8 C:/ST/STM32CubeIDE_1.16.1/STM32CubeIDE/plugins/com.st.stm32cube.ide.mcu.externaltools.gnu-tools-for-stm32.12.3.rel1.win32_1.0.200.202406191623/tools/bin/../lib/gcc/arm-none-eabi/12.3.1/thumb/v7e-m+fp/hard/crtn.o
                0x080036d0                        . = ALIGN (0x4)
                0x080036d0                        _etext = .

.vfp11_veneer   0x080036d0        0x0
 .vfp11_veneer  0x080036d0        0x0 linker stubs

.v4_bx          0x080036d0        0x0
 .v4_bx         0x080036d0        0x0 linker stubs

.iplt           0x080036d0        0x0
 .iplt          0x080036d0        0x0 C:/ST/STM32CubeIDE_1.16.1/STM32CubeIDE/plugins/com.st.stm32cube.ide.mcu.externaltools.gnu-tools-for-stm32.12.3.rel1.win32_1.0.200.202406191623/tools/bin/../lib/gcc/arm-none-eabi/12.3.1/thumb/v7e-m+fp/hard/crtbegin.o

.rodata         0x080036d0       0x18
                0x080036d0                        . = ALIGN (0x4)
 *(.rodata)
 *(.rodata*)
 .rodata.AHBPrescTable
                0x080036d0       0x10 ./Core/Src/system_stm32f4xx.o
                0x080036d0                AHBPrescTable
 .rodata.APBPrescTable
                0x080036e0        0x8 ./Core/Src/system_stm32f4xx.o
                0x080036e0                APBPrescTable
                0x080036e8                        . = ALIGN (0x4)

.ARM.extab      0x080036e8        0x0
                0x080036e8                        . = ALIGN (0x4)
 *(.ARM.extab* .gnu.linkonce.armextab.*)
                0x080036e8                        . = ALIGN (0x4)

.ARM            0x080036e8        0x8
                0x080036e8                        . = ALIGN (0x4)
                0x080036e8                        __exidx_start = .
 *(.ARM.exidx*)
 .ARM.exidx     0x080036e8        0x8 C:/ST/STM32CubeIDE_1.16.1/STM32CubeIDE/plugins/com.st.stm32cube.ide.mcu.externaltools.gnu-tools-for-stm32.12.3.rel1.win32_1.0.200.202406191623/tools/bin/../lib/gcc/arm-none-eabi/12.3.1/thumb/v7e-m+fp/hard\libgcc.a(_udivmoddi4.o)
                0x080036f0                        __exidx_end = .
                0x080036f0                        . = ALIGN (0x4)

.preinit_array  0x080036f0        0x0
                0x080036f0                        . = ALIGN (0x4)
                0x080036f0                        PROVIDE (__preinit_array_start = .)
 *(.preinit_array*)
                0x080036f0                        PROVIDE (__preinit_array_end = .)
                0x080036f0                        . = ALIGN (0x4)

.init_array     0x080036f0        0x4
                0x080036f0                        . = ALIGN (0x4)
                0x080036f0                        PROVIDE (__init_array_start = .)
 *(SORT_BY_NAME(.init_array.*))
 *(.init_array*)
 .init_array    0x080036f0        0x4 C:/ST/STM32CubeIDE_1.16.1/STM32CubeIDE/plugins/com.st.stm32cube.ide.mcu.externaltools.gnu-tools-for-stm32.12.3.rel1.win32_1.0.200.202406191623/tools/bin/../lib/gcc/arm-none-eabi/12.3.1/thumb/v7e-m+fp/hard/crtbegin.o
                0x080036f4                        PROVIDE (__init_array_end = .)
                0x080036f4                        . = ALIGN (0x4)

.fini_array     0x080036f4        0x4
                0x080036f4                        . = ALIGN (0x4)
                [!provide]                        PROVIDE (__fini_array_start = .)
 *(SORT_BY_NAME(.fini_array.*))
 *(.fini_array*)
 .fini_array    0x080036f4        0x4 C:/ST/STM32CubeIDE_1.16.1/STM32CubeIDE/plugins/com.st.stm32cube.ide.mcu.externaltools.gnu-tools-for-stm32.12.3.rel1.win32_1.0.200.202406191623/tools/bin/../lib/gcc/arm-none-eabi/12.3.1/thumb/v7e-m+fp/hard/crtbegin.o
                [!provide]                        PROVIDE (__fini_array_end = .)
                0x080036f8                        . = ALIGN (0x4)
                0x080036f8                        _sidata = LOADADDR (.data)

.rel.dyn        0x080036f8        0x0
 .rel.iplt      0x080036f8        0x0 C:/ST/STM32CubeIDE_1.16.1/STM32CubeIDE/plugins/com.st.stm32cube.ide.mcu.externaltools.gnu-tools-for-stm32.12.3.rel1.win32_1.0.200.202406191623/tools/bin/../lib/gcc/arm-none-eabi/12.3.1/thumb/v7e-m+fp/hard/crtbegin.o

.data           0x20000000        0xc load address 0x080036f8
                0x20000000                        . = ALIGN (0x4)
                0x20000000                        _sdata = .
 *(.data)
 *(.data*)
 .data.SystemCoreClock
                0x20000000        0x4 ./Core/Src/system_stm32f4xx.o
                0x20000000                SystemCoreClock
 .data.uwTickPrio
                0x20000004        0x4 ./Drivers/STM32F4xx_HAL_Driver/Src/stm32f4xx_hal.o
                0x20000004                uwTickPrio
 .data.uwTickFreq
                0x20000008        0x1 ./Drivers/STM32F4xx_HAL_Driver/Src/stm32f4xx_hal.o
                0x20000008                uwTickFreq
 *(.RamFunc)
 *(.RamFunc*)
                0x2000000c                        . = ALIGN (0x4)
 *fill*         0x20000009        0x3 
                0x2000000c                        _edata = .

.igot.plt       0x2000000c        0x0 load address 0x08003704
 .igot.plt      0x2000000c        0x0 C:/ST/STM32CubeIDE_1.16.1/STM32CubeIDE/plugins/com.st.stm32cube.ide.mcu.externaltools.gnu-tools-for-stm32.12.3.rel1.win32_1.0.200.202406191623/tools/bin/../lib/gcc/arm-none-eabi/12.3.1/thumb/v7e-m+fp/hard/crtbegin.o
                0x2000000c                        . = ALIGN (0x4)

.bss            0x2000000c       0xb8 load address 0x08003704
                0x2000000c                        _sbss = .
                0x2000000c                        __bss_start__ = _sbss
 *(.bss)
 .bss           0x2000000c       0x1c C:/ST/STM32CubeIDE_1.16.1/STM32CubeIDE/plugins/com.st.stm32cube.ide.mcu.externaltools.gnu-tools-for-stm32.12.3.rel1.win32_1.0.200.202406191623/tools/bin/../lib/gcc/arm-none-eabi/12.3.1/thumb/v7e-m+fp/hard/crtbegin.o
 *(.bss*)
 .bss.hi2c1     0x20000028       0x54 ./Core/Src/main.o
                0x20000028                hi2c1
 .bss.huart2    0x2000007c       0x44 ./Core/Src/main.o
                0x2000007c                huart2
 .bss.uwTick    0x200000c0        0x4 ./Drivers/STM32F4xx_HAL_Driver/Src/stm32f4xx_hal.o
                0x200000c0                uwTick
 *(COMMON)
                0x200000c4                        . = ALIGN (0x4)
                0x200000c4                        _ebss = .
                0x200000c4                        __bss_end__ = _ebss

._user_heap_stack
                0x200000c4      0x604 load address 0x08003704
                0x200000c8                        . = ALIGN (0x8)
 *fill*         0x200000c4        0x4 
                [!provide]                        PROVIDE (end = .)
                0x200000c8                        PROVIDE (_end = .)
                0x200002c8                        . = (. + _Min_Heap_Size)
 *fill*         0x200000c8      0x200 
                0x200006c8                        . = (. + _Min_Stack_Size)
 *fill*         0x200002c8      0x400 
                0x200006c8                        . = ALIGN (0x8)

/DISCARD/
 libc.a(*)
 libm.a(*)
 libgcc.a(*)

.ARM.attributes
                0x00000000       0x30
 *(.ARM.attributes)
 .ARM.attributes
                0x00000000       0x22 C:/ST/STM32CubeIDE_1.16.1/STM32CubeIDE/plugins/com.st.stm32cube.ide.mcu.externaltools.gnu-tools-for-stm32.12.3.rel1.win32_1.0.200.202406191623/tools/bin/../lib/gcc/arm-none-eabi/12.3.1/thumb/v7e-m+fp/hard/crti.o
 .ARM.attributes
                0x00000022       0x34 C:/ST/STM32CubeIDE_1.16.1/STM32CubeIDE/plugins/com.st.stm32cube.ide.mcu.externaltools.gnu-tools-for-stm32.12.3.rel1.win32_1.0.200.202406191623/tools/bin/../lib/gcc/arm-none-eabi/12.3.1/thumb/v7e-m+fp/hard/crtbegin.o
 .ARM.attributes
                0x00000056       0x34 ./Core/Modules/SSD1305/SSD1305.o
 .ARM.attributes
                0x0000008a       0x34 ./Core/Src/main.o
 .ARM.attributes
                0x000000be       0x34 ./Core/Src/stm32f4xx_hal_msp.o
 .ARM.attributes
                0x000000f2       0x34 ./Core/Src/stm32f4xx_it.o
 .ARM.attributes
                0x00000126       0x34 ./Core/Src/system_stm32f4xx.o
 .ARM.attributes
                0x0000015a       0x21 ./Core/Startup/startup_stm32f446retx.o
 .ARM.attributes
                0x0000017b       0x34 ./Drivers/STM32F4xx_HAL_Driver/Src/stm32f4xx_hal.o
 .ARM.attributes
                0x000001af       0x34 ./Drivers/STM32F4xx_HAL_Driver/Src/stm32f4xx_hal_cortex.o
 .ARM.attributes
                0x000001e3       0x34 ./Drivers/STM32F4xx_HAL_Driver/Src/stm32f4xx_hal_gpio.o
 .ARM.attributes
                0x00000217       0x34 ./Drivers/STM32F4xx_HAL_Driver/Src/stm32f4xx_hal_i2c.o
 .ARM.attributes
                0x0000024b       0x34 ./Drivers/STM32F4xx_HAL_Driver/Src/stm32f4xx_hal_rcc.o
 .ARM.attributes
                0x0000027f       0x34 ./Drivers/STM32F4xx_HAL_Driver/Src/stm32f4xx_hal_rcc_ex.o
 .ARM.attributes
                0x000002b3       0x34 ./Drivers/STM32F4xx_HAL_Driver/Src/stm32f4xx_hal_uart.o
 .ARM.attributes
                0x000002e7       0x34 C:/ST/STM32CubeIDE_1.16.1/STM32CubeIDE/plugins/com.st.stm32cube.ide.mcu.externaltools.gnu-tools-for-stm32.12.3.rel1.win32_1.0.200.202406191623/tools/bin/../lib/gcc/arm-none-eabi/12.3.1/../../../../arm-none-eabi/lib/thumb/v7e-m+fp/hard\libc_nano.a(libc_a-memset.o)
 .ARM.attributes
                0x0000031b       0x34 C:/ST/STM32CubeIDE_1.16.1/STM32CubeIDE/plugins/com.st.stm32cube.ide.mcu.externaltools.gnu-tools-for-stm32.12.3.rel1.win32_1.0.200.202406191623/tools/bin/../lib/gcc/arm-none-eabi/12.3.1/../../../../arm-none-eabi/lib/thumb/v7e-m+fp/hard\libc_nano.a(libc_a-init.o)
 .ARM.attributes
                0x0000034f       0x22 C:/ST/STM32CubeIDE_1.16.1/STM32CubeIDE/plugins/com.st.stm32cube.ide.mcu.externaltools.gnu-tools-for-stm32.12.3.rel1.win32_1.0.200.202406191623/tools/bin/../lib/gcc/arm-none-eabi/12.3.1/thumb/v7e-m+fp/hard\libgcc.a(_aeabi_uldivmod.o)
 .ARM.attributes
                0x00000371       0x34 C:/ST/STM32CubeIDE_1.16.1/STM32CubeIDE/plugins/com.st.stm32cube.ide.mcu.externaltools.gnu-tools-for-stm32.12.3.rel1.win32_1.0.200.202406191623/tools/bin/../lib/gcc/arm-none-eabi/12.3.1/thumb/v7e-m+fp/hard\libgcc.a(_udivmoddi4.o)
 .ARM.attributes
                0x000003a5       0x22 C:/ST/STM32CubeIDE_1.16.1/STM32CubeIDE/plugins/com.st.stm32cube.ide.mcu.externaltools.gnu-tools-for-stm32.12.3.rel1.win32_1.0.200.202406191623/tools/bin/../lib/gcc/arm-none-eabi/12.3.1/thumb/v7e-m+fp/hard\libgcc.a(_dvmd_tls.o)
 .ARM.attributes
                0x000003c7       0x22 C:/ST/STM32CubeIDE_1.16.1/STM32CubeIDE/plugins/com.st.stm32cube.ide.mcu.externaltools.gnu-tools-for-stm32.12.3.rel1.win32_1.0.200.202406191623/tools/bin/../lib/gcc/arm-none-eabi/12.3.1/thumb/v7e-m+fp/hard/crtn.o
OUTPUT(OLED.elf elf32-littlearm)
LOAD linker stubs
LOAD C:/ST/STM32CubeIDE_1.16.1/STM32CubeIDE/plugins/com.st.stm32cube.ide.mcu.externaltools.gnu-tools-for-stm32.12.3.rel1.win32_1.0.200.202406191623/tools/bin/../lib/gcc/arm-none-eabi/12.3.1/../../../../arm-none-eabi/lib/thumb/v7e-m+fp/hard\libc.a
LOAD C:/ST/STM32CubeIDE_1.16.1/STM32CubeIDE/plugins/com.st.stm32cube.ide.mcu.externaltools.gnu-tools-for-stm32.12.3.rel1.win32_1.0.200.202406191623/tools/bin/../lib/gcc/arm-none-eabi/12.3.1/../../../../arm-none-eabi/lib/thumb/v7e-m+fp/hard\libm.a
LOAD C:/ST/STM32CubeIDE_1.16.1/STM32CubeIDE/plugins/com.st.stm32cube.ide.mcu.externaltools.gnu-tools-for-stm32.12.3.rel1.win32_1.0.200.202406191623/tools/bin/../lib/gcc/arm-none-eabi/12.3.1/thumb/v7e-m+fp/hard\libgcc.a

.debug_info     0x00000000     0xc7d7
 .debug_info    0x00000000     0x17df ./Core/Modules/SSD1305/SSD1305.o
 .debug_info    0x000017df     0x1949 ./Core/Src/main.o
 .debug_info    0x00003128      0xc2e ./Core/Src/stm32f4xx_hal_msp.o
 .debug_info    0x00003d56      0x112 ./Core/Src/stm32f4xx_it.o
 .debug_info    0x00003e68      0x54a ./Core/Src/system_stm32f4xx.o
 .debug_info    0x000043b2       0x30 ./Core/Startup/startup_stm32f446retx.o
 .debug_info    0x000043e2      0x99e ./Drivers/STM32F4xx_HAL_Driver/Src/stm32f4xx_hal.o
 .debug_info    0x00004d80      0xd64 ./Drivers/STM32F4xx_HAL_Driver/Src/stm32f4xx_hal_cortex.o
 .debug_info    0x00005ae4      0x70b ./Drivers/STM32F4xx_HAL_Driver/Src/stm32f4xx_hal_gpio.o
 .debug_info    0x000061ef     0x23ed ./Drivers/STM32F4xx_HAL_Driver/Src/stm32f4xx_hal_i2c.o
 .debug_info    0x000085dc      0x8ed ./Drivers/STM32F4xx_HAL_Driver/Src/stm32f4xx_hal_rcc.o
 .debug_info    0x00008ec9      0x956 ./Drivers/STM32F4xx_HAL_Driver/Src/stm32f4xx_hal_rcc_ex.o
 .debug_info    0x0000981f     0x2fb8 ./Drivers/STM32F4xx_HAL_Driver/Src/stm32f4xx_hal_uart.o

.debug_abbrev   0x00000000     0x1c07
 .debug_abbrev  0x00000000      0x341 ./Core/Modules/SSD1305/SSD1305.o
 .debug_abbrev  0x00000341      0x3ca ./Core/Src/main.o
 .debug_abbrev  0x0000070b      0x1c2 ./Core/Src/stm32f4xx_hal_msp.o
 .debug_abbrev  0x000008cd       0x73 ./Core/Src/stm32f4xx_it.o
 .debug_abbrev  0x00000940      0x11a ./Core/Src/system_stm32f4xx.o
 .debug_abbrev  0x00000a5a       0x24 ./Core/Startup/startup_stm32f446retx.o
 .debug_abbrev  0x00000a7e      0x213 ./Drivers/STM32F4xx_HAL_Driver/Src/stm32f4xx_hal.o
 .debug_abbrev  0x00000c91      0x327 ./Drivers/STM32F4xx_HAL_Driver/Src/stm32f4xx_hal_cortex.o
 .debug_abbrev  0x00000fb8      0x1d4 ./Drivers/STM32F4xx_HAL_Driver/Src/stm32f4xx_hal_gpio.o
 .debug_abbrev  0x0000118c      0x2ad ./Drivers/STM32F4xx_HAL_Driver/Src/stm32f4xx_hal_i2c.o
 .debug_abbrev  0x00001439      0x2b6 ./Drivers/STM32F4xx_HAL_Driver/Src/stm32f4xx_hal_rcc.o
 .debug_abbrev  0x000016ef      0x20a ./Drivers/STM32F4xx_HAL_Driver/Src/stm32f4xx_hal_rcc_ex.o
 .debug_abbrev  0x000018f9      0x30e ./Drivers/STM32F4xx_HAL_Driver/Src/stm32f4xx_hal_uart.o

.debug_aranges  0x00000000      0xa88
 .debug_aranges
                0x00000000      0x148 ./Core/Modules/SSD1305/SSD1305.o
 .debug_aranges
                0x00000148       0x50 ./Core/Src/main.o
 .debug_aranges
                0x00000198       0x40 ./Core/Src/stm32f4xx_hal_msp.o
 .debug_aranges
                0x000001d8       0x60 ./Core/Src/stm32f4xx_it.o
 .debug_aranges
                0x00000238       0x28 ./Core/Src/system_stm32f4xx.o
 .debug_aranges
                0x00000260       0x28 ./Core/Startup/startup_stm32f446retx.o
 .debug_aranges
                0x00000288       0xf0 ./Drivers/STM32F4xx_HAL_Driver/Src/stm32f4xx_hal.o
 .debug_aranges
                0x00000378      0x118 ./Drivers/STM32F4xx_HAL_Driver/Src/stm32f4xx_hal_cortex.o
 .debug_aranges
                0x00000490       0x58 ./Drivers/STM32F4xx_HAL_Driver/Src/stm32f4xx_hal_gpio.o
 .debug_aranges
                0x000004e8      0x2a0 ./Drivers/STM32F4xx_HAL_Driver/Src/stm32f4xx_hal_i2c.o
 .debug_aranges
                0x00000788       0x88 ./Drivers/STM32F4xx_HAL_Driver/Src/stm32f4xx_hal_rcc.o
 .debug_aranges
                0x00000810       0x78 ./Drivers/STM32F4xx_HAL_Driver/Src/stm32f4xx_hal_rcc_ex.o
 .debug_aranges
                0x00000888      0x200 ./Drivers/STM32F4xx_HAL_Driver/Src/stm32f4xx_hal_uart.o

.debug_rnglists
                0x00000000      0x83f
 .debug_rnglists
                0x00000000       0xf6 ./Core/Modules/SSD1305/SSD1305.o
 .debug_rnglists
                0x000000f6       0x3a ./Core/Src/main.o
 .debug_rnglists
                0x00000130       0x2d ./Core/Src/stm32f4xx_hal_msp.o
 .debug_rnglists
                0x0000015d       0x43 ./Core/Src/stm32f4xx_it.o
 .debug_rnglists
                0x000001a0       0x1a ./Core/Src/system_stm32f4xx.o
 .debug_rnglists
                0x000001ba       0x19 ./Core/Startup/startup_stm32f446retx.o
 .debug_rnglists
                0x000001d3       0xaf ./Drivers/STM32F4xx_HAL_Driver/Src/stm32f4xx_hal.o
 .debug_rnglists
                0x00000282       0xce ./Drivers/STM32F4xx_HAL_Driver/Src/stm32f4xx_hal_cortex.o
 .debug_rnglists
                0x00000350       0x3f ./Drivers/STM32F4xx_HAL_Driver/Src/stm32f4xx_hal_gpio.o
 .debug_rnglists
                0x0000038f      0x235 ./Drivers/STM32F4xx_HAL_Driver/Src/stm32f4xx_hal_i2c.o
 .debug_rnglists
                0x000005c4       0x66 ./Drivers/STM32F4xx_HAL_Driver/Src/stm32f4xx_hal_rcc.o
 .debug_rnglists
                0x0000062a       0x5e ./Drivers/STM32F4xx_HAL_Driver/Src/stm32f4xx_hal_rcc_ex.o
 .debug_rnglists
                0x00000688      0x1b7 ./Drivers/STM32F4xx_HAL_Driver/Src/stm32f4xx_hal_uart.o

.debug_macro    0x00000000    0x20b6a
 .debug_macro   0x00000000      0x1fb ./Core/Modules/SSD1305/SSD1305.o
 .debug_macro   0x000001fb      0xb8c ./Core/Modules/SSD1305/SSD1305.o
 .debug_macro   0x00000d87       0x1c ./Core/Modules/SSD1305/SSD1305.o
 .debug_macro   0x00000da3       0x22 ./Core/Modules/SSD1305/SSD1305.o
 .debug_macro   0x00000dc5       0x8e ./Core/Modules/SSD1305/SSD1305.o
 .debug_macro   0x00000e53       0x51 ./Core/Modules/SSD1305/SSD1305.o
 .debug_macro   0x00000ea4      0x103 ./Core/Modules/SSD1305/SSD1305.o
 .debug_macro   0x00000fa7       0x6a ./Core/Modules/SSD1305/SSD1305.o
 .debug_macro   0x00001011      0x1df ./Core/Modules/SSD1305/SSD1305.o
 .debug_macro   0x000011f0      0x29b ./Core/Modules/SSD1305/SSD1305.o
 .debug_macro   0x0000148b       0x2e ./Core/Modules/SSD1305/SSD1305.o
 .debug_macro   0x000014b9       0x28 ./Core/Modules/SSD1305/SSD1305.o
 .debug_macro   0x000014e1       0x1c ./Core/Modules/SSD1305/SSD1305.o
 .debug_macro   0x000014fd       0x22 ./Core/Modules/SSD1305/SSD1305.o
 .debug_macro   0x0000151f       0xd9 ./Core/Modules/SSD1305/SSD1305.o
 .debug_macro   0x000015f8     0x102d ./Core/Modules/SSD1305/SSD1305.o
 .debug_macro   0x00002625      0x11f ./Core/Modules/SSD1305/SSD1305.o
 .debug_macro   0x00002744    0x16749 ./Core/Modules/SSD1305/SSD1305.o
 .debug_macro   0x00018e8d       0x6d ./Core/Modules/SSD1305/SSD1305.o
 .debug_macro   0x00018efa     0x367e ./Core/Modules/SSD1305/SSD1305.o
 .debug_macro   0x0001c578      0x190 ./Core/Modules/SSD1305/SSD1305.o
 .debug_macro   0x0001c708       0x5c ./Core/Modules/SSD1305/SSD1305.o
 .debug_macro   0x0001c764      0xc90 ./Core/Modules/SSD1305/SSD1305.o
 .debug_macro   0x0001d3f4      0x9fe ./Core/Modules/SSD1305/SSD1305.o
 .debug_macro   0x0001ddf2      0x115 ./Core/Modules/SSD1305/SSD1305.o
 .debug_macro   0x0001df07      0x1a0 ./Core/Modules/SSD1305/SSD1305.o
 .debug_macro   0x0001e0a7       0xa5 ./Core/Modules/SSD1305/SSD1305.o
 .debug_macro   0x0001e14c      0x16d ./Core/Modules/SSD1305/SSD1305.o
 .debug_macro   0x0001e2b9      0x287 ./Core/Modules/SSD1305/SSD1305.o
 .debug_macro   0x0001e540       0x5f ./Core/Modules/SSD1305/SSD1305.o
 .debug_macro   0x0001e59f      0x236 ./Core/Modules/SSD1305/SSD1305.o
 .debug_macro   0x0001e7d5      0x132 ./Core/Modules/SSD1305/SSD1305.o
 .debug_macro   0x0001e907      0x29c ./Core/Modules/SSD1305/SSD1305.o
 .debug_macro   0x0001eba3       0x2e ./Core/Modules/SSD1305/SSD1305.o
 .debug_macro   0x0001ebd1      0x1b5 ./Core/Modules/SSD1305/SSD1305.o
 .debug_macro   0x0001ed86       0x22 ./Core/Modules/SSD1305/SSD1305.o
 .debug_macro   0x0001eda8       0xd6 ./Core/Modules/SSD1305/SSD1305.o
 .debug_macro   0x0001ee7e      0x11a ./Core/Modules/SSD1305/SSD1305.o
 .debug_macro   0x0001ef98       0xe8 ./Core/Modules/SSD1305/SSD1305.o
 .debug_macro   0x0001f080       0x89 ./Core/Modules/SSD1305/SSD1305.o
 .debug_macro   0x0001f109      0x295 ./Core/Modules/SSD1305/SSD1305.o
 .debug_macro   0x0001f39e      0x126 ./Core/Modules/SSD1305/SSD1305.o
 .debug_macro   0x0001f4c4      0x10c ./Core/Modules/SSD1305/SSD1305.o
 .debug_macro   0x0001f5d0      0x20a ./Core/Src/main.o
 .debug_macro   0x0001f7da       0x58 ./Core/Src/main.o
 .debug_macro   0x0001f832      0x1e2 ./Core/Src/stm32f4xx_hal_msp.o
 .debug_macro   0x0001fa14      0x1ec ./Core/Src/stm32f4xx_it.o
 .debug_macro   0x0001fc00      0x1d3 ./Core/Src/system_stm32f4xx.o
 .debug_macro   0x0001fdd3      0x233 ./Drivers/STM32F4xx_HAL_Driver/Src/stm32f4xx_hal.o
 .debug_macro   0x00020006      0x1d3 ./Drivers/STM32F4xx_HAL_Driver/Src/stm32f4xx_hal_cortex.o
 .debug_macro   0x000201d9      0x1d9 ./Drivers/STM32F4xx_HAL_Driver/Src/stm32f4xx_hal_gpio.o
 .debug_macro   0x000203b2      0x21a ./Drivers/STM32F4xx_HAL_Driver/Src/stm32f4xx_hal_i2c.o
 .debug_macro   0x000205cc      0x1f7 ./Drivers/STM32F4xx_HAL_Driver/Src/stm32f4xx_hal_rcc.o
 .debug_macro   0x000207c3      0x1d3 ./Drivers/STM32F4xx_HAL_Driver/Src/stm32f4xx_hal_rcc_ex.o
 .debug_macro   0x00020996      0x1d4 ./Drivers/STM32F4xx_HAL_Driver/Src/stm32f4xx_hal_uart.o

.debug_line     0x00000000     0xdc51
 .debug_line    0x00000000      0xeba ./Core/Modules/SSD1305/SSD1305.o
 .debug_line    0x00000eba      0xa8f ./Core/Src/main.o
 .debug_line    0x00001949      0x7ea ./Core/Src/stm32f4xx_hal_msp.o
 .debug_line    0x00002133      0x811 ./Core/Src/stm32f4xx_it.o
 .debug_line    0x00002944      0x7d3 ./Core/Src/system_stm32f4xx.o
 .debug_line    0x00003117       0x7a ./Core/Startup/startup_stm32f446retx.o
 .debug_line    0x00003191      0xa3c ./Drivers/STM32F4xx_HAL_Driver/Src/stm32f4xx_hal.o
 .debug_line    0x00003bcd      0xce9 ./Drivers/STM32F4xx_HAL_Driver/Src/stm32f4xx_hal_cortex.o
 .debug_line    0x000048b6      0xbb4 ./Drivers/STM32F4xx_HAL_Driver/Src/stm32f4xx_hal_gpio.o
 .debug_line    0x0000546a     0x3ae2 ./Drivers/STM32F4xx_HAL_Driver/Src/stm32f4xx_hal_i2c.o
 .debug_line    0x00008f4c      0xdbb ./Drivers/STM32F4xx_HAL_Driver/Src/stm32f4xx_hal_rcc.o
 .debug_line    0x00009d07     0x1457 ./Drivers/STM32F4xx_HAL_Driver/Src/stm32f4xx_hal_rcc_ex.o
 .debug_line    0x0000b15e     0x2af3 ./Drivers/STM32F4xx_HAL_Driver/Src/stm32f4xx_hal_uart.o

.debug_str      0x00000000    0xc8444
 .debug_str     0x00000000    0xc52a1 ./Core/Modules/SSD1305/SSD1305.o
                              0xc5702 (size before relaxing)
 .debug_str     0x000c52a1      0x7d5 ./Core/Src/main.o
                              0xc5e1e (size before relaxing)
 .debug_str     0x000c5a76      0x29f ./Core/Src/stm32f4xx_hal_msp.o
                              0xc440d (size before relaxing)
 .debug_str     0x000c5d15       0xc9 ./Core/Src/stm32f4xx_it.o
                              0xc3bbd (size before relaxing)
 .debug_str     0x000c5dde       0xdb ./Core/Src/system_stm32f4xx.o
                              0xc3be6 (size before relaxing)
 .debug_str     0x000c5eb9       0x44 ./Core/Startup/startup_stm32f446retx.o
                                 0x7d (size before relaxing)
 .debug_str     0x000c5efd      0xab7 ./Drivers/STM32F4xx_HAL_Driver/Src/stm32f4xx_hal.o
                              0xc47ab (size before relaxing)
 .debug_str     0x000c69b4      0x354 ./Drivers/STM32F4xx_HAL_Driver/Src/stm32f4xx_hal_cortex.o
                              0xc44b9 (size before relaxing)
 .debug_str     0x000c6d08      0x121 ./Drivers/STM32F4xx_HAL_Driver/Src/stm32f4xx_hal_gpio.o
                              0xc3d61 (size before relaxing)
 .debug_str     0x000c6e29      0xae2 ./Drivers/STM32F4xx_HAL_Driver/Src/stm32f4xx_hal_i2c.o
                              0xc4b91 (size before relaxing)
 .debug_str     0x000c790b      0x213 ./Drivers/STM32F4xx_HAL_Driver/Src/stm32f4xx_hal_rcc.o
                              0xc401f (size before relaxing)
 .debug_str     0x000c7b1e      0x324 ./Drivers/STM32F4xx_HAL_Driver/Src/stm32f4xx_hal_rcc_ex.o
                              0xc4052 (size before relaxing)
 .debug_str     0x000c7e42      0x602 ./Drivers/STM32F4xx_HAL_Driver/Src/stm32f4xx_hal_uart.o
                              0xc4594 (size before relaxing)

.comment        0x00000000       0x43
 .comment       0x00000000       0x43 ./Core/Modules/SSD1305/SSD1305.o
                                 0x44 (size before relaxing)
 .comment       0x00000043       0x44 ./Core/Src/main.o
 .comment       0x00000043       0x44 ./Core/Src/stm32f4xx_hal_msp.o
 .comment       0x00000043       0x44 ./Core/Src/stm32f4xx_it.o
 .comment       0x00000043       0x44 ./Core/Src/system_stm32f4xx.o
 .comment       0x00000043       0x44 ./Drivers/STM32F4xx_HAL_Driver/Src/stm32f4xx_hal.o
 .comment       0x00000043       0x44 ./Drivers/STM32F4xx_HAL_Driver/Src/stm32f4xx_hal_cortex.o
 .comment       0x00000043       0x44 ./Drivers/STM32F4xx_HAL_Driver/Src/stm32f4xx_hal_gpio.o
 .comment       0x00000043       0x44 ./Drivers/STM32F4xx_HAL_Driver/Src/stm32f4xx_hal_i2c.o
 .comment       0x00000043       0x44 ./Drivers/STM32F4xx_HAL_Driver/Src/stm32f4xx_hal_rcc.o
 .comment       0x00000043       0x44 ./Drivers/STM32F4xx_HAL_Driver/Src/stm32f4xx_hal_rcc_ex.o
 .comment       0x00000043       0x44 ./Drivers/STM32F4xx_HAL_Driver/Src/stm32f4xx_hal_uart.o

.debug_frame    0x00000000     0x2c0c
 .debug_frame   0x00000000      0x590 ./Core/Modules/SSD1305/SSD1305.o
 .debug_frame   0x00000590       0xf4 ./Core/Src/main.o
 .debug_frame   0x00000684       0xc4 ./Core/Src/stm32f4xx_hal_msp.o
 .debug_frame   0x00000748      0x104 ./Core/Src/stm32f4xx_it.o
 .debug_frame   0x0000084c       0x58 ./Core/Src/system_stm32f4xx.o
 .debug_frame   0x000008a4      0x374 ./Drivers/STM32F4xx_HAL_Driver/Src/stm32f4xx_hal.o
 .debug_frame   0x00000c18      0x498 ./Drivers/STM32F4xx_HAL_Driver/Src/stm32f4xx_hal_cortex.o
 .debug_frame   0x000010b0      0x14c ./Drivers/STM32F4xx_HAL_Driver/Src/stm32f4xx_hal_gpio.o
 .debug_frame   0x000011fc      0xc5c ./Drivers/STM32F4xx_HAL_Driver/Src/stm32f4xx_hal_i2c.o
 .debug_frame   0x00001e58      0x1f4 ./Drivers/STM32F4xx_HAL_Driver/Src/stm32f4xx_hal_rcc.o
 .debug_frame   0x0000204c      0x1e8 ./Drivers/STM32F4xx_HAL_Driver/Src/stm32f4xx_hal_rcc_ex.o
 .debug_frame   0x00002234      0x92c ./Drivers/STM32F4xx_HAL_Driver/Src/stm32f4xx_hal_uart.o
 .debug_frame   0x00002b60       0x20 C:/ST/STM32CubeIDE_1.16.1/STM32CubeIDE/plugins/com.st.stm32cube.ide.mcu.externaltools.gnu-tools-for-stm32.12.3.rel1.win32_1.0.200.202406191623/tools/bin/../lib/gcc/arm-none-eabi/12.3.1/../../../../arm-none-eabi/lib/thumb/v7e-m+fp/hard\libc_nano.a(libc_a-memset.o)
 .debug_frame   0x00002b80       0x2c C:/ST/STM32CubeIDE_1.16.1/STM32CubeIDE/plugins/com.st.stm32cube.ide.mcu.externaltools.gnu-tools-for-stm32.12.3.rel1.win32_1.0.200.202406191623/tools/bin/../lib/gcc/arm-none-eabi/12.3.1/../../../../arm-none-eabi/lib/thumb/v7e-m+fp/hard\libc_nano.a(libc_a-init.o)
 .debug_frame   0x00002bac       0x2c C:/ST/STM32CubeIDE_1.16.1/STM32CubeIDE/plugins/com.st.stm32cube.ide.mcu.externaltools.gnu-tools-for-stm32.12.3.rel1.win32_1.0.200.202406191623/tools/bin/../lib/gcc/arm-none-eabi/12.3.1/thumb/v7e-m+fp/hard\libgcc.a(_aeabi_uldivmod.o)
 .debug_frame   0x00002bd8       0x34 C:/ST/STM32CubeIDE_1.16.1/STM32CubeIDE/plugins/com.st.stm32cube.ide.mcu.externaltools.gnu-tools-for-stm32.12.3.rel1.win32_1.0.200.202406191623/tools/bin/../lib/gcc/arm-none-eabi/12.3.1/thumb/v7e-m+fp/hard\libgcc.a(_udivmoddi4.o)

.debug_line_str
                0x00000000       0x61
 .debug_line_str
                0x00000000       0x61 ./Core/Startup/startup_stm32f446retx.o
