Archive member included to satisfy reference by file (symbol)

c:/st/stm32cubeide_1.12.0/stm32cubeide/plugins/com.st.stm32cube.ide.mcu.externaltools.gnu-tools-for-stm32.10.3-2021.10.win32_1.0.200.202301161003/tools/bin/../lib/gcc/arm-none-eabi/10.3.1/../../../../arm-none-eabi/lib/thumb/v7e-m+fp/hard\libc_nano.a(lib_a-errno.o)
                              ./Core/Src/syscalls.o (__errno)
c:/st/stm32cubeide_1.12.0/stm32cubeide/plugins/com.st.stm32cube.ide.mcu.externaltools.gnu-tools-for-stm32.10.3-2021.10.win32_1.0.200.202301161003/tools/bin/../lib/gcc/arm-none-eabi/10.3.1/../../../../arm-none-eabi/lib/thumb/v7e-m+fp/hard\libc_nano.a(lib_a-exit.o)
                              c:/st/stm32cubeide_1.12.0/stm32cubeide/plugins/com.st.stm32cube.ide.mcu.externaltools.gnu-tools-for-stm32.10.3-2021.10.win32_1.0.200.202301161003/tools/bin/../lib/gcc/arm-none-eabi/10.3.1/../../../../arm-none-eabi/lib/thumb/v7e-m+fp/hard/crt0.o (exit)
c:/st/stm32cubeide_1.12.0/stm32cubeide/plugins/com.st.stm32cube.ide.mcu.externaltools.gnu-tools-for-stm32.10.3-2021.10.win32_1.0.200.202301161003/tools/bin/../lib/gcc/arm-none-eabi/10.3.1/../../../../arm-none-eabi/lib/thumb/v7e-m+fp/hard\libc_nano.a(lib_a-impure.o)
                              c:/st/stm32cubeide_1.12.0/stm32cubeide/plugins/com.st.stm32cube.ide.mcu.externaltools.gnu-tools-for-stm32.10.3-2021.10.win32_1.0.200.202301161003/tools/bin/../lib/gcc/arm-none-eabi/10.3.1/../../../../arm-none-eabi/lib/thumb/v7e-m+fp/hard\libc_nano.a(lib_a-exit.o) (_global_impure_ptr)
c:/st/stm32cubeide_1.12.0/stm32cubeide/plugins/com.st.stm32cube.ide.mcu.externaltools.gnu-tools-for-stm32.10.3-2021.10.win32_1.0.200.202301161003/tools/bin/../lib/gcc/arm-none-eabi/10.3.1/../../../../arm-none-eabi/lib/thumb/v7e-m+fp/hard\libc_nano.a(lib_a-init.o)
                              c:/st/stm32cubeide_1.12.0/stm32cubeide/plugins/com.st.stm32cube.ide.mcu.externaltools.gnu-tools-for-stm32.10.3-2021.10.win32_1.0.200.202301161003/tools/bin/../lib/gcc/arm-none-eabi/10.3.1/../../../../arm-none-eabi/lib/thumb/v7e-m+fp/hard/crt0.o (__libc_init_array)
c:/st/stm32cubeide_1.12.0/stm32cubeide/plugins/com.st.stm32cube.ide.mcu.externaltools.gnu-tools-for-stm32.10.3-2021.10.win32_1.0.200.202301161003/tools/bin/../lib/gcc/arm-none-eabi/10.3.1/../../../../arm-none-eabi/lib/thumb/v7e-m+fp/hard\libc_nano.a(lib_a-memset.o)
                              c:/st/stm32cubeide_1.12.0/stm32cubeide/plugins/com.st.stm32cube.ide.mcu.externaltools.gnu-tools-for-stm32.10.3-2021.10.win32_1.0.200.202301161003/tools/bin/../lib/gcc/arm-none-eabi/10.3.1/../../../../arm-none-eabi/lib/thumb/v7e-m+fp/hard/crt0.o (memset)
c:/st/stm32cubeide_1.12.0/stm32cubeide/plugins/com.st.stm32cube.ide.mcu.externaltools.gnu-tools-for-stm32.10.3-2021.10.win32_1.0.200.202301161003/tools/bin/../lib/gcc/arm-none-eabi/10.3.1/thumb/v7e-m+fp/hard\libgcc.a(_aeabi_uldivmod.o)
                              ./Drivers/STM32F4xx_HAL_Driver/Src/stm32f4xx_hal_rcc.o (__aeabi_uldivmod)
c:/st/stm32cubeide_1.12.0/stm32cubeide/plugins/com.st.stm32cube.ide.mcu.externaltools.gnu-tools-for-stm32.10.3-2021.10.win32_1.0.200.202301161003/tools/bin/../lib/gcc/arm-none-eabi/10.3.1/thumb/v7e-m+fp/hard\libgcc.a(_udivmoddi4.o)
                              c:/st/stm32cubeide_1.12.0/stm32cubeide/plugins/com.st.stm32cube.ide.mcu.externaltools.gnu-tools-for-stm32.10.3-2021.10.win32_1.0.200.202301161003/tools/bin/../lib/gcc/arm-none-eabi/10.3.1/thumb/v7e-m+fp/hard\libgcc.a(_aeabi_uldivmod.o) (__udivmoddi4)
c:/st/stm32cubeide_1.12.0/stm32cubeide/plugins/com.st.stm32cube.ide.mcu.externaltools.gnu-tools-for-stm32.10.3-2021.10.win32_1.0.200.202301161003/tools/bin/../lib/gcc/arm-none-eabi/10.3.1/thumb/v7e-m+fp/hard\libgcc.a(_dvmd_tls.o)
                              c:/st/stm32cubeide_1.12.0/stm32cubeide/plugins/com.st.stm32cube.ide.mcu.externaltools.gnu-tools-for-stm32.10.3-2021.10.win32_1.0.200.202301161003/tools/bin/../lib/gcc/arm-none-eabi/10.3.1/thumb/v7e-m+fp/hard\libgcc.a(_aeabi_uldivmod.o) (__aeabi_ldiv0)

Discarded input sections

 .text          0x0000000000000000        0x0 c:/st/stm32cubeide_1.12.0/stm32cubeide/plugins/com.st.stm32cube.ide.mcu.externaltools.gnu-tools-for-stm32.10.3-2021.10.win32_1.0.200.202301161003/tools/bin/../lib/gcc/arm-none-eabi/10.3.1/thumb/v7e-m+fp/hard/crti.o
 .data          0x0000000000000000        0x0 c:/st/stm32cubeide_1.12.0/stm32cubeide/plugins/com.st.stm32cube.ide.mcu.externaltools.gnu-tools-for-stm32.10.3-2021.10.win32_1.0.200.202301161003/tools/bin/../lib/gcc/arm-none-eabi/10.3.1/thumb/v7e-m+fp/hard/crti.o
 .bss           0x0000000000000000        0x0 c:/st/stm32cubeide_1.12.0/stm32cubeide/plugins/com.st.stm32cube.ide.mcu.externaltools.gnu-tools-for-stm32.10.3-2021.10.win32_1.0.200.202301161003/tools/bin/../lib/gcc/arm-none-eabi/10.3.1/thumb/v7e-m+fp/hard/crti.o
[...]
Memory Configuration

Name             Origin             Length             Attributes
RAM              0x0000000020000000 0x0000000000020000 xrw
FLASH            0x0000000008000000 0x0000000000080000 xr
*default*        0x0000000000000000 0xffffffffffffffff

Linker script and memory map

LOAD c:/st/stm32cubeide_1.12.0/stm32cubeide/plugins/com.st.stm32cube.ide.mcu.externaltools.gnu-tools-for-stm32.10.3-2021.10.win32_1.0.200.202301161003/tools/bin/../lib/gcc/arm-none-eabi/10.3.1/thumb/v7e-m+fp/hard/crti.o
LOAD c:/st/stm32cubeide_1.12.0/stm32cubeide/plugins/com.st.stm32cube.ide.mcu.externaltools.gnu-tools-for-stm32.10.3-2021.10.win32_1.0.200.202301161003/tools/bin/../lib/gcc/arm-none-eabi/10.3.1/thumb/v7e-m+fp/hard/crtbegin.o
LOAD c:/st/stm32cubeide_1.12.0/stm32cubeide/plugins/com.st.stm32cube.ide.mcu.externaltools.gnu-tools-for-stm32.10.3-2021.10.win32_1.0.200.202301161003/tools/bin/../lib/gcc/arm-none-eabi/10.3.1/../../../../arm-none-eabi/lib/thumb/v7e-m+fp/hard/crt0.o
LOAD ./Core/Modules/SSD1305/SSD1305.o
LOAD ./Core/Modules/SSD1306/fonts.o
LOAD ./Core/Modules/SSD1306/ssd1306.o
LOAD ./Core/Src/main.o
LOAD ./Core/Src/stm32f4xx_hal_msp.o
LOAD ./Core/Src/stm32f4xx_it.o
LOAD ./Core/Src/syscalls.o
LOAD ./Core/Src/sysmem.o
LOAD ./Core/Src/system_stm32f4xx.o
LOAD ./Core/Startup/startup_stm32f446retx.o
LOAD ./Drivers/STM32F4xx_HAL_Driver/Src/stm32f4xx_hal.o
LOAD ./Drivers/STM32F4xx_HAL_Driver/Src/stm32f4xx_hal_cortex.o
LOAD ./Drivers/STM32F4xx_HAL_Driver/Src/stm32f4xx_hal_dma.o
LOAD ./Drivers/STM32F4xx_HAL_Driver/Src/stm32f4xx_hal_dma_ex.o
LOAD ./Drivers/STM32F4xx_HAL_Driver/Src/stm32f4xx_hal_exti.o
LOAD ./Drivers/STM32F4xx_HAL_Driver/Src/stm32f4xx_hal_flash.o
LOAD ./Drivers/STM32F4xx_HAL_Driver/Src/stm32f4xx_hal_flash_ex.o
LOAD ./Drivers/STM32F4xx_HAL_Driver/Src/stm32f4xx_hal_flash_ramfunc.o
LOAD ./Drivers/STM32F4xx_HAL_Driver/Src/stm32f4xx_hal_gpio.o
LOAD ./Drivers/STM32F4xx_HAL_Driver/Src/stm32f4xx_hal_i2c.o
LOAD ./Drivers/STM32F4xx_HAL_Driver/Src/stm32f4xx_hal_i2c_ex.o
LOAD ./Drivers/STM32F4xx_HAL_Driver/Src/stm32f4xx_hal_pwr.o
LOAD ./Drivers/STM32F4xx_HAL_Driver/Src/stm32f4xx_hal_pwr_ex.o
LOAD ./Drivers/STM32F4xx_HAL_Driver/Src/stm32f4xx_hal_rcc.o
LOAD ./Drivers/STM32F4xx_HAL_Driver/Src/stm32f4xx_hal_rcc_ex.o
LOAD ./Drivers/STM32F4xx_HAL_Driver/Src/stm32f4xx_hal_tim.o
LOAD ./Drivers/STM32F4xx_HAL_Driver/Src/stm32f4xx_hal_tim_ex.o
LOAD ./Drivers/STM32F4xx_HAL_Driver/Src/stm32f4xx_hal_uart.o
START GROUP
LOAD c:/st/stm32cubeide_1.12.0/stm32cubeide/plugins/com.st.stm32cube.ide.mcu.externaltools.gnu-tools-for-stm32.10.3-2021.10.win32_1.0.200.202301161003/tools/bin/../lib/gcc/arm-none-eabi/10.3.1/../../../../arm-none-eabi/lib/thumb/v7e-m+fp/hard\libstdc++_nano.a
LOAD c:/st/stm32cubeide_1.12.0/stm32cubeide/plugins/com.st.stm32cube.ide.mcu.externaltools.gnu-tools-for-stm32.10.3-2021.10.win32_1.0.200.202301161003/tools/bin/../lib/gcc/arm-none-eabi/10.3.1/../../../../arm-none-eabi/lib/thumb/v7e-m+fp/hard\libsupc++_nano.a
END GROUP
LOAD c:/st/stm32cubeide_1.12.0/stm32cubeide/plugins/com.st.stm32cube.ide.mcu.externaltools.gnu-tools-for-stm32.10.3-2021.10.win32_1.0.200.202301161003/tools/bin/../lib/gcc/arm-none-eabi/10.3.1/../../../../arm-none-eabi/lib/thumb/v7e-m+fp/hard\libstdc++_nano.a
LOAD c:/st/stm32cubeide_1.12.0/stm32cubeide/plugins/com.st.stm32cube.ide.mcu.externaltools.gnu-tools-for-stm32.10.3-2021.10.win32_1.0.200.202301161003/tools/bin/../lib/gcc/arm-none-eabi/10.3.1/../../../../arm-none-eabi/lib/thumb/v7e-m+fp/hard\libm.a
LOAD c:/st/stm32cubeide_1.12.0/stm32cubeide/plugins/com.st.stm32cube.ide.mcu.externaltools.gnu-tools-for-stm32.10.3-2021.10.win32_1.0.200.202301161003/tools/bin/../lib/gcc/arm-none-eabi/10.3.1/../../../../arm-none-eabi/lib/thumb/v7e-m+fp/hard\libc_nano.a
START GROUP
LOAD c:/st/stm32cubeide_1.12.0/stm32cubeide/plugins/com.st.stm32cube.ide.mcu.externaltools.gnu-tools-for-stm32.10.3-2021.10.win32_1.0.200.202301161003/tools/bin/../lib/gcc/arm-none-eabi/10.3.1/thumb/v7e-m+fp/hard\libgcc.a
LOAD c:/st/stm32cubeide_1.12.0/stm32cubeide/plugins/com.st.stm32cube.ide.mcu.externaltools.gnu-tools-for-stm32.10.3-2021.10.win32_1.0.200.202301161003/tools/bin/../lib/gcc/arm-none-eabi/10.3.1/../../../../arm-none-eabi/lib/thumb/v7e-m+fp/hard\libc_nano.a
END GROUP
START GROUP
LOAD c:/st/stm32cubeide_1.12.0/stm32cubeide/plugins/com.st.stm32cube.ide.mcu.externaltools.gnu-tools-for-stm32.10.3-2021.10.win32_1.0.200.202301161003/tools/bin/../lib/gcc/arm-none-eabi/10.3.1/thumb/v7e-m+fp/hard\libgcc.a
LOAD c:/st/stm32cubeide_1.12.0/stm32cubeide/plugins/com.st.stm32cube.ide.mcu.externaltools.gnu-tools-for-stm32.10.3-2021.10.win32_1.0.200.202301161003/tools/bin/../lib/gcc/arm-none-eabi/10.3.1/../../../../arm-none-eabi/lib/thumb/v7e-m+fp/hard\libc_nano.a
LOAD c:/st/stm32cubeide_1.12.0/stm32cubeide/plugins/com.st.stm32cube.ide.mcu.externaltools.gnu-tools-for-stm32.10.3-2021.10.win32_1.0.200.202301161003/tools/bin/../lib/gcc/arm-none-eabi/10.3.1/../../../../arm-none-eabi/lib/thumb/v7e-m+fp/hard\libnosys.a
END GROUP
START GROUP
LOAD c:/st/stm32cubeide_1.12.0/stm32cubeide/plugins/com.st.stm32cube.ide.mcu.externaltools.gnu-tools-for-stm32.10.3-2021.10.win32_1.0.200.202301161003/tools/bin/../lib/gcc/arm-none-eabi/10.3.1/thumb/v7e-m+fp/hard\libgcc.a
LOAD c:/st/stm32cubeide_1.12.0/stm32cubeide/plugins/com.st.stm32cube.ide.mcu.externaltools.gnu-tools-for-stm32.10.3-2021.10.win32_1.0.200.202301161003/tools/bin/../lib/gcc/arm-none-eabi/10.3.1/../../../../arm-none-eabi/lib/thumb/v7e-m+fp/hard\libc_nano.a
LOAD c:/st/stm32cubeide_1.12.0/stm32cubeide/plugins/com.st.stm32cube.ide.mcu.externaltools.gnu-tools-for-stm32.10.3-2021.10.win32_1.0.200.202301161003/tools/bin/../lib/gcc/arm-none-eabi/10.3.1/../../../../arm-none-eabi/lib/thumb/v7e-m+fp/hard\libnosys.a
END GROUP
LOAD c:/st/stm32cubeide_1.12.0/stm32cubeide/plugins/com.st.stm32cube.ide.mcu.externaltools.gnu-tools-for-stm32.10.3-2021.10.win32_1.0.200.202301161003/tools/bin/../lib/gcc/arm-none-eabi/10.3.1/thumb/v7e-m+fp/hard/crtend.o
LOAD c:/st/stm32cubeide_1.12.0/stm32cubeide/plugins/com.st.stm32cube.ide.mcu.externaltools.gnu-tools-for-stm32.10.3-2021.10.win32_1.0.200.202301161003/tools/bin/../lib/gcc/arm-none-eabi/10.3.1/thumb/v7e-m+fp/hard/crtn.o
                0x0000000020020000                _estack = (ORIGIN (RAM) + LENGTH (RAM))
                0x0000000000000200                _Min_Heap_Size = 0x200
                0x0000000000000400                _Min_Stack_Size = 0x400

.isr_vector     0x0000000008000000      0x1c4
                0x0000000008000000                . = ALIGN (0x4)
 *(.isr_vector)
 .isr_vector    0x0000000008000000      0x1c4 ./Core/Startup/startup_stm32f446retx.o
                0x0000000008000000                g_pfnVectors
                0x00000000080001c4                . = ALIGN (0x4)

.text           0x00000000080001c4     0x3568
                0x00000000080001c4                . = ALIGN (0x4)
 *(.text)
 .text          0x00000000080001c4       0x40 c:/st/stm32cubeide_1.12.0/stm32cubeide/plugins/com.st.stm32cube.ide.mcu.externaltools.gnu-tools-for-stm32.10.3-2021.10.win32_1.0.200.202301161003/tools/bin/../lib/gcc/arm-none-eabi/10.3.1/thumb/v7e-m+fp/hard/crtbegin.o
 .text          0x0000000008000204       0x30 c:/st/stm32cubeide_1.12.0/stm32cubeide/plugins/com.st.stm32cube.ide.mcu.externaltools.gnu-tools-for-stm32.10.3-2021.10.win32_1.0.200.202301161003/tools/bin/../lib/gcc/arm-none-eabi/10.3.1/thumb/v7e-m+fp/hard\libgcc.a(_aeabi_uldivmod.o)
                0x0000000008000204                __aeabi_uldivmod
 .text          0x0000000008000234      0x2d0 c:/st/stm32cubeide_1.12.0/stm32cubeide/plugins/com.st.stm32cube.ide.mcu.externaltools.gnu-tools-for-stm32.10.3-2021.10.win32_1.0.200.202301161003/tools/bin/../lib/gcc/arm-none-eabi/10.3.1/thumb/v7e-m+fp/hard\libgcc.a(_udivmoddi4.o)
                0x0000000008000234                __udivmoddi4
 .text          0x0000000008000504        0x4 c:/st/stm32cubeide_1.12.0/stm32cubeide/plugins/com.st.stm32cube.ide.mcu.externaltools.gnu-tools-for-stm32.10.3-2021.10.win32_1.0.200.202301161003/tools/bin/../lib/gcc/arm-none-eabi/10.3.1/thumb/v7e-m+fp/hard\libgcc.a(_dvmd_tls.o)
                0x0000000008000504                __aeabi_idiv0
                0x0000000008000504                __aeabi_ldiv0
 *(.text*)
 .text._ZN7SSD1305C2EP17I2C_HandleTypeDefhhh
                0x0000000008000508       0x44 ./Core/Modules/SSD1305/SSD1305.o
                0x0000000008000508                SSD1305::SSD1305(I2C_HandleTypeDef*, unsigned char, unsigned char, unsigned char)
                0x0000000008000508                SSD1305::SSD1305(I2C_HandleTypeDef*, unsigned char, unsigned char, unsigned char)
 .text._ZN7SSD13054InitEv
                0x000000000800054c      0x180 ./Core/Modules/SSD1305/SSD1305.o
                0x000000000800054c                SSD1305::Init()
 .text._ZN7SSD13059GetHeightEv
                0x00000000080006cc       0x18 ./Core/Modules/SSD1305/SSD1305.o
                0x00000000080006cc                SSD1305::GetHeight()
 .text._ZN7SSD13058GetWidthEv
                0x00000000080006e4       0x18 ./Core/Modules/SSD1305/SSD1305.o
                0x00000000080006e4                SSD1305::GetWidth()
 .text._ZN7SSD130519WriteBitmapToScreenEPhj
                0x00000000080006fc       0x5c ./Core/Modules/SSD1305/SSD1305.o
                0x00000000080006fc                SSD1305::WriteBitmapToScreen(unsigned char*, unsigned int)
 .text._ZN7SSD13054FillE13SSD1305_COLOR
                0x0000000008000758       0xb6 ./Core/Modules/SSD1305/SSD1305.o
                0x0000000008000758                SSD1305::Fill(SSD1305_COLOR)
 .text._ZN7SSD130511SendCommandEh
                0x000000000800080e       0x3c ./Core/Modules/SSD1305/SSD1305.o
                0x000000000800080e                SSD1305::SendCommand(unsigned char)
 .text._ZN7SSD130523SetMemoryAddressingModeE20MemoryAddressingMode
                0x000000000800084a       0x2a ./Core/Modules/SSD1305/SSD1305.o
                0x000000000800084a                SSD1305::SetMemoryAddressingMode(MemoryAddressingMode)
 .text._ZN7SSD130516SetColumnAddressEhh
                0x0000000008000874       0x48 ./Core/Modules/SSD1305/SSD1305.o
                0x0000000008000874                SSD1305::SetColumnAddress(unsigned char, unsigned char)
 .text._ZN7SSD130514SetPageAddressEhh
                0x00000000080008bc       0x48 ./Core/Modules/SSD1305/SSD1305.o
                0x00000000080008bc                SSD1305::SetPageAddress(unsigned char, unsigned char)
 .text._ZN7SSD130519SetDisplayStartLineEh
                0x0000000008000904       0x34 ./Core/Modules/SSD1305/SSD1305.o
                0x0000000008000904                SSD1305::SetDisplayStartLine(unsigned char)
 .text._ZN7SSD130530SetBrightnessForAreaColorBanksEh
                0x0000000008000938       0x2a ./Core/Modules/SSD1305/SSD1305.o
                0x0000000008000938                SSD1305::SetBrightnessForAreaColorBanks(unsigned char)
 .text._ZN7SSD13056SetLUTEhhhh
                0x0000000008000962       0x9a ./Core/Modules/SSD1305/SSD1305.o
                0x0000000008000962                SSD1305::SetLUT(unsigned char, unsigned char, unsigned char, unsigned char)
 .text._ZN7SSD130515SetSegmentReMapE12SegmentRemap
                0x00000000080009fc       0x2a ./Core/Modules/SSD1305/SSD1305.o
                0x00000000080009fc                SSD1305::SetSegmentReMap(SegmentRemap)
 .text._ZN7SSD130515EntireDisplayONE13DisplayONMode
                0x0000000008000a26       0x24 ./Core/Modules/SSD1305/SSD1305.o
                0x0000000008000a26                SSD1305::EntireDisplayON(DisplayONMode)
 .text._ZN7SSD130516SetNormalInverseE18DisplayInverseMode
                0x0000000008000a4a       0x24 ./Core/Modules/SSD1305/SSD1305.o
                0x0000000008000a4a                SSD1305::SetNormalInverse(DisplayInverseMode)
 .text._ZN7SSD130517SetMultiplexRatioEh
                0x0000000008000a6e       0x34 ./Core/Modules/SSD1305/SSD1305.o
                0x0000000008000a6e                SSD1305::SetMultiplexRatio(unsigned char)
 .text._ZN7SSD130516SetDisplayON_OFFE11DisplayMode
                0x0000000008000aa2       0x24 ./Core/Modules/SSD1305/SSD1305.o
                0x0000000008000aa2                SSD1305::SetDisplayON_OFF(DisplayMode)
 .text._ZN7SSD130525SetComOutputScanDirectionE22ComOutputScanDirection
                0x0000000008000ac6       0x24 ./Core/Modules/SSD1305/SSD1305.o
                0x0000000008000ac6                SSD1305::SetComOutputScanDirection(ComOutputScanDirection)
 .text._ZN7SSD130516SetDisplayOffsetEh
                0x0000000008000aea       0x34 ./Core/Modules/SSD1305/SSD1305.o
                0x0000000008000aea                SSD1305::SetDisplayOffset(unsigned char)
 .text._ZN7SSD130520SetColorAndPowerModeE9ColorMode9PowerMode
                0x0000000008000b1e       0x3c ./Core/Modules/SSD1305/SSD1305.o
                0x0000000008000b1e                SSD1305::SetColorAndPowerMode(ColorMode, PowerMode)
 .text._ZN7SSD130518SetPrechargePeriodEhh
                0x0000000008000b5a       0x50 ./Core/Modules/SSD1305/SSD1305.o
                0x0000000008000b5a                SSD1305::SetPrechargePeriod(unsigned char, unsigned char)
 .text._ZN7SSD130520EnterReadModifyWriteEv
                0x0000000008000baa       0x20 ./Core/Modules/SSD1305/SSD1305.o
                0x0000000008000baa                SSD1305::EnterReadModifyWrite()
 .text._ZN7SSD130519ExitReadModifyWriteEv
                0x0000000008000bca       0x20 ./Core/Modules/SSD1305/SSD1305.o
                0x0000000008000bca                SSD1305::ExitReadModifyWrite()
 *fill*         0x0000000008000bea        0x2 
 .text._Z17available_devicesPi
                0x0000000008000bec       0x60 ./Core/Src/main.o
                0x0000000008000bec                available_devices(int*)
 .text.main     0x0000000008000c4c      0x2dc ./Core/Src/main.o
                0x0000000008000c4c                main
 .text._Z18SystemClock_Configv
                0x0000000008000f28       0xf0 ./Core/Src/main.o
                0x0000000008000f28                SystemClock_Config()
 .text._ZL12MX_I2C1_Initv
                0x0000000008001018       0x68 ./Core/Src/main.o
 .text._ZL19MX_USART2_UART_Initv
                0x0000000008001080       0x5c ./Core/Src/main.o
 .text._ZL12MX_GPIO_Initv
                0x00000000080010dc       0xdc ./Core/Src/main.o
 .text.Error_Handler
                0x00000000080011b8        0xa ./Core/Src/main.o
                0x00000000080011b8                Error_Handler
 *fill*         0x00000000080011c2        0x2 
 .text.HAL_MspInit
                0x00000000080011c4       0x50 ./Core/Src/stm32f4xx_hal_msp.o
                0x00000000080011c4                HAL_MspInit
 .text.HAL_I2C_MspInit
                0x0000000008001214       0x90 ./Core/Src/stm32f4xx_hal_msp.o
                0x0000000008001214                HAL_I2C_MspInit
 .text.HAL_UART_MspInit
                0x00000000080012a4       0x90 ./Core/Src/stm32f4xx_hal_msp.o
                0x00000000080012a4                HAL_UART_MspInit
 .text.NMI_Handler
                0x0000000008001334        0x6 ./Core/Src/stm32f4xx_it.o
                0x0000000008001334                NMI_Handler
 .text.HardFault_Handler
                0x000000000800133a        0x6 ./Core/Src/stm32f4xx_it.o
                0x000000000800133a                HardFault_Handler
 .text.MemManage_Handler
                0x0000000008001340        0x6 ./Core/Src/stm32f4xx_it.o
                0x0000000008001340                MemManage_Handler
 .text.BusFault_Handler
                0x0000000008001346        0x6 ./Core/Src/stm32f4xx_it.o
                0x0000000008001346                BusFault_Handler
 .text.UsageFault_Handler
                0x000000000800134c        0x6 ./Core/Src/stm32f4xx_it.o
                0x000000000800134c                UsageFault_Handler
 .text.SVC_Handler
                0x0000000008001352        0xe ./Core/Src/stm32f4xx_it.o
                0x0000000008001352                SVC_Handler
 .text.DebugMon_Handler
                0x0000000008001360        0xe ./Core/Src/stm32f4xx_it.o
                0x0000000008001360                DebugMon_Handler
 .text.PendSV_Handler
                0x000000000800136e        0xe ./Core/Src/stm32f4xx_it.o
                0x000000000800136e                PendSV_Handler
 .text.SysTick_Handler
                0x000000000800137c        0xc ./Core/Src/stm32f4xx_it.o
                0x000000000800137c                SysTick_Handler
 .text.SystemInit
                0x0000000008001388       0x24 ./Core/Src/system_stm32f4xx.o
                0x0000000008001388                SystemInit
 .text.Reset_Handler
                0x00000000080013ac       0x50 ./Core/Startup/startup_stm32f446retx.o
                0x00000000080013ac                Reset_Handler
 .text.Default_Handler
                0x00000000080013fc        0x2 ./Core/Startup/startup_stm32f446retx.o
                0x00000000080013fc                RTC_Alarm_IRQHandler
                0x00000000080013fc                EXTI2_IRQHandler
                0x00000000080013fc                TIM8_CC_IRQHandler
                0x00000000080013fc                FMPI2C1_EV_IRQHandler
                0x00000000080013fc                SPI4_IRQHandler
                0x00000000080013fc                TIM1_CC_IRQHandler
                0x00000000080013fc                DMA2_Stream5_IRQHandler
                0x00000000080013fc                DMA1_Stream5_IRQHandler
                0x00000000080013fc                PVD_IRQHandler
                0x00000000080013fc                SDIO_IRQHandler
                0x00000000080013fc                TAMP_STAMP_IRQHandler
                0x00000000080013fc                CAN2_RX1_IRQHandler
                0x00000000080013fc                EXTI3_IRQHandler
                0x00000000080013fc                TIM8_TRG_COM_TIM14_IRQHandler
                0x00000000080013fc                TIM1_UP_TIM10_IRQHandler
                0x00000000080013fc                TIM8_UP_TIM13_IRQHandler
                0x00000000080013fc                I2C3_ER_IRQHandler
                0x00000000080013fc                EXTI0_IRQHandler
                0x00000000080013fc                I2C2_EV_IRQHandler
                0x00000000080013fc                DMA1_Stream2_IRQHandler
                0x00000000080013fc                CAN1_RX0_IRQHandler
                0x00000000080013fc                FPU_IRQHandler
                0x00000000080013fc                OTG_HS_WKUP_IRQHandler
                0x00000000080013fc                CAN2_SCE_IRQHandler
                0x00000000080013fc                DMA2_Stream2_IRQHandler
                0x00000000080013fc                SPI1_IRQHandler
                0x00000000080013fc                TIM6_DAC_IRQHandler
                0x00000000080013fc                TIM1_BRK_TIM9_IRQHandler
                0x00000000080013fc                DCMI_IRQHandler
                0x00000000080013fc                CAN2_RX0_IRQHandler
                0x00000000080013fc                DMA2_Stream3_IRQHandler
                0x00000000080013fc                SAI2_IRQHandler
                0x00000000080013fc                USART6_IRQHandler
                0x00000000080013fc                USART3_IRQHandler
                0x00000000080013fc                CAN1_RX1_IRQHandler
                0x00000000080013fc                UART5_IRQHandler
                0x00000000080013fc                DMA2_Stream0_IRQHandler
                0x00000000080013fc                TIM4_IRQHandler
                0x00000000080013fc                QUADSPI_IRQHandler
                0x00000000080013fc                I2C1_EV_IRQHandler
                0x00000000080013fc                DMA1_Stream6_IRQHandler
                0x00000000080013fc                DMA1_Stream1_IRQHandler
                0x00000000080013fc                UART4_IRQHandler
                0x00000000080013fc                TIM3_IRQHandler
                0x00000000080013fc                RCC_IRQHandler
                0x00000000080013fc                TIM8_BRK_TIM12_IRQHandler
                0x00000000080013fc                Default_Handler
                0x00000000080013fc                CEC_IRQHandler
                0x00000000080013fc                EXTI15_10_IRQHandler
                0x00000000080013fc                ADC_IRQHandler
                0x00000000080013fc                DMA1_Stream7_IRQHandler
                0x00000000080013fc                TIM7_IRQHandler
                0x00000000080013fc                CAN2_TX_IRQHandler
                0x00000000080013fc                TIM5_IRQHandler
                0x00000000080013fc                DMA2_Stream7_IRQHandler
                0x00000000080013fc                I2C3_EV_IRQHandler
                0x00000000080013fc                EXTI9_5_IRQHandler
                0x00000000080013fc                RTC_WKUP_IRQHandler
                0x00000000080013fc                SPDIF_RX_IRQHandler
                0x00000000080013fc                SPI2_IRQHandler
                0x00000000080013fc                OTG_HS_EP1_IN_IRQHandler
                0x00000000080013fc                DMA1_Stream0_IRQHandler
                0x00000000080013fc                CAN1_TX_IRQHandler
                0x00000000080013fc                FMPI2C1_ER_IRQHandler
                0x00000000080013fc                EXTI4_IRQHandler
                0x00000000080013fc                OTG_HS_EP1_OUT_IRQHandler
                0x00000000080013fc                WWDG_IRQHandler
                0x00000000080013fc                TIM2_IRQHandler
                0x00000000080013fc                OTG_FS_WKUP_IRQHandler
                0x00000000080013fc                TIM1_TRG_COM_TIM11_IRQHandler
                0x00000000080013fc                OTG_HS_IRQHandler
                0x00000000080013fc                EXTI1_IRQHandler
                0x00000000080013fc                USART2_IRQHandler
                0x00000000080013fc                I2C2_ER_IRQHandler
                0x00000000080013fc                DMA2_Stream1_IRQHandler
                0x00000000080013fc                CAN1_SCE_IRQHandler
                0x00000000080013fc                FLASH_IRQHandler
                0x00000000080013fc                DMA2_Stream4_IRQHandler
                0x00000000080013fc                USART1_IRQHandler
                0x00000000080013fc                OTG_FS_IRQHandler
                0x00000000080013fc                SPI3_IRQHandler
                0x00000000080013fc                DMA1_Stream4_IRQHandler
                0x00000000080013fc                I2C1_ER_IRQHandler
                0x00000000080013fc                FMC_IRQHandler
                0x00000000080013fc                DMA2_Stream6_IRQHandler
                0x00000000080013fc                SAI1_IRQHandler
                0x00000000080013fc                DMA1_Stream3_IRQHandler
 *fill*         0x00000000080013fe        0x2 
 .text.HAL_Init
                0x0000000008001400       0x44 ./Drivers/STM32F4xx_HAL_Driver/Src/stm32f4xx_hal.o
                0x0000000008001400                HAL_Init
 .text.HAL_InitTick
                0x0000000008001444       0x60 ./Drivers/STM32F4xx_HAL_Driver/Src/stm32f4xx_hal.o
                0x0000000008001444                HAL_InitTick
 .text.HAL_IncTick
                0x00000000080014a4       0x28 ./Drivers/STM32F4xx_HAL_Driver/Src/stm32f4xx_hal.o
                0x00000000080014a4                HAL_IncTick
 .text.HAL_GetTick
                0x00000000080014cc       0x18 ./Drivers/STM32F4xx_HAL_Driver/Src/stm32f4xx_hal.o
                0x00000000080014cc                HAL_GetTick
 .text.HAL_Delay
                0x00000000080014e4       0x48 ./Drivers/STM32F4xx_HAL_Driver/Src/stm32f4xx_hal.o
                0x00000000080014e4                HAL_Delay
 .text.__NVIC_SetPriorityGrouping
                0x000000000800152c       0x48 ./Drivers/STM32F4xx_HAL_Driver/Src/stm32f4xx_hal_cortex.o
 .text.__NVIC_GetPriorityGrouping
                0x0000000008001574       0x1c ./Drivers/STM32F4xx_HAL_Driver/Src/stm32f4xx_hal_cortex.o
 .text.__NVIC_SetPriority
                0x0000000008001590       0x54 ./Drivers/STM32F4xx_HAL_Driver/Src/stm32f4xx_hal_cortex.o
 .text.NVIC_EncodePriority
                0x00000000080015e4       0x66 ./Drivers/STM32F4xx_HAL_Driver/Src/stm32f4xx_hal_cortex.o
 *fill*         0x000000000800164a        0x2 
 .text.SysTick_Config
                0x000000000800164c       0x44 ./Drivers/STM32F4xx_HAL_Driver/Src/stm32f4xx_hal_cortex.o
 .text.HAL_NVIC_SetPriorityGrouping
                0x0000000008001690       0x16 ./Drivers/STM32F4xx_HAL_Driver/Src/stm32f4xx_hal_cortex.o
                0x0000000008001690                HAL_NVIC_SetPriorityGrouping
 .text.HAL_NVIC_SetPriority
                0x00000000080016a6       0x38 ./Drivers/STM32F4xx_HAL_Driver/Src/stm32f4xx_hal_cortex.o
                0x00000000080016a6                HAL_NVIC_SetPriority
 .text.HAL_SYSTICK_Config
                0x00000000080016de       0x18 ./Drivers/STM32F4xx_HAL_Driver/Src/stm32f4xx_hal_cortex.o
                0x00000000080016de                HAL_SYSTICK_Config
 *fill*         0x00000000080016f6        0x2 
 .text.HAL_GPIO_Init
                0x00000000080016f8      0x328 ./Drivers/STM32F4xx_HAL_Driver/Src/stm32f4xx_hal_gpio.o
                0x00000000080016f8                HAL_GPIO_Init
 .text.HAL_GPIO_WritePin
                0x0000000008001a20       0x32 ./Drivers/STM32F4xx_HAL_Driver/Src/stm32f4xx_hal_gpio.o
                0x0000000008001a20                HAL_GPIO_WritePin
 *fill*         0x0000000008001a52        0x2 
 .text.HAL_I2C_Init
                0x0000000008001a54      0x288 ./Drivers/STM32F4xx_HAL_Driver/Src/stm32f4xx_hal_i2c.o
                0x0000000008001a54                HAL_I2C_Init
 .text.HAL_I2C_Mem_Write
                0x0000000008001cdc      0x1f4 ./Drivers/STM32F4xx_HAL_Driver/Src/stm32f4xx_hal_i2c.o
                0x0000000008001cdc                HAL_I2C_Mem_Write
 .text.HAL_I2C_IsDeviceReady
                0x0000000008001ed0      0x25c ./Drivers/STM32F4xx_HAL_Driver/Src/stm32f4xx_hal_i2c.o
                0x0000000008001ed0                HAL_I2C_IsDeviceReady
 .text.I2C_RequestMemoryWrite
                0x000000000800212c      0x12c ./Drivers/STM32F4xx_HAL_Driver/Src/stm32f4xx_hal_i2c.o
 .text.I2C_WaitOnFlagUntilTimeout
                0x0000000008002258       0xae ./Drivers/STM32F4xx_HAL_Driver/Src/stm32f4xx_hal_i2c.o
 .text.I2C_WaitOnMasterAddressFlagUntilTimeout
                0x0000000008002306       0xfe ./Drivers/STM32F4xx_HAL_Driver/Src/stm32f4xx_hal_i2c.o
 .text.I2C_WaitOnTXEFlagUntilTimeout
                0x0000000008002404       0x82 ./Drivers/STM32F4xx_HAL_Driver/Src/stm32f4xx_hal_i2c.o
 .text.I2C_WaitOnBTFFlagUntilTimeout
                0x0000000008002486       0x82 ./Drivers/STM32F4xx_HAL_Driver/Src/stm32f4xx_hal_i2c.o
 .text.I2C_IsAcknowledgeFailed
                0x0000000008002508       0x5e ./Drivers/STM32F4xx_HAL_Driver/Src/stm32f4xx_hal_i2c.o
 *fill*         0x0000000008002566        0x2 
 .text.HAL_RCC_ClockConfig
                0x0000000008002568      0x1cc ./Drivers/STM32F4xx_HAL_Driver/Src/stm32f4xx_hal_rcc.o
                0x0000000008002568                HAL_RCC_ClockConfig
 .text.HAL_RCC_GetHCLKFreq
                0x0000000008002734       0x18 ./Drivers/STM32F4xx_HAL_Driver/Src/stm32f4xx_hal_rcc.o
                0x0000000008002734                HAL_RCC_GetHCLKFreq
 .text.HAL_RCC_GetPCLK1Freq
                0x000000000800274c       0x28 ./Drivers/STM32F4xx_HAL_Driver/Src/stm32f4xx_hal_rcc.o
                0x000000000800274c                HAL_RCC_GetPCLK1Freq
 .text.HAL_RCC_GetPCLK2Freq
                0x0000000008002774       0x28 ./Drivers/STM32F4xx_HAL_Driver/Src/stm32f4xx_hal_rcc.o
                0x0000000008002774                HAL_RCC_GetPCLK2Freq
 .text.HAL_RCC_GetSysClockFreq
                0x000000000800279c      0x460 ./Drivers/STM32F4xx_HAL_Driver/Src/stm32f4xx_hal_rcc_ex.o
                0x000000000800279c                HAL_RCC_GetSysClockFreq
 .text.HAL_RCC_OscConfig
                0x0000000008002bfc      0x53c ./Drivers/STM32F4xx_HAL_Driver/Src/stm32f4xx_hal_rcc_ex.o
                0x0000000008002bfc                HAL_RCC_OscConfig
 .text.HAL_UART_Init
                0x0000000008003138       0x9a ./Drivers/STM32F4xx_HAL_Driver/Src/stm32f4xx_hal_uart.o
                0x0000000008003138                HAL_UART_Init
 *fill*         0x00000000080031d2        0x2 
 .text.UART_SetConfig
                0x00000000080031d4      0x4e8 ./Drivers/STM32F4xx_HAL_Driver/Src/stm32f4xx_hal_uart.o
 .text.__libc_init_array
                0x00000000080036bc       0x48 c:/st/stm32cubeide_1.12.0/stm32cubeide/plugins/com.st.stm32cube.ide.mcu.externaltools.gnu-tools-for-stm32.10.3-2021.10.win32_1.0.200.202301161003/tools/bin/../lib/gcc/arm-none-eabi/10.3.1/../../../../arm-none-eabi/lib/thumb/v7e-m+fp/hard\libc_nano.a(lib_a-init.o)
                0x00000000080036bc                __libc_init_array
 .text.memset   0x0000000008003704       0x10 c:/st/stm32cubeide_1.12.0/stm32cubeide/plugins/com.st.stm32cube.ide.mcu.externaltools.gnu-tools-for-stm32.10.3-2021.10.win32_1.0.200.202301161003/tools/bin/../lib/gcc/arm-none-eabi/10.3.1/../../../../arm-none-eabi/lib/thumb/v7e-m+fp/hard\libc_nano.a(lib_a-memset.o)
                0x0000000008003704                memset
 *(.glue_7)
 .glue_7        0x0000000008003714        0x0 linker stubs
 *(.glue_7t)
 .glue_7t       0x0000000008003714        0x0 linker stubs
 *(.eh_frame)
 .eh_frame      0x0000000008003714        0x0 c:/st/stm32cubeide_1.12.0/stm32cubeide/plugins/com.st.stm32cube.ide.mcu.externaltools.gnu-tools-for-stm32.10.3-2021.10.win32_1.0.200.202301161003/tools/bin/../lib/gcc/arm-none-eabi/10.3.1/thumb/v7e-m+fp/hard/crtbegin.o
 *(.init)
 .init          0x0000000008003714        0x4 c:/st/stm32cubeide_1.12.0/stm32cubeide/plugins/com.st.stm32cube.ide.mcu.externaltools.gnu-tools-for-stm32.10.3-2021.10.win32_1.0.200.202301161003/tools/bin/../lib/gcc/arm-none-eabi/10.3.1/thumb/v7e-m+fp/hard/crti.o
                0x0000000008003714                _init
 .init          0x0000000008003718        0x8 c:/st/stm32cubeide_1.12.0/stm32cubeide/plugins/com.st.stm32cube.ide.mcu.externaltools.gnu-tools-for-stm32.10.3-2021.10.win32_1.0.200.202301161003/tools/bin/../lib/gcc/arm-none-eabi/10.3.1/thumb/v7e-m+fp/hard/crtn.o
 *(.fini)
 .fini          0x0000000008003720        0x4 c:/st/stm32cubeide_1.12.0/stm32cubeide/plugins/com.st.stm32cube.ide.mcu.externaltools.gnu-tools-for-stm32.10.3-2021.10.win32_1.0.200.202301161003/tools/bin/../lib/gcc/arm-none-eabi/10.3.1/thumb/v7e-m+fp/hard/crti.o
                0x0000000008003720                _fini
 .fini          0x0000000008003724        0x8 c:/st/stm32cubeide_1.12.0/stm32cubeide/plugins/com.st.stm32cube.ide.mcu.externaltools.gnu-tools-for-stm32.10.3-2021.10.win32_1.0.200.202301161003/tools/bin/../lib/gcc/arm-none-eabi/10.3.1/thumb/v7e-m+fp/hard/crtn.o
                0x000000000800372c                . = ALIGN (0x4)
                0x000000000800372c                _etext = .

.vfp11_veneer   0x000000000800372c        0x0
 .vfp11_veneer  0x000000000800372c        0x0 linker stubs

.v4_bx          0x000000000800372c        0x0
 .v4_bx         0x000000000800372c        0x0 linker stubs

.iplt           0x000000000800372c        0x0
 .iplt          0x000000000800372c        0x0 c:/st/stm32cubeide_1.12.0/stm32cubeide/plugins/com.st.stm32cube.ide.mcu.externaltools.gnu-tools-for-stm32.10.3-2021.10.win32_1.0.200.202301161003/tools/bin/../lib/gcc/arm-none-eabi/10.3.1/thumb/v7e-m+fp/hard/crtbegin.o

.rodata         0x000000000800372c       0x18
                0x000000000800372c                . = ALIGN (0x4)
 *(.rodata)
 *(.rodata*)
 .rodata.AHBPrescTable
                0x000000000800372c       0x10 ./Core/Src/system_stm32f4xx.o
                0x000000000800372c                AHBPrescTable
 .rodata.APBPrescTable
                0x000000000800373c        0x8 ./Core/Src/system_stm32f4xx.o
                0x000000000800373c                APBPrescTable
                0x0000000008003744                . = ALIGN (0x4)

.ARM.extab      0x0000000008003744        0x0
                0x0000000008003744                . = ALIGN (0x4)
 *(.ARM.extab* .gnu.linkonce.armextab.*)
                0x0000000008003744                . = ALIGN (0x4)

.ARM            0x0000000008003744        0x8
                0x0000000008003744                . = ALIGN (0x4)
                0x0000000008003744                __exidx_start = .
 *(.ARM.exidx*)
 .ARM.exidx     0x0000000008003744        0x8 c:/st/stm32cubeide_1.12.0/stm32cubeide/plugins/com.st.stm32cube.ide.mcu.externaltools.gnu-tools-for-stm32.10.3-2021.10.win32_1.0.200.202301161003/tools/bin/../lib/gcc/arm-none-eabi/10.3.1/thumb/v7e-m+fp/hard\libgcc.a(_udivmoddi4.o)
                0x000000000800374c                __exidx_end = .
                0x000000000800374c                . = ALIGN (0x4)

.rel.dyn        0x000000000800374c        0x0
 .rel.iplt      0x000000000800374c        0x0 c:/st/stm32cubeide_1.12.0/stm32cubeide/plugins/com.st.stm32cube.ide.mcu.externaltools.gnu-tools-for-stm32.10.3-2021.10.win32_1.0.200.202301161003/tools/bin/../lib/gcc/arm-none-eabi/10.3.1/thumb/v7e-m+fp/hard/crtbegin.o

.preinit_array  0x000000000800374c        0x0
                0x000000000800374c                . = ALIGN (0x4)
                0x000000000800374c                PROVIDE (__preinit_array_start = .)
 *(.preinit_array*)
                0x000000000800374c                PROVIDE (__preinit_array_end = .)
                0x000000000800374c                . = ALIGN (0x4)

.init_array     0x000000000800374c        0x4
                0x000000000800374c                . = ALIGN (0x4)
                0x000000000800374c                PROVIDE (__init_array_start = .)
 *(SORT_BY_NAME(.init_array.*))
 *(.init_array*)
 .init_array    0x000000000800374c        0x4 c:/st/stm32cubeide_1.12.0/stm32cubeide/plugins/com.st.stm32cube.ide.mcu.externaltools.gnu-tools-for-stm32.10.3-2021.10.win32_1.0.200.202301161003/tools/bin/../lib/gcc/arm-none-eabi/10.3.1/thumb/v7e-m+fp/hard/crtbegin.o
                0x0000000008003750                PROVIDE (__init_array_end = .)
                0x0000000008003750                . = ALIGN (0x4)

.fini_array     0x0000000008003750        0x4
                0x0000000008003750                . = ALIGN (0x4)
                [!provide]                        PROVIDE (__fini_array_start = .)
 *(SORT_BY_NAME(.fini_array.*))
 *(.fini_array*)
 .fini_array    0x0000000008003750        0x4 c:/st/stm32cubeide_1.12.0/stm32cubeide/plugins/com.st.stm32cube.ide.mcu.externaltools.gnu-tools-for-stm32.10.3-2021.10.win32_1.0.200.202301161003/tools/bin/../lib/gcc/arm-none-eabi/10.3.1/thumb/v7e-m+fp/hard/crtbegin.o
                [!provide]                        PROVIDE (__fini_array_end = .)
                0x0000000008003754                . = ALIGN (0x4)
                0x0000000008003754                _sidata = LOADADDR (.data)

.data           0x0000000020000000        0xc load address 0x0000000008003754
                0x0000000020000000                . = ALIGN (0x4)
                0x0000000020000000                _sdata = .
 *(.data)
 *(.data*)
 .data.SystemCoreClock
                0x0000000020000000        0x4 ./Core/Src/system_stm32f4xx.o
                0x0000000020000000                SystemCoreClock
 .data.uwTickPrio
                0x0000000020000004        0x4 ./Drivers/STM32F4xx_HAL_Driver/Src/stm32f4xx_hal.o
                0x0000000020000004                uwTickPrio
 .data.uwTickFreq
                0x0000000020000008        0x1 ./Drivers/STM32F4xx_HAL_Driver/Src/stm32f4xx_hal.o
                0x0000000020000008                uwTickFreq
 *(.RamFunc)
 *(.RamFunc*)
                0x000000002000000c                . = ALIGN (0x4)
 *fill*         0x0000000020000009        0x3 
                0x000000002000000c                _edata = .

.igot.plt       0x000000002000000c        0x0 load address 0x0000000008003760
 .igot.plt      0x000000002000000c        0x0 c:/st/stm32cubeide_1.12.0/stm32cubeide/plugins/com.st.stm32cube.ide.mcu.externaltools.gnu-tools-for-stm32.10.3-2021.10.win32_1.0.200.202301161003/tools/bin/../lib/gcc/arm-none-eabi/10.3.1/thumb/v7e-m+fp/hard/crtbegin.o
                0x000000002000000c                . = ALIGN (0x4)

.bss            0x000000002000000c       0xb8 load address 0x0000000008003760
                0x000000002000000c                _sbss = .
                0x000000002000000c                __bss_start__ = _sbss
 *(.bss)
 .bss           0x000000002000000c       0x1c c:/st/stm32cubeide_1.12.0/stm32cubeide/plugins/com.st.stm32cube.ide.mcu.externaltools.gnu-tools-for-stm32.10.3-2021.10.win32_1.0.200.202301161003/tools/bin/../lib/gcc/arm-none-eabi/10.3.1/thumb/v7e-m+fp/hard/crtbegin.o
 *(.bss*)
 .bss.hi2c1     0x0000000020000028       0x54 ./Core/Src/main.o
                0x0000000020000028                hi2c1
 .bss.huart2    0x000000002000007c       0x44 ./Core/Src/main.o
                0x000000002000007c                huart2
 .bss.uwTick    0x00000000200000c0        0x4 ./Drivers/STM32F4xx_HAL_Driver/Src/stm32f4xx_hal.o
                0x00000000200000c0                uwTick
 *(COMMON)
                0x00000000200000c4                . = ALIGN (0x4)
                0x00000000200000c4                _ebss = .
                0x00000000200000c4                __bss_end__ = _ebss

._user_heap_stack
                0x00000000200000c4      0x604 load address 0x0000000008003760
                0x00000000200000c8                . = ALIGN (0x8)
 *fill*         0x00000000200000c4        0x4 
                [!provide]                        PROVIDE (end = .)
                0x00000000200000c8                PROVIDE (_end = .)
                0x00000000200002c8                . = (. + _Min_Heap_Size)
 *fill*         0x00000000200000c8      0x200 
                0x00000000200006c8                . = (. + _Min_Stack_Size)
 *fill*         0x00000000200002c8      0x400 
                0x00000000200006c8                . = ALIGN (0x8)

/DISCARD/
 libc.a(*)
 libm.a(*)
 libgcc.a(*)

.ARM.attributes
                0x0000000000000000       0x30
 *(.ARM.attributes)
 .ARM.attributes
                0x0000000000000000       0x1e c:/st/stm32cubeide_1.12.0/stm32cubeide/plugins/com.st.stm32cube.ide.mcu.externaltools.gnu-tools-for-stm32.10.3-2021.10.win32_1.0.200.202301161003/tools/bin/../lib/gcc/arm-none-eabi/10.3.1/thumb/v7e-m+fp/hard/crti.o
 .ARM.attributes
                0x000000000000001e       0x34 c:/st/stm32cubeide_1.12.0/stm32cubeide/plugins/com.st.stm32cube.ide.mcu.externaltools.gnu-tools-for-stm32.10.3-2021.10.win32_1.0.200.202301161003/tools/bin/../lib/gcc/arm-none-eabi/10.3.1/thumb/v7e-m+fp/hard/crtbegin.o
 .ARM.attributes
                0x0000000000000052       0x34 ./Core/Modules/SSD1305/SSD1305.o
 .ARM.attributes
                0x0000000000000086       0x34 ./Core/Src/main.o
 .ARM.attributes
                0x00000000000000ba       0x34 ./Core/Src/stm32f4xx_hal_msp.o
 .ARM.attributes
                0x00000000000000ee       0x34 ./Core/Src/stm32f4xx_it.o
 .ARM.attributes
                0x0000000000000122       0x34 ./Core/Src/system_stm32f4xx.o
 .ARM.attributes
                0x0000000000000156       0x21 ./Core/Startup/startup_stm32f446retx.o
 .ARM.attributes
                0x0000000000000177       0x34 ./Drivers/STM32F4xx_HAL_Driver/Src/stm32f4xx_hal.o
 .ARM.attributes
                0x00000000000001ab       0x34 ./Drivers/STM32F4xx_HAL_Driver/Src/stm32f4xx_hal_cortex.o
 .ARM.attributes
                0x00000000000001df       0x34 ./Drivers/STM32F4xx_HAL_Driver/Src/stm32f4xx_hal_gpio.o
 .ARM.attributes
                0x0000000000000213       0x34 ./Drivers/STM32F4xx_HAL_Driver/Src/stm32f4xx_hal_i2c.o
 .ARM.attributes
                0x0000000000000247       0x34 ./Drivers/STM32F4xx_HAL_Driver/Src/stm32f4xx_hal_rcc.o
 .ARM.attributes
                0x000000000000027b       0x34 ./Drivers/STM32F4xx_HAL_Driver/Src/stm32f4xx_hal_rcc_ex.o
 .ARM.attributes
                0x00000000000002af       0x34 ./Drivers/STM32F4xx_HAL_Driver/Src/stm32f4xx_hal_uart.o
 .ARM.attributes
                0x00000000000002e3       0x34 c:/st/stm32cubeide_1.12.0/stm32cubeide/plugins/com.st.stm32cube.ide.mcu.externaltools.gnu-tools-for-stm32.10.3-2021.10.win32_1.0.200.202301161003/tools/bin/../lib/gcc/arm-none-eabi/10.3.1/../../../../arm-none-eabi/lib/thumb/v7e-m+fp/hard\libc_nano.a(lib_a-init.o)
 .ARM.attributes
                0x0000000000000317       0x34 c:/st/stm32cubeide_1.12.0/stm32cubeide/plugins/com.st.stm32cube.ide.mcu.externaltools.gnu-tools-for-stm32.10.3-2021.10.win32_1.0.200.202301161003/tools/bin/../lib/gcc/arm-none-eabi/10.3.1/../../../../arm-none-eabi/lib/thumb/v7e-m+fp/hard\libc_nano.a(lib_a-memset.o)
 .ARM.attributes
                0x000000000000034b       0x1e c:/st/stm32cubeide_1.12.0/stm32cubeide/plugins/com.st.stm32cube.ide.mcu.externaltools.gnu-tools-for-stm32.10.3-2021.10.win32_1.0.200.202301161003/tools/bin/../lib/gcc/arm-none-eabi/10.3.1/thumb/v7e-m+fp/hard\libgcc.a(_aeabi_uldivmod.o)
 .ARM.attributes
                0x0000000000000369       0x34 c:/st/stm32cubeide_1.12.0/stm32cubeide/plugins/com.st.stm32cube.ide.mcu.externaltools.gnu-tools-for-stm32.10.3-2021.10.win32_1.0.200.202301161003/tools/bin/../lib/gcc/arm-none-eabi/10.3.1/thumb/v7e-m+fp/hard\libgcc.a(_udivmoddi4.o)
 .ARM.attributes
                0x000000000000039d       0x1e c:/st/stm32cubeide_1.12.0/stm32cubeide/plugins/com.st.stm32cube.ide.mcu.externaltools.gnu-tools-for-stm32.10.3-2021.10.win32_1.0.200.202301161003/tools/bin/../lib/gcc/arm-none-eabi/10.3.1/thumb/v7e-m+fp/hard\libgcc.a(_dvmd_tls.o)
 .ARM.attributes
                0x00000000000003bb       0x1e c:/st/stm32cubeide_1.12.0/stm32cubeide/plugins/com.st.stm32cube.ide.mcu.externaltools.gnu-tools-for-stm32.10.3-2021.10.win32_1.0.200.202301161003/tools/bin/../lib/gcc/arm-none-eabi/10.3.1/thumb/v7e-m+fp/hard/crtn.o
OUTPUT(OLED.elf elf32-littlearm)
LOAD linker stubs
LOAD c:/st/stm32cubeide_1.12.0/stm32cubeide/plugins/com.st.stm32cube.ide.mcu.externaltools.gnu-tools-for-stm32.10.3-2021.10.win32_1.0.200.202301161003/tools/bin/../lib/gcc/arm-none-eabi/10.3.1/../../../../arm-none-eabi/lib/thumb/v7e-m+fp/hard\libc.a
LOAD c:/st/stm32cubeide_1.12.0/stm32cubeide/plugins/com.st.stm32cube.ide.mcu.externaltools.gnu-tools-for-stm32.10.3-2021.10.win32_1.0.200.202301161003/tools/bin/../lib/gcc/arm-none-eabi/10.3.1/../../../../arm-none-eabi/lib/thumb/v7e-m+fp/hard\libm.a
LOAD c:/st/stm32cubeide_1.12.0/stm32cubeide/plugins/com.st.stm32cube.ide.mcu.externaltools.gnu-tools-for-stm32.10.3-2021.10.win32_1.0.200.202301161003/tools/bin/../lib/gcc/arm-none-eabi/10.3.1/thumb/v7e-m+fp/hard\libgcc.a

.debug_info     0x0000000000000000     0xd2c7
 .debug_info    0x0000000000000000     0x191e ./Core/Modules/SSD1305/SSD1305.o
 .debug_info    0x000000000000191e     0x1ad7 ./Core/Src/main.o
 .debug_info    0x00000000000033f5      0xd01 ./Core/Src/stm32f4xx_hal_msp.o
 .debug_info    0x00000000000040f6      0x121 ./Core/Src/stm32f4xx_it.o
 .debug_info    0x0000000000004217      0x55b ./Core/Src/system_stm32f4xx.o
 .debug_info    0x0000000000004772       0x22 ./Core/Startup/startup_stm32f446retx.o
 .debug_info    0x0000000000004794      0x9d2 ./Drivers/STM32F4xx_HAL_Driver/Src/stm32f4xx_hal.o
 .debug_info    0x0000000000005166      0xe39 ./Drivers/STM32F4xx_HAL_Driver/Src/stm32f4xx_hal_cortex.o
 .debug_info    0x0000000000005f9f      0x7be ./Drivers/STM32F4xx_HAL_Driver/Src/stm32f4xx_hal_gpio.o
 .debug_info    0x000000000000675d     0x2617 ./Drivers/STM32F4xx_HAL_Driver/Src/stm32f4xx_hal_i2c.o
 .debug_info    0x0000000000008d74      0x9ab ./Drivers/STM32F4xx_HAL_Driver/Src/stm32f4xx_hal_rcc.o
 .debug_info    0x000000000000971f      0x9ec ./Drivers/STM32F4xx_HAL_Driver/Src/stm32f4xx_hal_rcc_ex.o
 .debug_info    0x000000000000a10b     0x31bc ./Drivers/STM32F4xx_HAL_Driver/Src/stm32f4xx_hal_uart.o

.debug_abbrev   0x0000000000000000     0x1b3f
 .debug_abbrev  0x0000000000000000      0x329 ./Core/Modules/SSD1305/SSD1305.o
 .debug_abbrev  0x0000000000000329      0x3b3 ./Core/Src/main.o
 .debug_abbrev  0x00000000000006dc      0x1b0 ./Core/Src/stm32f4xx_hal_msp.o
 .debug_abbrev  0x000000000000088c       0x74 ./Core/Src/stm32f4xx_it.o
 .debug_abbrev  0x0000000000000900      0x116 ./Core/Src/system_stm32f4xx.o
 .debug_abbrev  0x0000000000000a16       0x12 ./Core/Startup/startup_stm32f446retx.o
 .debug_abbrev  0x0000000000000a28      0x20d ./Drivers/STM32F4xx_HAL_Driver/Src/stm32f4xx_hal.o
 .debug_abbrev  0x0000000000000c35      0x316 ./Drivers/STM32F4xx_HAL_Driver/Src/stm32f4xx_hal_cortex.o
 .debug_abbrev  0x0000000000000f4b      0x1c4 ./Drivers/STM32F4xx_HAL_Driver/Src/stm32f4xx_hal_gpio.o
 .debug_abbrev  0x000000000000110f      0x297 ./Drivers/STM32F4xx_HAL_Driver/Src/stm32f4xx_hal_i2c.o
 .debug_abbrev  0x00000000000013a6      0x2aa ./Drivers/STM32F4xx_HAL_Driver/Src/stm32f4xx_hal_rcc.o
 .debug_abbrev  0x0000000000001650      0x1fb ./Drivers/STM32F4xx_HAL_Driver/Src/stm32f4xx_hal_rcc_ex.o
 .debug_abbrev  0x000000000000184b      0x2f4 ./Drivers/STM32F4xx_HAL_Driver/Src/stm32f4xx_hal_uart.o

.debug_aranges  0x0000000000000000      0xa88
 .debug_aranges
                0x0000000000000000      0x148 ./Core/Modules/SSD1305/SSD1305.o
 .debug_aranges
                0x0000000000000148       0x50 ./Core/Src/main.o
 .debug_aranges
                0x0000000000000198       0x40 ./Core/Src/stm32f4xx_hal_msp.o
 .debug_aranges
                0x00000000000001d8       0x60 ./Core/Src/stm32f4xx_it.o
 .debug_aranges
                0x0000000000000238       0x28 ./Core/Src/system_stm32f4xx.o
 .debug_aranges
                0x0000000000000260       0x28 ./Core/Startup/startup_stm32f446retx.o
 .debug_aranges
                0x0000000000000288       0xf0 ./Drivers/STM32F4xx_HAL_Driver/Src/stm32f4xx_hal.o
 .debug_aranges
                0x0000000000000378      0x118 ./Drivers/STM32F4xx_HAL_Driver/Src/stm32f4xx_hal_cortex.o
 .debug_aranges
                0x0000000000000490       0x58 ./Drivers/STM32F4xx_HAL_Driver/Src/stm32f4xx_hal_gpio.o
 .debug_aranges
                0x00000000000004e8      0x2a0 ./Drivers/STM32F4xx_HAL_Driver/Src/stm32f4xx_hal_i2c.o
 .debug_aranges
                0x0000000000000788       0x88 ./Drivers/STM32F4xx_HAL_Driver/Src/stm32f4xx_hal_rcc.o
 .debug_aranges
                0x0000000000000810       0x78 ./Drivers/STM32F4xx_HAL_Driver/Src/stm32f4xx_hal_rcc_ex.o
 .debug_aranges
                0x0000000000000888      0x200 ./Drivers/STM32F4xx_HAL_Driver/Src/stm32f4xx_hal_uart.o

.debug_ranges   0x0000000000000000      0xa08
 .debug_ranges  0x0000000000000000      0x138 ./Core/Modules/SSD1305/SSD1305.o
 .debug_ranges  0x0000000000000138       0x40 ./Core/Src/main.o
 .debug_ranges  0x0000000000000178       0x30 ./Core/Src/stm32f4xx_hal_msp.o
 .debug_ranges  0x00000000000001a8       0x50 ./Core/Src/stm32f4xx_it.o
 .debug_ranges  0x00000000000001f8       0x18 ./Core/Src/system_stm32f4xx.o
 .debug_ranges  0x0000000000000210       0x20 ./Core/Startup/startup_stm32f446retx.o
 .debug_ranges  0x0000000000000230       0xe0 ./Drivers/STM32F4xx_HAL_Driver/Src/stm32f4xx_hal.o
 .debug_ranges  0x0000000000000310      0x108 ./Drivers/STM32F4xx_HAL_Driver/Src/stm32f4xx_hal_cortex.o
 .debug_ranges  0x0000000000000418       0x48 ./Drivers/STM32F4xx_HAL_Driver/Src/stm32f4xx_hal_gpio.o
 .debug_ranges  0x0000000000000460      0x2a8 ./Drivers/STM32F4xx_HAL_Driver/Src/stm32f4xx_hal_i2c.o
 .debug_ranges  0x0000000000000708       0x78 ./Drivers/STM32F4xx_HAL_Driver/Src/stm32f4xx_hal_rcc.o
 .debug_ranges  0x0000000000000780       0x68 ./Drivers/STM32F4xx_HAL_Driver/Src/stm32f4xx_hal_rcc_ex.o
 .debug_ranges  0x00000000000007e8      0x220 ./Drivers/STM32F4xx_HAL_Driver/Src/stm32f4xx_hal_uart.o

.debug_macro    0x0000000000000000    0x20b19
 .debug_macro   0x0000000000000000      0x1fb ./Core/Modules/SSD1305/SSD1305.o
 .debug_macro   0x00000000000001fb      0xb50 ./Core/Modules/SSD1305/SSD1305.o
 .debug_macro   0x0000000000000d4b       0x1c ./Core/Modules/SSD1305/SSD1305.o
 .debug_macro   0x0000000000000d67       0x22 ./Core/Modules/SSD1305/SSD1305.o
 .debug_macro   0x0000000000000d89       0x8e ./Core/Modules/SSD1305/SSD1305.o
 .debug_macro   0x0000000000000e17       0x51 ./Core/Modules/SSD1305/SSD1305.o
 .debug_macro   0x0000000000000e68      0x103 ./Core/Modules/SSD1305/SSD1305.o
 .debug_macro   0x0000000000000f6b       0x6a ./Core/Modules/SSD1305/SSD1305.o
 .debug_macro   0x0000000000000fd5      0x1df ./Core/Modules/SSD1305/SSD1305.o
 .debug_macro   0x00000000000011b4      0x29b ./Core/Modules/SSD1305/SSD1305.o
 .debug_macro   0x000000000000144f       0x2e ./Core/Modules/SSD1305/SSD1305.o
 .debug_macro   0x000000000000147d       0x28 ./Core/Modules/SSD1305/SSD1305.o
 .debug_macro   0x00000000000014a5       0x1c ./Core/Modules/SSD1305/SSD1305.o
 .debug_macro   0x00000000000014c1       0x22 ./Core/Modules/SSD1305/SSD1305.o
 .debug_macro   0x00000000000014e3       0xd9 ./Core/Modules/SSD1305/SSD1305.o
 .debug_macro   0x00000000000015bc     0x102d ./Core/Modules/SSD1305/SSD1305.o
 .debug_macro   0x00000000000025e9      0x11f ./Core/Modules/SSD1305/SSD1305.o
 .debug_macro   0x0000000000002708    0x16749 ./Core/Modules/SSD1305/SSD1305.o
 .debug_macro   0x0000000000018e51       0x6d ./Core/Modules/SSD1305/SSD1305.o
 .debug_macro   0x0000000000018ebe     0x367e ./Core/Modules/SSD1305/SSD1305.o
 .debug_macro   0x000000000001c53c      0x17b ./Core/Modules/SSD1305/SSD1305.o
 .debug_macro   0x000000000001c6b7       0x5c ./Core/Modules/SSD1305/SSD1305.o
 .debug_macro   0x000000000001c713      0xc90 ./Core/Modules/SSD1305/SSD1305.o
 .debug_macro   0x000000000001d3a3      0x9fe ./Core/Modules/SSD1305/SSD1305.o
 .debug_macro   0x000000000001dda1      0x115 ./Core/Modules/SSD1305/SSD1305.o
 .debug_macro   0x000000000001deb6      0x1a0 ./Core/Modules/SSD1305/SSD1305.o
 .debug_macro   0x000000000001e056       0xa5 ./Core/Modules/SSD1305/SSD1305.o
 .debug_macro   0x000000000001e0fb      0x16d ./Core/Modules/SSD1305/SSD1305.o
 .debug_macro   0x000000000001e268      0x287 ./Core/Modules/SSD1305/SSD1305.o
 .debug_macro   0x000000000001e4ef       0x5f ./Core/Modules/SSD1305/SSD1305.o
 .debug_macro   0x000000000001e54e      0x236 ./Core/Modules/SSD1305/SSD1305.o
 .debug_macro   0x000000000001e784      0x132 ./Core/Modules/SSD1305/SSD1305.o
 .debug_macro   0x000000000001e8b6      0x29c ./Core/Modules/SSD1305/SSD1305.o
 .debug_macro   0x000000000001eb52       0x2e ./Core/Modules/SSD1305/SSD1305.o
 .debug_macro   0x000000000001eb80      0x1b5 ./Core/Modules/SSD1305/SSD1305.o
 .debug_macro   0x000000000001ed35       0x22 ./Core/Modules/SSD1305/SSD1305.o
 .debug_macro   0x000000000001ed57       0xd6 ./Core/Modules/SSD1305/SSD1305.o
 .debug_macro   0x000000000001ee2d      0x11a ./Core/Modules/SSD1305/SSD1305.o
 .debug_macro   0x000000000001ef47       0xe8 ./Core/Modules/SSD1305/SSD1305.o
 .debug_macro   0x000000000001f02f       0x89 ./Core/Modules/SSD1305/SSD1305.o
 .debug_macro   0x000000000001f0b8      0x295 ./Core/Modules/SSD1305/SSD1305.o
 .debug_macro   0x000000000001f34d      0x126 ./Core/Modules/SSD1305/SSD1305.o
 .debug_macro   0x000000000001f473      0x10c ./Core/Modules/SSD1305/SSD1305.o
 .debug_macro   0x000000000001f57f      0x20a ./Core/Src/main.o
 .debug_macro   0x000000000001f789       0x58 ./Core/Src/main.o
 .debug_macro   0x000000000001f7e1      0x1e2 ./Core/Src/stm32f4xx_hal_msp.o
 .debug_macro   0x000000000001f9c3      0x1ec ./Core/Src/stm32f4xx_it.o
 .debug_macro   0x000000000001fbaf      0x1d3 ./Core/Src/system_stm32f4xx.o
 .debug_macro   0x000000000001fd82      0x233 ./Drivers/STM32F4xx_HAL_Driver/Src/stm32f4xx_hal.o
 .debug_macro   0x000000000001ffb5      0x1d3 ./Drivers/STM32F4xx_HAL_Driver/Src/stm32f4xx_hal_cortex.o
 .debug_macro   0x0000000000020188      0x1d9 ./Drivers/STM32F4xx_HAL_Driver/Src/stm32f4xx_hal_gpio.o
 .debug_macro   0x0000000000020361      0x21a ./Drivers/STM32F4xx_HAL_Driver/Src/stm32f4xx_hal_i2c.o
 .debug_macro   0x000000000002057b      0x1f7 ./Drivers/STM32F4xx_HAL_Driver/Src/stm32f4xx_hal_rcc.o
 .debug_macro   0x0000000000020772      0x1d3 ./Drivers/STM32F4xx_HAL_Driver/Src/stm32f4xx_hal_rcc_ex.o
 .debug_macro   0x0000000000020945      0x1d4 ./Drivers/STM32F4xx_HAL_Driver/Src/stm32f4xx_hal_uart.o

.debug_line     0x0000000000000000     0xd480
 .debug_line    0x0000000000000000      0xe25 ./Core/Modules/SSD1305/SSD1305.o
 .debug_line    0x0000000000000e25      0x9f8 ./Core/Src/main.o
 .debug_line    0x000000000000181d      0x75f ./Core/Src/stm32f4xx_hal_msp.o
 .debug_line    0x0000000000001f7c      0x786 ./Core/Src/stm32f4xx_it.o
 .debug_line    0x0000000000002702      0x745 ./Core/Src/system_stm32f4xx.o
 .debug_line    0x0000000000002e47       0x88 ./Core/Startup/startup_stm32f446retx.o
 .debug_line    0x0000000000002ecf      0x9ab ./Drivers/STM32F4xx_HAL_Driver/Src/stm32f4xx_hal.o
 .debug_line    0x000000000000387a      0xc5a ./Drivers/STM32F4xx_HAL_Driver/Src/stm32f4xx_hal_cortex.o
 .debug_line    0x00000000000044d4      0xb0b ./Drivers/STM32F4xx_HAL_Driver/Src/stm32f4xx_hal_gpio.o
 .debug_line    0x0000000000004fdf     0x3960 ./Drivers/STM32F4xx_HAL_Driver/Src/stm32f4xx_hal_i2c.o
 .debug_line    0x000000000000893f      0xd33 ./Drivers/STM32F4xx_HAL_Driver/Src/stm32f4xx_hal_rcc.o
 .debug_line    0x0000000000009672     0x13be ./Drivers/STM32F4xx_HAL_Driver/Src/stm32f4xx_hal_rcc_ex.o
 .debug_line    0x000000000000aa30     0x2a50 ./Drivers/STM32F4xx_HAL_Driver/Src/stm32f4xx_hal_uart.o

.debug_str      0x0000000000000000    0xc830c
 .debug_str     0x0000000000000000    0xc516d ./Core/Modules/SSD1305/SSD1305.o
                                      0xc55ce (size before relaxing)
 .debug_str     0x00000000000c516d      0x7df ./Core/Src/main.o
                                      0xc5cf4 (size before relaxing)
 .debug_str     0x00000000000c594c      0x2a9 ./Core/Src/stm32f4xx_hal_msp.o
                                      0xc42d9 (size before relaxing)
 .debug_str     0x00000000000c5bf5       0xc9 ./Core/Src/stm32f4xx_it.o
                                      0xc3a89 (size before relaxing)
 .debug_str     0x00000000000c5cbe       0xdb ./Core/Src/system_stm32f4xx.o
                                      0xc3ab2 (size before relaxing)
 .debug_str     0x00000000000c5d99       0x36 ./Core/Startup/startup_stm32f446retx.o
                                         0x7c (size before relaxing)
 .debug_str     0x00000000000c5dcf      0xaad ./Drivers/STM32F4xx_HAL_Driver/Src/stm32f4xx_hal.o
                                      0xc4677 (size before relaxing)
 .debug_str     0x00000000000c687c      0x354 ./Drivers/STM32F4xx_HAL_Driver/Src/stm32f4xx_hal_cortex.o
                                      0xc4385 (size before relaxing)
 .debug_str     0x00000000000c6bd0      0x121 ./Drivers/STM32F4xx_HAL_Driver/Src/stm32f4xx_hal_gpio.o
                                      0xc3c2d (size before relaxing)
 .debug_str     0x00000000000c6cf1      0xae2 ./Drivers/STM32F4xx_HAL_Driver/Src/stm32f4xx_hal_i2c.o
                                      0xc4a5d (size before relaxing)
 .debug_str     0x00000000000c77d3      0x213 ./Drivers/STM32F4xx_HAL_Driver/Src/stm32f4xx_hal_rcc.o
                                      0xc3eeb (size before relaxing)
 .debug_str     0x00000000000c79e6      0x324 ./Drivers/STM32F4xx_HAL_Driver/Src/stm32f4xx_hal_rcc_ex.o
                                      0xc3f1e (size before relaxing)
 .debug_str     0x00000000000c7d0a      0x602 ./Drivers/STM32F4xx_HAL_Driver/Src/stm32f4xx_hal_uart.o
                                      0xc4460 (size before relaxing)

.comment        0x0000000000000000       0x50
 .comment       0x0000000000000000       0x50 ./Core/Modules/SSD1305/SSD1305.o
                                         0x51 (size before relaxing)
 .comment       0x0000000000000050       0x51 ./Core/Src/main.o
 .comment       0x0000000000000050       0x51 ./Core/Src/stm32f4xx_hal_msp.o
 .comment       0x0000000000000050       0x51 ./Core/Src/stm32f4xx_it.o
 .comment       0x0000000000000050       0x51 ./Core/Src/system_stm32f4xx.o
 .comment       0x0000000000000050       0x51 ./Drivers/STM32F4xx_HAL_Driver/Src/stm32f4xx_hal.o
 .comment       0x0000000000000050       0x51 ./Drivers/STM32F4xx_HAL_Driver/Src/stm32f4xx_hal_cortex.o
 .comment       0x0000000000000050       0x51 ./Drivers/STM32F4xx_HAL_Driver/Src/stm32f4xx_hal_gpio.o
 .comment       0x0000000000000050       0x51 ./Drivers/STM32F4xx_HAL_Driver/Src/stm32f4xx_hal_i2c.o
 .comment       0x0000000000000050       0x51 ./Drivers/STM32F4xx_HAL_Driver/Src/stm32f4xx_hal_rcc.o
 .comment       0x0000000000000050       0x51 ./Drivers/STM32F4xx_HAL_Driver/Src/stm32f4xx_hal_rcc_ex.o
 .comment       0x0000000000000050       0x51 ./Drivers/STM32F4xx_HAL_Driver/Src/stm32f4xx_hal_uart.o

.debug_frame    0x0000000000000000     0x2c0c
 .debug_frame   0x0000000000000000      0x590 ./Core/Modules/SSD1305/SSD1305.o
 .debug_frame   0x0000000000000590       0xf4 ./Core/Src/main.o
 .debug_frame   0x0000000000000684       0xc4 ./Core/Src/stm32f4xx_hal_msp.o
 .debug_frame   0x0000000000000748      0x104 ./Core/Src/stm32f4xx_it.o
 .debug_frame   0x000000000000084c       0x58 ./Core/Src/system_stm32f4xx.o
 .debug_frame   0x00000000000008a4      0x374 ./Drivers/STM32F4xx_HAL_Driver/Src/stm32f4xx_hal.o
 .debug_frame   0x0000000000000c18      0x498 ./Drivers/STM32F4xx_HAL_Driver/Src/stm32f4xx_hal_cortex.o
 .debug_frame   0x00000000000010b0      0x14c ./Drivers/STM32F4xx_HAL_Driver/Src/stm32f4xx_hal_gpio.o
 .debug_frame   0x00000000000011fc      0xc5c ./Drivers/STM32F4xx_HAL_Driver/Src/stm32f4xx_hal_i2c.o
 .debug_frame   0x0000000000001e58      0x1f4 ./Drivers/STM32F4xx_HAL_Driver/Src/stm32f4xx_hal_rcc.o
 .debug_frame   0x000000000000204c      0x1e8 ./Drivers/STM32F4xx_HAL_Driver/Src/stm32f4xx_hal_rcc_ex.o
 .debug_frame   0x0000000000002234      0x92c ./Drivers/STM32F4xx_HAL_Driver/Src/stm32f4xx_hal_uart.o
 .debug_frame   0x0000000000002b60       0x2c c:/st/stm32cubeide_1.12.0/stm32cubeide/plugins/com.st.stm32cube.ide.mcu.externaltools.gnu-tools-for-stm32.10.3-2021.10.win32_1.0.200.202301161003/tools/bin/../lib/gcc/arm-none-eabi/10.3.1/../../../../arm-none-eabi/lib/thumb/v7e-m+fp/hard\libc_nano.a(lib_a-init.o)
 .debug_frame   0x0000000000002b8c       0x20 c:/st/stm32cubeide_1.12.0/stm32cubeide/plugins/com.st.stm32cube.ide.mcu.externaltools.gnu-tools-for-stm32.10.3-2021.10.win32_1.0.200.202301161003/tools/bin/../lib/gcc/arm-none-eabi/10.3.1/../../../../arm-none-eabi/lib/thumb/v7e-m+fp/hard\libc_nano.a(lib_a-memset.o)
 .debug_frame   0x0000000000002bac       0x2c c:/st/stm32cubeide_1.12.0/stm32cubeide/plugins/com.st.stm32cube.ide.mcu.externaltools.gnu-tools-for-stm32.10.3-2021.10.win32_1.0.200.202301161003/tools/bin/../lib/gcc/arm-none-eabi/10.3.1/thumb/v7e-m+fp/hard\libgcc.a(_aeabi_uldivmod.o)
 .debug_frame   0x0000000000002bd8       0x34 c:/st/stm32cubeide_1.12.0/stm32cubeide/plugins/com.st.stm32cube.ide.mcu.externaltools.gnu-tools-for-stm32.10.3-2021.10.win32_1.0.200.202301161003/tools/bin/../lib/gcc/arm-none-eabi/10.3.1/thumb/v7e-m+fp/hard\libgcc.a(_udivmoddi4.o)
