C:\ST\STM32CubeIDE_1.16.1\STM32CubeIDE\plugins\com.st.stm32cube.ide.mcu.externaltools.gnu-tools-for-stm32.12.3.rel1.win32_1.0.200.202406191623\tools\arm-none-eabi\include\c++\12.3.1\arm-none-eabi\thumb\v7e-m+dp\hard\bits\gthr-default.h:229:1:int __gthread_key_delete(__gthread_key_t)	16	static
../Core/Modules/Memory/memory.cpp:11:19:HAL_StatusTypeDef writeMultiPage(I2C_HandleTypeDef*, uint8_t, uint16_t, uint8_t*, uint16_t, uint8_t)	48	static
../Core/Modules/Memory/memory.cpp:60:19:HAL_StatusTypeDef deleteRegion(I2C_HandleTypeDef*, uint8_t, uint16_t, uint16_t, uint8_t)	80	dynamic
../Core/Modules/Memory/memory.cpp:112:1:Memory::Memory(memoryElement*, uint16_t, MemoryErrorCallback_t, Stream*)	32	static
../Core/Modules/Memory/memory.cpp:126:6:void Memory::attachErrorCallback(MemoryErrorCallback_t)	16	static
../Core/Modules/Memory/memory.cpp:128:6:void Memory::attachStream(Stream*)	16	static
../Core/Modules/Memory/memory.cpp:130:6:bool Memory::getValue(const char*, uint8_t*)	40	static
../Core/Modules/Memory/memory.cpp:146:6:bool Memory::getValue(const char*, uint16_t*)	40	static
../Core/Modules/Memory/memory.cpp:162:6:bool Memory::getValue(const char*, uint32_t*)	40	static
../Core/Modules/Memory/memory.cpp:178:6:bool Memory::getValue(const char*, const char*)	40	static
../Core/Modules/Memory/memory.cpp:196:6:bool Memory::setValue(const char*, uint8_t)	40	static
../Core/Modules/Memory/memory.cpp:213:6:bool Memory::setValue(const char*, uint16_t)	40	static
../Core/Modules/Memory/memory.cpp:230:6:bool Memory::setValue(const char*, uint32_t)	40	static
../Core/Modules/Memory/memory.cpp:247:6:bool Memory::setValue(const char*, const char*)	40	static
../Core/Modules/Memory/memory.cpp:265:6:void Memory::listAll(Stream*)	424	static
../Core/Modules/Memory/memory.cpp:316:6:bool memoryElement::deleteData()	16	static
../Core/Modules/Memory/memory.cpp:318:6:void memoryElement::print()	416	static
../Core/Modules/Memory/memory.cpp:361:6:void memoryElement::operator=(uint8_t)	16	static
../Core/Modules/Memory/memory.cpp:362:6:void memoryElement::operator=(uint16_t)	16	static
../Core/Modules/Memory/memory.cpp:363:6:void memoryElement::operator=(uint32_t)	16	static
../Core/Modules/Memory/memory.cpp:364:6:void memoryElement::operator=(const char*)	16	static
../Core/Modules/Memory/memory.cpp:366:1:EEPROMmemory::EEPROMmemory(memoryElement*, uint16_t, uint8_t, I2C_HandleTypeDef*, MemoryErrorCallback_t, Stream*)	32	static
../Core/Modules/Memory/memory.cpp:374:19:HAL_StatusTypeDef EEPROMmemory::writeHeader(memoryElement, uint16_t)	96	dynamic
../Core/Modules/Memory/memory.hpp:102:8:memoryElement::memoryElement()	16	static
../Core/Modules/Memory/memory.cpp:399:15:memoryElement EEPROMmemory::readHeader(uint16_t)	96	dynamic
../Core/Modules/Memory/memory.cpp:432:6:void EEPROMmemory::Init()	1888	static
../Core/Modules/Memory/memory.cpp:650:6:virtual bool EEPROMmemory::_getValue(uint32_t, void*, elementType)	56	static
../Core/Modules/Memory/memory.cpp:688:6:void EEPROMmemory::updateHeader(uint32_t, elementType)	104	static
../Core/Modules/Memory/memory.cpp:724:6:virtual bool EEPROMmemory::_setValue(uint32_t, void*, elementType)	56	static
../Core/Modules/Memory/memory.cpp:766:6:virtual bool EEPROMmemory::deleteElementData(const char*)	40	static
../Core/Modules/Memory/memory.cpp:789:15:virtual memoryElement EEPROMmemory::operator[](const char*)	40	static
../Core/Modules/Memory/memory.cpp:805:1:void __static_initialization_and_destruction_0(int, int)	16	static
../Core/Modules/Memory/memory.cpp:805:1:cpp)	8	static
../Core/Modules/Memory/memory.cpp:805:1:cpp)	8	static
