C:/Users/SNA1BP/Documents/Masters-thesis/cubeIDE_workspace/StateMachine/Drivers/Shellminator-3.0.1/src/Shellminator-Screen.hpp:58:18:virtual void ShellminatorScreen::draw(bool)	16	static
C:/Users/SNA1BP/Documents/Masters-thesis/cubeIDE_workspace/StateMachine/Drivers/Shellminator-3.0.1/src/Shellminator-Screen.hpp:70:18:virtual void ShellminatorScreen::init(Shellminator*, Stream*)	24	static
C:/Users/SNA1BP/Documents/Masters-thesis/cubeIDE_workspace/StateMachine/Drivers/Shellminator-3.0.1/src/Shellminator-Screen.hpp:78:18:virtual void ShellminatorScreen::setOrigin(int, int)	24	static
C:/Users/SNA1BP/Documents/Masters-thesis/cubeIDE_workspace/StateMachine/Drivers/Shellminator-3.0.1/src/Shellminator-Screen.hpp:94:18:virtual void ShellminatorScreen::update(int, int)	24	static
C:/Users/SNA1BP/Documents/Masters-thesis/cubeIDE_workspace/StateMachine/Drivers/Shellminator-3.0.1/src/Shellminator-Screen.hpp:97:18:virtual void ShellminatorScreen::forceRedraw()	16	static
C:/Users/SNA1BP/Documents/Masters-thesis/cubeIDE_workspace/StateMachine/Drivers/Shellminator-3.0.1/src/Shellminator-Screen.hpp:47:7:constexpr ShellminatorScreen::ShellminatorScreen()	16	static
../Drivers/Shellminator-3.0.1/src/GUI/Shellminator-Level-Meter.cpp:37:1:ShellminatorLevelMeter::ShellminatorLevelMeter()	16	static
../Drivers/Shellminator-3.0.1/src/GUI/Shellminator-Level-Meter.cpp:41:1:ShellminatorLevelMeter::ShellminatorLevelMeter(const char*)	16	static
../Drivers/Shellminator-3.0.1/src/GUI/Shellminator-Level-Meter.cpp:47:6:virtual void ShellminatorLevelMeter::init(Shellminator*, Stream*)	24	static
../Drivers/Shellminator-3.0.1/src/GUI/Shellminator-Level-Meter.cpp:56:6:void ShellminatorLevelMeter::setPercentage(float)	24	static
../Drivers/Shellminator-3.0.1/src/GUI/Shellminator-Level-Meter.cpp:69:6:virtual void ShellminatorLevelMeter::update(int, int)	40	static
../Drivers/Shellminator-3.0.1/src/GUI/Shellminator-Level-Meter.cpp:94:6:void ShellminatorLevelMeter::setWarningPercentage(float)	16	static
../Drivers/Shellminator-3.0.1/src/GUI/Shellminator-Level-Meter.cpp:98:6:void ShellminatorLevelMeter::setErrorPercentage(float)	16	static
../Drivers/Shellminator-3.0.1/src/GUI/Shellminator-Level-Meter.cpp:103:6:virtual void ShellminatorLevelMeter::draw(bool)	56	static
../Drivers/Shellminator-3.0.1/src/GUI/Shellminator-Level-Meter.cpp:277:6:void ShellminatorLevelMeter::setColor(Shellminator::textColor_t)	16	static
../Drivers/Shellminator-3.0.1/src/GUI/Shellminator-Level-Meter.cpp:281:6:void ShellminatorLevelMeter::setWarningColor(Shellminator::textColor_t)	16	static
../Drivers/Shellminator-3.0.1/src/GUI/Shellminator-Level-Meter.cpp:285:6:void ShellminatorLevelMeter::setErrorColor(Shellminator::textColor_t)	16	static
../Drivers/Shellminator-3.0.1/src/GUI/Shellminator-Level-Meter.cpp:289:6:virtual void ShellminatorLevelMeter::forceRedraw()	16	static
