C:/Users/SNA1BP/Documents/Masters-thesis/cubeIDE_workspace/StateMachine/Drivers/Shellminator-3.0.1/src/Shellminator-Screen.hpp:58:18:virtual void ShellminatorScreen::draw(bool)	16	static
C:/Users/SNA1BP/Documents/Masters-thesis/cubeIDE_workspace/StateMachine/Drivers/Shellminator-3.0.1/src/Shellminator-Screen.hpp:70:18:virtual void ShellminatorScreen::init(Shellminator*, Stream*)	24	static
C:/Users/SNA1BP/Documents/Masters-thesis/cubeIDE_workspace/StateMachine/Drivers/Shellminator-3.0.1/src/Shellminator-Screen.hpp:78:18:virtual void ShellminatorScreen::setOrigin(int, int)	24	static
C:/Users/SNA1BP/Documents/Masters-thesis/cubeIDE_workspace/StateMachine/Drivers/Shellminator-3.0.1/src/Shellminator-Screen.hpp:94:18:virtual void ShellminatorScreen::update(int, int)	24	static
C:/Users/SNA1BP/Documents/Masters-thesis/cubeIDE_workspace/StateMachine/Drivers/Shellminator-3.0.1/src/Shellminator-Screen.hpp:97:18:virtual void ShellminatorScreen::forceRedraw()	16	static
C:/Users/SNA1BP/Documents/Masters-thesis/cubeIDE_workspace/StateMachine/Drivers/Shellminator-3.0.1/src/Shellminator-Screen.hpp:47:7:constexpr ShellminatorScreen::ShellminatorScreen()	16	static
../Drivers/Shellminator-3.0.1/src/GUI/Shellminator-Notification.cpp:36:1:ShellminatorNotification::ShellminatorNotification()	16	static
../Drivers/Shellminator-3.0.1/src/GUI/Shellminator-Notification.cpp:42:1:ShellminatorNotification::ShellminatorNotification(const char*)	16	static
../Drivers/Shellminator-3.0.1/src/GUI/Shellminator-Notification.cpp:46:6:void ShellminatorNotification::setText(const char*)	24	static
../Drivers/Shellminator-3.0.1/src/GUI/Shellminator-Notification.cpp:73:6:virtual void ShellminatorNotification::init(Shellminator*, Stream*)	24	static
../Drivers/Shellminator-3.0.1/src/GUI/Shellminator-Notification.cpp:79:6:virtual void ShellminatorNotification::update(int, int)	40	static
../Drivers/Shellminator-3.0.1/src/GUI/Shellminator-Notification.cpp:104:6:virtual void ShellminatorNotification::draw(bool)	48	static
../Drivers/Shellminator-3.0.1/src/GUI/Shellminator-Notification.cpp:198:6:virtual void ShellminatorNotification::forceRedraw()	16	static
