D:/Projektek/Masters-thesis/cubeIDE_workspace/StateMachine/Drivers/Shellminator-3.0.1/src/Shellminator-Screen.hpp:58:18:virtual void ShellminatorScreen::draw(bool)	16	static
D:/Projektek/Masters-thesis/cubeIDE_workspace/StateMachine/Drivers/Shellminator-3.0.1/src/Shellminator-Screen.hpp:70:18:virtual void ShellminatorScreen::init(Shellminator*, Stream*)	24	static
D:/Projektek/Masters-thesis/cubeIDE_workspace/StateMachine/Drivers/Shellminator-3.0.1/src/Shellminator-Screen.hpp:78:18:virtual void ShellminatorScreen::setOrigin(int, int)	24	static
D:/Projektek/Masters-thesis/cubeIDE_workspace/StateMachine/Drivers/Shellminator-3.0.1/src/Shellminator-Screen.hpp:94:18:virtual void ShellminatorScreen::update(int, int)	24	static
D:/Projektek/Masters-thesis/cubeIDE_workspace/StateMachine/Drivers/Shellminator-3.0.1/src/Shellminator-Screen.hpp:97:18:virtual void ShellminatorScreen::forceRedraw()	16	static
D:/Projektek/Masters-thesis/cubeIDE_workspace/StateMachine/Drivers/Shellminator-3.0.1/src/Shellminator-Screen.hpp:47:7:constexpr ShellminatorScreen::ShellminatorScreen()	16	static
../Drivers/Shellminator-3.0.1/src/GUI/Shellminator-List.cpp:36:1:ShellminatorList::ShellminatorList()	16	static
../Drivers/Shellminator-3.0.1/src/GUI/Shellminator-List.cpp:46:1:ShellminatorList::ShellminatorList(const char**, int, const char*)	24	static
../Drivers/Shellminator-3.0.1/src/GUI/Shellminator-List.cpp:60:6:virtual void ShellminatorList::init(Shellminator*, Stream*)	24	static
../Drivers/Shellminator-3.0.1/src/GUI/Shellminator-List.cpp:68:6:virtual void ShellminatorList::update(int, int)	48	static
../Drivers/Shellminator-3.0.1/src/GUI/Shellminator-List.cpp:135:6:void ShellminatorList::attachCallback(void (*)(const char**, int, int, ShellminatorScreen*))	16	static
../Drivers/Shellminator-3.0.1/src/GUI/Shellminator-List.cpp:139:6:virtual void ShellminatorList::printExtra(int, bool)	24	static
../Drivers/Shellminator-3.0.1/src/GUI/Shellminator-List.cpp:146:6:virtual void ShellminatorList::draw(bool)	24	static
../Drivers/Shellminator-3.0.1/src/GUI/Shellminator-List.cpp:261:6:virtual void ShellminatorList::forceRedraw()	16	static
