D:/Projektek/Masters-thesis/cubeIDE_workspace/StateMachine/Drivers/Shellminator-3.0.1/src/Shellminator-Screen.hpp:58:18:virtual void ShellminatorScreen::draw(bool)	16	static
D:/Projektek/Masters-thesis/cubeIDE_workspace/StateMachine/Drivers/Shellminator-3.0.1/src/Shellminator-Screen.hpp:70:18:virtual void ShellminatorScreen::init(Shellminator*, Stream*)	24	static
D:/Projektek/Masters-thesis/cubeIDE_workspace/StateMachine/Drivers/Shellminator-3.0.1/src/Shellminator-Screen.hpp:78:18:virtual void ShellminatorScreen::setOrigin(int, int)	24	static
D:/Projektek/Masters-thesis/cubeIDE_workspace/StateMachine/Drivers/Shellminator-3.0.1/src/Shellminator-Screen.hpp:94:18:virtual void ShellminatorScreen::update(int, int)	24	static
D:/Projektek/Masters-thesis/cubeIDE_workspace/StateMachine/Drivers/Shellminator-3.0.1/src/Shellminator-Screen.hpp:97:18:virtual void ShellminatorScreen::forceRedraw()	16	static
D:/Projektek/Masters-thesis/cubeIDE_workspace/StateMachine/Drivers/Shellminator-3.0.1/src/Shellminator-Screen.hpp:47:7:constexpr ShellminatorScreen::ShellminatorScreen()	16	static
../Drivers/Shellminator-3.0.1/src/GUI/Shellminator-Buttons.cpp:37:1:ShellminatorButton::ShellminatorButton()	16	static
../Drivers/Shellminator-3.0.1/src/GUI/Shellminator-Buttons.cpp:46:1:ShellminatorButton::ShellminatorButton(const char*)	16	static
../Drivers/Shellminator-3.0.1/src/GUI/Shellminator-Buttons.cpp:66:6:void ShellminatorButton::attachEvent(Shellminator::shellEvent_t)	24	static
../Drivers/Shellminator-3.0.1/src/GUI/Shellminator-Buttons.cpp:106:6:void ShellminatorButton::attachTriggerFunction(void (*)(ShellminatorScreen*))	16	static
../Drivers/Shellminator-3.0.1/src/GUI/Shellminator-Buttons.cpp:110:6:void ShellminatorButton::setColor(Shellminator::textColor_t)	16	static
../Drivers/Shellminator-3.0.1/src/GUI/Shellminator-Buttons.cpp:115:6:virtual void ShellminatorButton::init(Shellminator*, Stream*)	24	static
../Drivers/Shellminator-3.0.1/src/GUI/Shellminator-Buttons.cpp:121:6:virtual void ShellminatorButton::update(int, int)	40	static
../Drivers/Shellminator-3.0.1/src/GUI/Shellminator-Buttons.cpp:185:6:virtual void ShellminatorButton::draw(bool)	32	static
../Drivers/Shellminator-3.0.1/src/GUI/Shellminator-Buttons.cpp:274:6:bool ShellminatorButton::isUpper(char)	16	static
../Drivers/Shellminator-3.0.1/src/GUI/Shellminator-Buttons.cpp:278:6:bool ShellminatorButton::isLower(char)	16	static
../Drivers/Shellminator-3.0.1/src/GUI/Shellminator-Buttons.cpp:282:6:char ShellminatorButton::toUpper(char)	16	static
../Drivers/Shellminator-3.0.1/src/GUI/Shellminator-Buttons.cpp:290:6:virtual void ShellminatorButton::forceRedraw()	16	static
