D:/Projektek/Masters-thesis/cubeIDE_workspace/StateMachine/Drivers/Shellminator-3.0.1/src/Shellminator-Screen.hpp:58:18:virtual void ShellminatorScreen::draw(bool)	16	static
D:/Projektek/Masters-thesis/cubeIDE_workspace/StateMachine/Drivers/Shellminator-3.0.1/src/Shellminator-Screen.hpp:70:18:virtual void ShellminatorScreen::init(Shellminator*, Stream*)	24	static
D:/Projektek/Masters-thesis/cubeIDE_workspace/StateMachine/Drivers/Shellminator-3.0.1/src/Shellminator-Screen.hpp:78:18:virtual void ShellminatorScreen::setOrigin(int, int)	24	static
D:/Projektek/Masters-thesis/cubeIDE_workspace/StateMachine/Drivers/Shellminator-3.0.1/src/Shellminator-Screen.hpp:94:18:virtual void ShellminatorScreen::update(int, int)	24	static
D:/Projektek/Masters-thesis/cubeIDE_workspace/StateMachine/Drivers/Shellminator-3.0.1/src/Shellminator-Screen.hpp:97:18:virtual void ShellminatorScreen::forceRedraw()	16	static
D:/Projektek/Masters-thesis/cubeIDE_workspace/StateMachine/Drivers/Shellminator-3.0.1/src/Shellminator-Screen.hpp:47:7:constexpr ShellminatorScreen::ShellminatorScreen()	16	static
../Drivers/Shellminator-3.0.1/src/GUI/Shellminator-ScreenGrid.cpp:36:1:ShellminatorScreenGrid::ShellminatorScreenGrid()	16	static
../Drivers/Shellminator-3.0.1/src/GUI/Shellminator-ScreenGrid.cpp:46:1:ShellminatorScreenGrid::ShellminatorScreenGrid(int, int)	24	static
../Drivers/Shellminator-3.0.1/src/GUI/Shellminator-ScreenGrid.cpp:56:6:virtual void ShellminatorScreenGrid::init(Shellminator*, Stream*)	32	static
../Drivers/Shellminator-3.0.1/src/GUI/Shellminator-ScreenGrid.cpp:72:6:virtual void ShellminatorScreenGrid::update(int, int)	64	static
../Drivers/Shellminator-3.0.1/src/GUI/Shellminator-ScreenGrid.cpp:151:6:virtual void ShellminatorScreenGrid::draw(bool)	24	static
../Drivers/Shellminator-3.0.1/src/GUI/Shellminator-ScreenGrid.cpp:196:6:void ShellminatorScreenGrid::addWidget(ShellminatorScreen*, int, int, int, int)	32	static
../Drivers/Shellminator-3.0.1/src/GUI/Shellminator-ScreenGrid.cpp:241:6:virtual void ShellminatorScreenGrid::forceRedraw()	16	static
