C:/Users/SNA1BP/Documents/Masters-thesis/cubeIDE_workspace/StateMachine/Drivers/Shellminator-3.0.1/src/Shellminator-Screen.hpp:58:18:virtual void ShellminatorScreen::draw(bool)	16	static
C:/Users/SNA1BP/Documents/Masters-thesis/cubeIDE_workspace/StateMachine/Drivers/Shellminator-3.0.1/src/Shellminator-Screen.hpp:70:18:virtual void ShellminatorScreen::init(Shellminator*, Stream*)	24	static
C:/Users/SNA1BP/Documents/Masters-thesis/cubeIDE_workspace/StateMachine/Drivers/Shellminator-3.0.1/src/Shellminator-Screen.hpp:78:18:virtual void ShellminatorScreen::setOrigin(int, int)	24	static
C:/Users/SNA1BP/Documents/Masters-thesis/cubeIDE_workspace/StateMachine/Drivers/Shellminator-3.0.1/src/Shellminator-Screen.hpp:94:18:virtual void ShellminatorScreen::update(int, int)	24	static
C:/Users/SNA1BP/Documents/Masters-thesis/cubeIDE_workspace/StateMachine/Drivers/Shellminator-3.0.1/src/Shellminator-Screen.hpp:97:18:virtual void ShellminatorScreen::forceRedraw()	16	static
C:/Users/SNA1BP/Documents/Masters-thesis/cubeIDE_workspace/StateMachine/Drivers/Shellminator-3.0.1/src/Shellminator-Screen.hpp:47:7:constexpr ShellminatorScreen::ShellminatorScreen()	16	static
../Drivers/Shellminator-3.0.1/src/GUI/Shellminator-Progress.cpp:36:1:ShellminatorProgress::ShellminatorProgress()	16	static
../Drivers/Shellminator-3.0.1/src/GUI/Shellminator-Progress.cpp:40:6:virtual void ShellminatorProgress::init(Shellminator*, Stream*)	24	static
../Drivers/Shellminator-3.0.1/src/GUI/Shellminator-Progress.cpp:46:6:virtual void ShellminatorProgress::draw(bool)	48	static
../Drivers/Shellminator-3.0.1/src/GUI/Shellminator-Progress.cpp:316:6:virtual void ShellminatorProgress::update(int, int)	40	static
../Drivers/Shellminator-3.0.1/src/GUI/Shellminator-Progress.cpp:341:6:void ShellminatorProgress::setText(const char*)	16	static
../Drivers/Shellminator-3.0.1/src/GUI/Shellminator-Progress.cpp:346:6:void ShellminatorProgress::setFormat(const char*)	16	static
../Drivers/Shellminator-3.0.1/src/GUI/Shellminator-Progress.cpp:351:6:void ShellminatorProgress::setPercentage(float)	24	static
../Drivers/Shellminator-3.0.1/src/GUI/Shellminator-Progress.cpp:363:6:void ShellminatorProgress::setStep(int, int)	24	static
../Drivers/Shellminator-3.0.1/src/GUI/Shellminator-Progress.cpp:367:6:void ShellminatorProgress::setColor(Shellminator::textColor_t)	16	static
../Drivers/Shellminator-3.0.1/src/GUI/Shellminator-Progress.cpp:371:6:void ShellminatorProgress::start()	16	static
../Drivers/Shellminator-3.0.1/src/GUI/Shellminator-Progress.cpp:375:6:virtual void ShellminatorProgress::forceRedraw()	16	static
