D:/Projektek/Masters-thesis/cubeIDE_workspace/TwoAxisPlatformMain/Core/Modules/Stream/Print.hpp:46:5:Print::Print()	16	static
D:/Projektek/Masters-thesis/cubeIDE_workspace/TwoAxisPlatformMain/Core/Modules/Stream/Print.hpp:52:20:virtual size_t Print::write(const char*)	24	static
D:/Projektek/Masters-thesis/cubeIDE_workspace/TwoAxisPlatformMain/Core/Modules/Stream/Print.hpp:63:17:virtual int Print::availableForWrite()	16	static
D:/Projektek/Masters-thesis/cubeIDE_workspace/TwoAxisPlatformMain/Core/Modules/Stream/Print.hpp:86:18:virtual void Print::flush()	16	static
D:/Projektek/Masters-thesis/cubeIDE_workspace/TwoAxisPlatformMain/Core/Modules/Stream/Stream.hpp:63:5:Stream::Stream()	16	static
../Core/Modules/Serial/Serial.cpp:38:1:Serial::Serial(UART_HandleTypeDef*)	16	static
../Core/Modules/Serial/Serial.cpp:42:6:bool Serial::begin(uint32_t)	16	static
../Core/Modules/Serial/Serial.cpp:71:5:virtual int Serial::available()	24	static
../Core/Modules/Serial/Serial.cpp:97:5:virtual int Serial::read()	24	static
../Core/Modules/Serial/Serial.cpp:128:5:virtual int Serial::peek()	24	static
../Core/Modules/Serial/Serial.cpp:150:6:virtual void Serial::flush()	16	static
../Core/Modules/Serial/Serial.cpp:154:8:virtual size_t Serial::write(uint8_t)	24	static
../Core/Modules/Serial/Serial.cpp:172:8:virtual size_t Serial::write(const uint8_t*, size_t)	32	static
../Core/Modules/Serial/Serial.cpp:190:8:virtual size_t Serial::write(const char*)	32	static
