../Core/Modules/StateMachine/state_machine.hpp:23:18:virtual void State::onEnter(StateMachine*)	16	static
../Core/Modules/StateMachine/state_machine.hpp:24:18:virtual void State::onExit(StateMachine*)	16	static
../Core/Modules/StateMachine/state_machine.cpp:10:1:StateMachine::StateMachine(State*, SSD1305*, Accelerometer*)	24	static
../Core/Modules/StateMachine/state_machine.cpp:17:6:void StateMachine::changeState(State*)	16	static
../Core/Modules/StateMachine/state_machine.cpp:32:6:void StateMachine::run()	16	static
../Core/Modules/StateMachine/state_machine.hpp:20:7:constexpr State::State()	16	static
../Core/Modules/StateMachine/state_machine.cpp:40:1:StateSetFixTrackDeg::StateSetFixTrackDeg(MemorySlot)	24	static
../Core/Modules/StateMachine/state_machine.cpp:45:6:virtual void StateSetFixTrackDeg::onEnter(StateMachine*)	24	static
../Core/Modules/StateMachine/state_machine.cpp:55:6:virtual void StateSetFixTrackDeg::run(StateMachine*)	24	static,ignoring_inline_asm
../Core/Modules/StateMachine/state_machine.cpp:117:6:virtual void StateSetFixTrackDeg::onExit(StateMachine*)	16	static
