../Drivers/Shellminator-3.0.1/src/Shellminator-Screen.hpp:109:9:int ShellminatorScreen::down()	16	static
../Drivers/Shellminator-3.0.1/src/Shellminator-Screen.hpp:138:12:void (* ShellminatorScreen::getEndFunction())(Shellminator*)	16	static
../Drivers/Shellminator-3.0.1/src/Shellminator.cpp:38:1:Shellminator::Shellminator(Stream*)	16	static
D:/Projektek/Masters-thesis/cubeIDE_workspace/StateMachine/Core/Modules/Stream/Print.hpp:37:7:constexpr Print& Print::operator=(Print&&)	16	static
D:/Projektek/Masters-thesis/cubeIDE_workspace/StateMachine/Core/Modules/Stream/Stream.hpp:49:7:constexpr Stream& Stream::operator=(Stream&&)	16	static
../Drivers/Shellminator-3.0.1/src/Shellminator-BufferedPrinter.hpp:60:7:constexpr ShellminatorBufferedPrinter& ShellminatorBufferedPrinter::operator=(ShellminatorBufferedPrinter&&)	16	static
../Drivers/Shellminator-3.0.1/src/Shellminator.cpp:67:6:bool Shellminator::enableBuffering(uint8_t*, int)	64	static
../Drivers/Shellminator-3.0.1/src/Shellminator.cpp:88:30:ShellminatorBufferedPrinter* Shellminator::getBufferedPrinter()	16	static
../Drivers/Shellminator-3.0.1/src/Shellminator.cpp:103:6:void Shellminator::setBannerText(const char*)	16	static
../Drivers/Shellminator-3.0.1/src/Shellminator.cpp:115:6:void Shellminator::setBannerPathText(const char*)	16	static
../Drivers/Shellminator-3.0.1/src/Shellminator.cpp:134:6:void Shellminator::attachLogo(const char*)	16	static
../Drivers/Shellminator-3.0.1/src/Shellminator.cpp:141:6:void Shellminator::attachExecFunc(void (*)(char*, Shellminator*))	16	static
../Drivers/Shellminator-3.0.1/src/Shellminator.cpp:148:6:void Shellminator::attachNeofetchFunc(void (*)(Shellminator*))	16	static
../Drivers/Shellminator-3.0.1/src/Shellminator.cpp:155:6:void Shellminator::printBanner()	24	static
../Drivers/Shellminator-3.0.1/src/Shellminator.cpp:207:6:void Shellminator::printHistory()	32	static
../Drivers/Shellminator-3.0.1/src/Shellminator.cpp:303:6:virtual void Shellminator::printCommandParserHelp(Stream*, bool)	24	static
../Drivers/Shellminator-3.0.1/src/Shellminator.cpp:307:6:virtual void Shellminator::checkCommandFraction()	16	static
../Drivers/Shellminator-3.0.1/src/Shellminator.cpp:311:6:virtual void Shellminator::executeWithCommandParser()	16	static
../Drivers/Shellminator-3.0.1/src/Shellminator.cpp:315:6:virtual void Shellminator::autoCompleteWithCommandParser()	16	static
../Drivers/Shellminator-3.0.1/src/Shellminator.cpp:319:6:virtual bool Shellminator::hasCommandParser()	16	static
../Drivers/Shellminator-3.0.1/src/Shellminator.cpp:324:6:void Shellminator::printHelp()	24	static
../Drivers/Shellminator-3.0.1/src/Shellminator.cpp:437:6:void Shellminator::begin(const char*)	24	static
../Drivers/Shellminator-3.0.1/src/Shellminator.cpp:494:6:void Shellminator::sendBackspace()	16	static
../Drivers/Shellminator-3.0.1/src/Shellminator.cpp:506:6:void Shellminator::redrawLine()	32	static
../Drivers/Shellminator-3.0.1/src/Shellminator.cpp:633:6:void Shellminator::process(char)	16	static
../Drivers/Shellminator-3.0.1/src/Shellminator.cpp:640:6:void Shellminator::update()	32	static
../Drivers/Shellminator-3.0.1/src/Shellminator.cpp:748:6:bool Shellminator::getCursorPosition(int*, int*, uint32_t)	48	static
../Drivers/Shellminator-3.0.1/src/Shellminator.cpp:921:6:void Shellminator::setCursorPosition(int, int)	24	static
../Drivers/Shellminator-3.0.1/src/Shellminator.cpp:927:6:static void Shellminator::setCursorPosition(Stream*, int, int)	24	static
../Drivers/Shellminator-3.0.1/src/Shellminator.cpp:946:6:bool Shellminator::getTerminalSize(int*, int*)	32	static
../Drivers/Shellminator-3.0.1/src/Shellminator.cpp:975:6:void Shellminator::drawLogo()	16	static
../Drivers/Shellminator-3.0.1/src/Shellminator.cpp:1014:6:void Shellminator::beep()	16	static
../Drivers/Shellminator-3.0.1/src/Shellminator.cpp:1030:6:void Shellminator::ShellminatorDefaultState(char)	40	static
../Drivers/Shellminator-3.0.1/src/Shellminator.cpp:1163:6:void Shellminator::ShellminatorTwoByteUnicodeDataState(char)	16	static
../Drivers/Shellminator-3.0.1/src/Shellminator.cpp:1170:6:void Shellminator::ShellminatorThreeByteUnicodeFirstDataState(char)	16	static
../Drivers/Shellminator-3.0.1/src/Shellminator.cpp:1175:6:void Shellminator::ShellminatorThreeByteUnicodeSecondDataState(char)	16	static
../Drivers/Shellminator-3.0.1/src/Shellminator.cpp:1182:6:void Shellminator::ShellminatorFourByteUnicodeFirstDataState(char)	16	static
../Drivers/Shellminator-3.0.1/src/Shellminator.cpp:1187:6:void Shellminator::ShellminatorFourByteUnicodeSecondDataState(char)	16	static
../Drivers/Shellminator-3.0.1/src/Shellminator.cpp:1192:6:void Shellminator::ShellminatorFourByteUnicodeThirdDataState(char)	16	static
../Drivers/Shellminator-3.0.1/src/Shellminator.cpp:1199:6:void Shellminator::ShellminatorBackspaceState()	24	static
../Drivers/Shellminator-3.0.1/src/Shellminator.cpp:1253:6:void Shellminator::ShellminatorEnterKeyState()	24	static
../Drivers/Shellminator-3.0.1/src/Shellminator.cpp:1416:6:void Shellminator::ShellminatorBeginningOfLineState()	16	static
../Drivers/Shellminator-3.0.1/src/Shellminator.cpp:1424:6:void Shellminator::ShellminatorEndOfLineState()	16	static
../Drivers/Shellminator-3.0.1/src/Shellminator.cpp:1432:6:void Shellminator::ShellminatorLogoutState()	24	static
../Drivers/Shellminator-3.0.1/src/Shellminator.cpp:1454:6:void Shellminator::ShellminatorReverseSearchState()	16	static
../Drivers/Shellminator-3.0.1/src/Shellminator.cpp:1474:6:void Shellminator::ShellminatorClearScreenState()	16	static
../Drivers/Shellminator-3.0.1/src/Shellminator.cpp:1485:6:void Shellminator::ShellminatorAutoCompleteState()	16	static
../Drivers/Shellminator-3.0.1/src/Shellminator.cpp:1495:6:void Shellminator::ShellminatorAbortState()	16	static
../Drivers/Shellminator-3.0.1/src/Shellminator.cpp:1526:6:void Shellminator::ShellminatorEscapeCharacterState(char)	16	static
../Drivers/Shellminator-3.0.1/src/Shellminator.cpp:1538:6:void Shellminator::ShellminatorEscapeBracketState(char)	16	static
../Drivers/Shellminator-3.0.1/src/Shellminator.cpp:1598:6:void Shellminator::ShellminatorProcessRegularCharacter(char, bool)	24	static
../Drivers/Shellminator-3.0.1/src/Shellminator.cpp:1693:6:static bool Shellminator::waitForKey(Stream*, char, uint32_t)	32	static
../Drivers/Shellminator-3.0.1/src/Shellminator.cpp:1725:6:static bool Shellminator::waitForKey(Stream*, char*, uint32_t)	40	static
../Drivers/Shellminator-3.0.1/src/Shellminator.cpp:1766:15:static Shellminator* Shellminator::castVoidToShellminator(void*)	16	static
../Drivers/Shellminator-3.0.1/src/Shellminator.cpp:1770:6:void Shellminator::autoDetectTerminal()	40	static
../Drivers/Shellminator-3.0.1/src/Shellminator.cpp:1794:6:void Shellminator::beginScreen(ShellminatorScreen*, int)	32	static
../Drivers/Shellminator-3.0.1/src/Shellminator.cpp:1850:6:void Shellminator::swapScreenAndClear(ShellminatorScreen*, int)	24	static
../Drivers/Shellminator-3.0.1/src/Shellminator.cpp:1857:6:void Shellminator::swapScreen(ShellminatorScreen*, int)	40	static
../Drivers/Shellminator-3.0.1/src/Shellminator.cpp:1895:6:void Shellminator::endScreen()	32	static
../Drivers/Shellminator-3.0.1/src/Shellminator.cpp:1960:6:void Shellminator::requestRedraw()	16	static
../Drivers/Shellminator-3.0.1/src/Shellminator.cpp:1968:6:void Shellminator::attachColorizer(DefaultColorizer*)	16	static
../Drivers/Shellminator-3.0.1/src/Shellminator.cpp:1972:6:void Shellminator::logOut()	24	static
../Drivers/Shellminator-3.0.1/src/Shellminator.cpp:1987:6:void Shellminator::printLoginScreen()	16	static
