../Drivers/Shellminator-3.0.1/src/Shellminator-Styles.cpp:36:6:void Shellminator::hideCursor()	16	static
../Drivers/Shellminator-3.0.1/src/Shellminator-Styles.cpp:42:6:static void Shellminator::hideCursor(Stream*)	16	static
../Drivers/Shellminator-3.0.1/src/Shellminator-Styles.cpp:52:6:void Shellminator::showCursor()	16	static
../Drivers/Shellminator-3.0.1/src/Shellminator-Styles.cpp:58:6:static void Shellminator::showCursor(Stream*)	16	static
../Drivers/Shellminator-3.0.1/src/Shellminator-Styles.cpp:68:6:void Shellminator::clear()	16	static
../Drivers/Shellminator-3.0.1/src/Shellminator-Styles.cpp:75:6:static void Shellminator::setFormat(Stream*, int)	16	static
../Drivers/Shellminator-3.0.1/src/Shellminator-Styles.cpp:85:6:static void Shellminator::setFormat(Stream*, int, int)	24	static
../Drivers/Shellminator-3.0.1/src/Shellminator-Styles.cpp:97:6:static void Shellminator::setFormat(Stream*, int, int, int)	24	static
../Drivers/Shellminator-3.0.1/src/Shellminator-Styles.cpp:111:6:void Shellminator::format(Stream*, int)	24	static
../Drivers/Shellminator-3.0.1/src/Shellminator-Styles.cpp:117:6:void Shellminator::format(Stream*, int, int)	24	static
../Drivers/Shellminator-3.0.1/src/Shellminator-Styles.cpp:123:6:void Shellminator::format(Stream*, int, int, int)	24	static
