../Core/Src/main.cpp:95:5:int main()	600	static
../Core/Src/main.cpp:212:6:void SystemClock_Config()	88	static
../Core/Src/main.cpp:260:13:void MX_ADC1_Init()	24	static
../Core/Src/main.cpp:312:13:void MX_I2C1_Init()	8	static
../Core/Src/main.cpp:346:13:void MX_TIM5_Init()	32	static
../Core/Src/main.cpp:391:13:void MX_USART2_UART_Init()	8	static
../Core/Src/main.cpp:422:13:void MX_DMA_Init()	16	static
../Core/Src/main.cpp:440:13:void MX_GPIO_Init()	48	static
../Core/Src/main.cpp:493:6:void DrawGUI_main(SSD1305*, uint8_t, axes, axes, uint16_t, float, float, float)	40	static
../Core/Src/main.cpp:531:6:void DrawYline_main(SSD1305*, uint8_t, SSD1305_COLOR)	24	static
../Core/Src/main.cpp:539:6:void DisplayMemslot_main(SSD1305*, uint8_t)	32	static
../Core/Src/main.cpp:546:6:void DisplayFixedAx_main(SSD1305*, axes)	32	static
../Core/Src/main.cpp:567:6:void DisplayTrackedAx_main(SSD1305*, axes)	32	static
../Core/Src/main.cpp:588:6:void DisplaySetAngle_main(SSD1305*, uint16_t, int)	48	static
../Core/Src/main.cpp:611:6:void DisplaySetAngle_main(SSD1305*, uint8_t*, int)	48	static
../Core/Src/main.cpp:628:6:void DisplayRefDegs_main(SSD1305*, float, float, float)	40	static
../Core/Src/main.cpp:650:6:void Error_Handler()	4	static,ignoring_inline_asm
