../Core/Src/main.cpp:80:5:int main()	592	static
../Core/Src/main.cpp:149:6:void SystemClock_Config()	88	static
../Core/Src/main.cpp:197:13:void MX_ADC1_Init()	24	static
../Core/Src/main.cpp:249:13:void MX_I2C1_Init()	8	static
../Core/Src/main.cpp:283:13:void MX_TIM5_Init()	32	static
../Core/Src/main.cpp:328:13:void MX_USART2_UART_Init()	8	static
../Core/Src/main.cpp:359:13:void MX_DMA_Init()	16	static
../Core/Src/main.cpp:377:13:void MX_GPIO_Init()	48	static
../Core/Src/main.cpp:433:6:void Error_Handler()	4	static,ignoring_inline_asm
