c:\st\stm32cubeide_1.12.0\stm32cubeide\plugins\com.st.stm32cube.ide.mcu.externaltools.gnu-tools-for-stm32.10.3-2021.10.win32_1.0.200.202301161003\tools\bin\../lib/gcc/arm-none-eabi/10.3.1/../../../../arm-none-eabi/include/c++/10.3.1/arm-none-eabi/thumb/v7e-m+dp/hard/bits/gthr-default.h:229:1:int __gthread_key_delete(__gthread_key_t)	16	static
../Core/Src/main.cpp:118:6:void available_devices(int*)	32	static
../Core/Src/main.cpp:145:5:int main()	103952	static,ignoring_inline_asm
../Core/Src/main.cpp:322:6:void SystemClock_Config()	88	static
../Core/Src/main.cpp:380:13:void MX_ADC1_Init()	24	static
../Core/Src/main.cpp:432:13:void MX_ETH_Init()	8	static
../Core/Src/main.cpp:481:13:void MX_I2C1_Init()	8	static
../Core/Src/main.cpp:529:13:void MX_SPI1_Init()	8	static
../Core/Src/main.cpp:569:13:void MX_SPI2_Init()	8	static
../Core/Src/main.cpp:608:13:void MX_SPI3_Init()	8	static
../Core/Src/main.cpp:647:13:void MX_TIM2_Init()	64	static
../Core/Src/main.cpp:706:13:void MX_TIM5_Init()	64	static
../Core/Src/main.cpp:765:13:void MX_TIM6_Init()	24	static
../Core/Src/main.cpp:803:13:void MX_USART3_UART_Init()	8	static
../Core/Src/main.cpp:838:13:void MX_USB_OTG_FS_PCD_Init()	8	static
../Core/Src/main.cpp:871:13:void MX_DMA_Init()	16	static
../Core/Src/main.cpp:898:13:void MX_GPIO_Init()	64	static
../Core/Src/main.cpp:993:6:void Error_Handler()	4	static,ignoring_inline_asm
../Core/Src/main.cpp:1002:1:void __static_initialization_and_destruction_0(int, int)	16	static
../Core/Src/main.cpp:1002:1:cpp)	8	static
../Core/Src/main.cpp:1002:1:cpp)	8	static
