../Core/Src/stm32f7xx_hal_msp.c:72:6:HAL_MspInit	16	static
../Core/Src/stm32f7xx_hal_msp.c:94:6:HAL_ADC_MspInit	48	static
../Core/Src/stm32f7xx_hal_msp.c:127:6:HAL_ADC_MspDeInit	16	static
../Core/Src/stm32f7xx_hal_msp.c:155:6:HAL_ETH_MspInit	64	static
../Core/Src/stm32f7xx_hal_msp.c:222:6:HAL_ETH_MspDeInit	16	static
../Core/Src/stm32f7xx_hal_msp.c:264:6:HAL_I2C_MspInit	192	static
../Core/Src/stm32f7xx_hal_msp.c:310:6:HAL_I2C_MspDeInit	16	static
../Core/Src/stm32f7xx_hal_msp.c:341:6:HAL_SPI_MspInit	80	static
../Core/Src/stm32f7xx_hal_msp.c:498:6:HAL_SPI_MspDeInit	16	static
../Core/Src/stm32f7xx_hal_msp.c:578:6:HAL_TIM_Base_MspInit	32	static
../Core/Src/stm32f7xx_hal_msp.c:668:6:HAL_TIM_MspPostInit	48	static
../Core/Src/stm32f7xx_hal_msp.c:720:6:HAL_TIM_Base_MspDeInit	16	static
../Core/Src/stm32f7xx_hal_msp.c:780:6:HAL_UART_MspInit	192	static
../Core/Src/stm32f7xx_hal_msp.c:827:6:HAL_UART_MspDeInit	16	static
../Core/Src/stm32f7xx_hal_msp.c:856:6:HAL_PCD_MspInit	192	static
../Core/Src/stm32f7xx_hal_msp.c:910:6:HAL_PCD_MspDeInit	16	static
